/root/.local/lib/python3.11/site-packages/torchvision/models/_utils.py:207: UserWarning: The parameter 'pretrained' is deprecated since 0.13 and may be removed in the future, please use 'weights' instead.
  warnings.warn(
/root/.local/lib/python3.11/site-packages/torchvision/models/_utils.py:222: UserWarning: Arguments other than a weight enum or `None` for 'weights' are deprecated since 0.13 and may be removed in the future. The current behavior is equivalent to passing `weights=None`.
  warnings.warn(msg)
extractor pre-check: eWaSR disagrees with the seam on 41% of columns — falling back to the seam
photo 0: HATY3309.JPG  fov 73.7, heading 40.53, pitch +1.30, roll -0.00, weight 1.00
z 14.2 m, box 6000 m at (37.47686,27.41421)
peak witness: 3 crests, median height residual -8 m (spread 26 m)
{
 "status": "ok",
 "reasons": [],
 "lat": 37.47766938944533,
 "lon": 27.417949622646404,
 "fix_ok": true,
 "basin_margin": 2.1259196133703817,
 "relief_mrad": 19.5716756868762,
 "dn_m": 90.0,
 "de_m": 330.0,
 "sigma_n_m": 287.23801525218397,
 "sigma_e_m": 226.35863731427352,
 "sigma_major_m": 293.32751298132126,
 "sigma_minor_m": 218.4098903918536,
 "major_bearing_deg": 162.32188063172947,
 "anisotropy": 1.34301387384544,
 "jackknife": null,
 "subject_km": null,
 "dem_split_m": null,
 "peak_dh_m": -8.227843840545443,
 "peak_dh_mad_m": 25.7671564705491,
 "n_peaks": 3,
 "search_trace": [
  {
   "dn": -3000.0,
   "de": -3000.0,
   "cost": 0.0003938206892014315,
   "stage": "coarse"
  },
  {
   "dn": -3000.0,
   "de": -2700.0,
   "cost": 0.0003671365592029645,
   "stage": "coarse"
  },
  {
   "dn": -3000.0,
   "de": -2400.0,
   "cost": 0.0003457324825183845,
   "stage": "coarse"
  },
  {
   "dn": -3000.0,
   "de": -2100.0,
   "cost": 0.0003331457585160206,
   "stage": "coarse"
  },
  {
   "dn": -2700.0,
   "de": -3000.0,
   "cost": 0.00026551096291867833,
   "stage": "coarse"
  },
  {
   "dn": -2400.0,
   "de": -3000.0,
   "cost": 0.000260335161430036,
   "stage": "coarse"
  },
  {
   "dn": -2100.0,
   "de": -3000.0,
   "cost": 0.00024507288370726176,
   "stage": "coarse"
  },
  {
   "dn": -1800.0,
   "de": 2100.0,
   "cost": 0.00020972480652223422,
   "stage": "coarse"
  },
  {
   "dn": -1800.0,
   "de": 2400.0,
   "cost": 0.0001401477440231996,
   "stage": "coarse"
  },
  {
   "dn": -1800.0,
   "de": 2700.0,
   "cost": 0.00012052683526165547,
   "stage": "coarse"
  },
  {
   "dn": -1500.0,
   "de": 2400.0,
   "cost": 8.257684522001014e-05,
   "stage": "coarse"
  },
  {
   "dn": -1500.0,
   "de": 2700.0,
   "cost": 4.9442540784260036e-05,
   "stage": "coarse"
  },
  {
   "dn": -1200.0,
   "de": 0.0,
   "cost": 3.968969341639113e-05,
   "stage": "coarse"
  },
  {
   "dn": -1200.0,
   "de": 2400.0,
   "cost": 3.362624657019371e-05,
   "stage": "coarse"
  },
  {
   "dn": -1200.0,
   "de": 2700.0,
   "cost": 2.9282491324451774e-05,
   "stage": "coarse"
  },
  {
   "dn": -900.0,
   "de": -300.0,
   "cost": 2.0058211684915734e-05,
   "stage": "coarse"
  },
  {
   "dn": -900.0,
   "de": 0.0,
   "cost": 1.910445955228768e-05,
   "stage": "coarse"
  },
  {
   "dn": -600.0,
   "de": -300.0,
   "cost": 1.7802033959224975e-05,
   "stage": "coarse"
  },
  {
   "dn": -600.0,
   "de": 0.0,
   "cost": 1.152623760850036e-05,
   "stage": "coarse"
  },
  {
   "dn": -600.0,
   "de": 300.0,
   "cost": 8.319021983514572e-06,
   "stage": "coarse"
  },
  {
   "dn": -300.0,
   "de": 300.0,
   "cost": 6.120341910718108e-06,
   "stage": "coarse"
  },
  {
   "dn": 0.0,
   "de": 300.0,
   "cost": 5.1477946944613014e-06,
   "stage": "coarse"
  },
  {
   "dn": 60.0,
   "de": 360.0,
   "cost": 4.944004491725414e-06,
   "stage": "refine_60m"
  },
  {
   "dn": 90.0,
   "de": 330.0,
   "cost": 4.8570404545320975e-06,
   "stage": "refine_15m"
  }
 ],
 "search_evals": 491,
 "cost": 4.8570404545320975e-06,
 "rms_mrad": 3.116742034410964,
 "n_photos": 1,
 "z_m": 14.2,
 "photos": [
  {
   "file": "HATY3309.JPG",
   "fov_deg": 73.74,
   "heading_deg": 40.53,
   "pitch_deg": 1.3,
   "roll_deg": -0.0,
   "weight": 1.0,
   "rms_mrad": 3.116742034410964,
   "heading_offset_deg": 4.4,
   "el_offset_mrad": 10.122909661567109,
   "attitude_source": "prior"
  }
 ],
 "heading_offset_deg": 4.4,
 "el_offset_mrad": 10.122909661567109,
 "fov_deg": 73.74
}
wrote out/theo3/HATY3309_dh16.json/.png
