/root/.local/lib/python3.11/site-packages/torchvision/models/_utils.py:207: UserWarning: The parameter 'pretrained' is deprecated since 0.13 and may be removed in the future, please use 'weights' instead.
  warnings.warn(
/root/.local/lib/python3.11/site-packages/torchvision/models/_utils.py:222: UserWarning: Arguments other than a weight enum or `None` for 'weights' are deprecated since 0.13 and may be removed in the future. The current behavior is equivalent to passing `weights=None`.
  warnings.warn(msg)
extractor pre-check: eWaSR disagrees with the seam on 41% of columns — falling back to the seam
photo 0: HATY3309.JPG  fov 73.7, heading 40.53, pitch +1.30, roll -0.00, weight 1.00
z 14.2 m, box 6000 m at (37.47686,27.41421)
peak witness: 4 crests, median height residual -11 m (spread 16 m)
{
 "status": "ok",
 "reasons": [],
 "lat": 37.48036735426309,
 "lon": 27.417609656951274,
 "fix_ok": true,
 "basin_margin": 2.6400891246806326,
 "relief_mrad": 19.5716756868762,
 "dn_m": 390.0,
 "de_m": 300.0,
 "sigma_n_m": 209.4949317948541,
 "sigma_e_m": 191.05220265638704,
 "sigma_major_m": 209.49668673121806,
 "sigma_minor_m": 191.0502782940387,
 "major_bearing_deg": 179.42841534984356,
 "anisotropy": 1.0965526384043742,
 "jackknife": null,
 "subject_km": null,
 "dem_split_m": null,
 "peak_dh_m": -10.669440047918911,
 "peak_dh_mad_m": 16.268035587543405,
 "n_peaks": 4,
 "search_trace": [
  {
   "dn": -3000.0,
   "de": -3000.0,
   "cost": 0.0003458206892014315,
   "stage": "coarse"
  },
  {
   "dn": -3000.0,
   "de": -2700.0,
   "cost": 0.00031913655920296445,
   "stage": "coarse"
  },
  {
   "dn": -3000.0,
   "de": -2400.0,
   "cost": 0.0002985273281700037,
   "stage": "coarse"
  },
  {
   "dn": -3000.0,
   "de": -2100.0,
   "cost": 0.0002902368819939022,
   "stage": "coarse"
  },
  {
   "dn": -2700.0,
   "de": -3000.0,
   "cost": 0.0002175109629186783,
   "stage": "coarse"
  },
  {
   "dn": -2400.0,
   "de": -3000.0,
   "cost": 0.0002087544371738604,
   "stage": "coarse"
  },
  {
   "dn": -2100.0,
   "de": 2700.0,
   "cost": 0.00020536297878558104,
   "stage": "coarse"
  },
  {
   "dn": -1800.0,
   "de": 2100.0,
   "cost": 0.00016605340493440373,
   "stage": "coarse"
  },
  {
   "dn": -1800.0,
   "de": 2400.0,
   "cost": 9.524130264654257e-05,
   "stage": "coarse"
  },
  {
   "dn": -1800.0,
   "de": 2700.0,
   "cost": 7.896927887534839e-05,
   "stage": "coarse"
  },
  {
   "dn": -1500.0,
   "de": 2400.0,
   "cost": 6.0570670525936774e-05,
   "stage": "coarse"
  },
  {
   "dn": -1500.0,
   "de": 2700.0,
   "cost": 3.5605493060609115e-05,
   "stage": "coarse"
  },
  {
   "dn": -1200.0,
   "de": 0.0,
   "cost": 3.234371228091224e-05,
   "stage": "coarse"
  },
  {
   "dn": -1200.0,
   "de": 2400.0,
   "cost": 2.277994282869639e-05,
   "stage": "coarse"
  },
  {
   "dn": -900.0,
   "de": -300.0,
   "cost": 1.9381283415160182e-05,
   "stage": "coarse"
  },
  {
   "dn": -900.0,
   "de": 0.0,
   "cost": 1.7591072333886305e-05,
   "stage": "coarse"
  },
  {
   "dn": -600.0,
   "de": 0.0,
   "cost": 1.217786532655159e-05,
   "stage": "coarse"
  },
  {
   "dn": -600.0,
   "de": 300.0,
   "cost": 8.517851998276844e-06,
   "stage": "coarse"
  },
  {
   "dn": -300.0,
   "de": 300.0,
   "cost": 7.01740618380636e-06,
   "stage": "coarse"
  },
  {
   "dn": 0.0,
   "de": 300.0,
   "cost": 5.688076465740213e-06,
   "stage": "coarse"
  },
  {
   "dn": 300.0,
   "de": 300.0,
   "cost": 4.536330066831934e-06,
   "stage": "coarse"
  },
  {
   "dn": 420.0,
   "de": 300.0,
   "cost": 4.43595660035089e-06,
   "stage": "refine_60m"
  },
  {
   "dn": 390.0,
   "de": 300.0,
   "cost": 4.355536727726377e-06,
   "stage": "refine_15m"
  }
 ],
 "search_evals": 491,
 "cost": 4.355536727726377e-06,
 "rms_mrad": 2.951452770323922,
 "n_photos": 1,
 "z_m": 14.2,
 "photos": [
  {
   "file": "HATY3309.JPG",
   "fov_deg": 73.74,
   "heading_deg": 40.53,
   "pitch_deg": 1.3,
   "roll_deg": -0.0,
   "weight": 1.0,
   "rms_mrad": 2.951452770323922,
   "heading_offset_deg": 5.6000000000000005,
   "el_offset_mrad": 10.122909661567109,
   "attitude_source": "prior"
  }
 ],
 "heading_offset_deg": 5.6000000000000005,
 "el_offset_mrad": 10.122909661567109,
 "fov_deg": 73.74
}
wrote out/theo3/HATY3309_dh0.json/.png
