/root/.local/lib/python3.11/site-packages/torchvision/models/_utils.py:207: UserWarning: The parameter 'pretrained' is deprecated since 0.13 and may be removed in the future, please use 'weights' instead.
  warnings.warn(
/root/.local/lib/python3.11/site-packages/torchvision/models/_utils.py:222: UserWarning: Arguments other than a weight enum or `None` for 'weights' are deprecated since 0.13 and may be removed in the future. The current behavior is equivalent to passing `weights=None`.
  warnings.warn(msg)
extractor pre-check: eWaSR disagrees with the seam on 41% of columns — falling back to the seam
photo 0: HATY3309.JPG  fov 73.7, heading 40.53, pitch +1.30, roll -0.00, weight 1.00
z 14.2 m, box 6000 m at (37.47686,27.41421)
peak witness: 4 crests, median height residual -9 m (spread 14 m)
{
 "status": "ok",
 "reasons": [],
 "lat": 37.478478778890654,
 "lon": 27.417779639798837,
 "fix_ok": true,
 "basin_margin": 2.7789716327329392,
 "relief_mrad": 19.5716756868762,
 "dn_m": 180.0,
 "de_m": 315.0,
 "sigma_n_m": 249.58762870096626,
 "sigma_e_m": 223.2740253906268,
 "sigma_major_m": 250.6457141802425,
 "sigma_minor_m": 222.08557084552308,
 "major_bearing_deg": 168.58012734204073,
 "anisotropy": 1.1285997249888202,
 "jackknife": null,
 "subject_km": null,
 "dem_split_m": null,
 "peak_dh_m": -9.10248433627076,
 "peak_dh_mad_m": 13.711322905987434,
 "n_peaks": 4,
 "search_trace": [
  {
   "dn": -3000.0,
   "de": -3000.0,
   "cost": 0.00038182068920143155,
   "stage": "coarse"
  },
  {
   "dn": -3000.0,
   "de": -2700.0,
   "cost": 0.00035513655920296446,
   "stage": "coarse"
  },
  {
   "dn": -3000.0,
   "de": -2400.0,
   "cost": 0.00033393119393128925,
   "stage": "coarse"
  },
  {
   "dn": -3000.0,
   "de": -2100.0,
   "cost": 0.000322418539385491,
   "stage": "coarse"
  },
  {
   "dn": -2700.0,
   "de": -3000.0,
   "cost": 0.0002535109629186783,
   "stage": "coarse"
  },
  {
   "dn": -2400.0,
   "de": -3000.0,
   "cost": 0.00024588053092980915,
   "stage": "coarse"
  },
  {
   "dn": -2100.0,
   "de": -3000.0,
   "cost": 0.00023774666311859768,
   "stage": "coarse"
  },
  {
   "dn": -1800.0,
   "de": 2100.0,
   "cost": 0.00019882740914672496,
   "stage": "coarse"
  },
  {
   "dn": -1800.0,
   "de": 2400.0,
   "cost": 0.00012892255901635744,
   "stage": "coarse"
  },
  {
   "dn": -1800.0,
   "de": 2700.0,
   "cost": 0.00010976556725311067,
   "stage": "coarse"
  },
  {
   "dn": -1500.0,
   "de": 2400.0,
   "cost": 7.699799756391157e-05,
   "stage": "coarse"
  },
  {
   "dn": -1500.0,
   "de": 2700.0,
   "cost": 4.5400199175258784e-05,
   "stage": "coarse"
  },
  {
   "dn": -1200.0,
   "de": 0.0,
   "cost": 3.6927182110636806e-05,
   "stage": "coarse"
  },
  {
   "dn": -1200.0,
   "de": 2400.0,
   "cost": 3.01936936677823e-05,
   "stage": "coarse"
  },
  {
   "dn": -1200.0,
   "de": 2700.0,
   "cost": 2.9046068351658917e-05,
   "stage": "coarse"
  },
  {
   "dn": -900.0,
   "de": -300.0,
   "cost": 1.9891521350551777e-05,
   "stage": "coarse"
  },
  {
   "dn": -900.0,
   "de": 0.0,
   "cost": 1.858511730848659e-05,
   "stage": "coarse"
  },
  {
   "dn": -600.0,
   "de": -300.0,
   "cost": 1.7908256067884858e-05,
   "stage": "coarse"
  },
  {
   "dn": -600.0,
   "de": 0.0,
   "cost": 1.154002239830208e-05,
   "stage": "coarse"
  },
  {
   "dn": -600.0,
   "de": 300.0,
   "cost": 8.249243313833186e-06,
   "stage": "coarse"
  },
  {
   "dn": -300.0,
   "de": 300.0,
   "cost": 6.204078124651391e-06,
   "stage": "coarse"
  },
  {
   "dn": 0.0,
   "de": 300.0,
   "cost": 5.114144174943461e-06,
   "stage": "coarse"
  },
  {
   "dn": 300.0,
   "de": 300.0,
   "cost": 4.9180356760301734e-06,
   "stage": "coarse"
  },
  {
   "dn": 180.0,
   "de": 300.0,
   "cost": 4.747934677154119e-06,
   "stage": "refine_60m"
  },
  {
   "dn": 180.0,
   "de": 315.0,
   "cost": 4.659805026191569e-06,
   "stage": "refine_15m"
  }
 ],
 "search_evals": 491,
 "cost": 4.659805026191569e-06,
 "rms_mrad": 3.0528036380322825,
 "n_photos": 1,
 "z_m": 14.2,
 "photos": [
  {
   "file": "HATY3309.JPG",
   "fov_deg": 73.74,
   "heading_deg": 40.53,
   "pitch_deg": 1.3,
   "roll_deg": -0.0,
   "weight": 1.0,
   "rms_mrad": 3.0528036380322825,
   "heading_offset_deg": 4.800000000000001,
   "el_offset_mrad": 10.122909661567109,
   "attitude_source": "prior"
  }
 ],
 "heading_offset_deg": 4.800000000000001,
 "el_offset_mrad": 10.122909661567109,
 "fov_deg": 73.74
}
wrote out/theo3/HATY3309_dh12.json/.png
