/root/.local/lib/python3.11/site-packages/torchvision/models/_utils.py:207: UserWarning: The parameter 'pretrained' is deprecated since 0.13 and may be removed in the future, please use 'weights' instead.
  warnings.warn(
/root/.local/lib/python3.11/site-packages/torchvision/models/_utils.py:222: UserWarning: Arguments other than a weight enum or `None` for 'weights' are deprecated since 0.13 and may be removed in the future. The current behavior is equivalent to passing `weights=None`.
  warnings.warn(msg)
extractor pre-check: eWaSR disagrees with the seam on 41% of columns — falling back to the seam
photo 0: HATY3309.JPG  fov 73.7, heading 40.53, pitch +1.30, roll -0.00, weight 1.00
z 14.2 m, box 6000 m at (37.47686,27.41421)
peak witness: 3 crests, median height residual -4 m (spread 19 m)
{
 "status": "ok",
 "reasons": [],
 "lat": 37.47901837185421,
 "lon": 27.417779639798837,
 "fix_ok": true,
 "basin_margin": 2.935062775581021,
 "relief_mrad": 19.5716756868762,
 "dn_m": 240.0,
 "de_m": 315.0,
 "sigma_n_m": 267.2931384307273,
 "sigma_e_m": 223.35417280574964,
 "sigma_major_m": 270.42732782964504,
 "sigma_minor_m": 219.54901212441456,
 "major_bearing_deg": 164.9294534396652,
 "anisotropy": 1.2317401258740286,
 "jackknife": null,
 "subject_km": null,
 "dem_split_m": null,
 "peak_dh_m": -4.366169225902652,
 "peak_dh_mad_m": 18.576797620101026,
 "n_peaks": 3,
 "search_trace": [
  {
   "dn": -3000.0,
   "de": -3000.0,
   "cost": 0.00036982068920143153,
   "stage": "coarse"
  },
  {
   "dn": -3000.0,
   "de": -2700.0,
   "cost": 0.0003431365592029645,
   "stage": "coarse"
  },
  {
   "dn": -3000.0,
   "de": -2400.0,
   "cost": 0.0003221299053441941,
   "stage": "coarse"
  },
  {
   "dn": -3000.0,
   "de": -2100.0,
   "cost": 0.0003116913202549614,
   "stage": "coarse"
  },
  {
   "dn": -2700.0,
   "de": -3000.0,
   "cost": 0.00024151096291867832,
   "stage": "coarse"
  },
  {
   "dn": -2400.0,
   "de": -3000.0,
   "cost": 0.00023334862046312606,
   "stage": "coarse"
  },
  {
   "dn": -2100.0,
   "de": -3000.0,
   "cost": 0.00023116901824306457,
   "stage": "coarse"
  },
  {
   "dn": -2100.0,
   "de": 2700.0,
   "cost": 0.00022936297878558106,
   "stage": "coarse"
  },
  {
   "dn": -1800.0,
   "de": 2100.0,
   "cost": 0.0001879300117712157,
   "stage": "coarse"
  },
  {
   "dn": -1800.0,
   "de": 2400.0,
   "cost": 0.00011769737400951529,
   "stage": "coarse"
  },
  {
   "dn": -1800.0,
   "de": 2700.0,
   "cost": 9.90130258596108e-05,
   "stage": "coarse"
  },
  {
   "dn": -1500.0,
   "de": 2400.0,
   "cost": 7.142970938614822e-05,
   "stage": "coarse"
  },
  {
   "dn": -1500.0,
   "de": 2700.0,
   "cost": 4.186221211421249e-05,
   "stage": "coarse"
  },
  {
   "dn": -1200.0,
   "de": 0.0,
   "cost": 3.514377098041268e-05,
   "stage": "coarse"
  },
  {
   "dn": -1200.0,
   "de": 2400.0,
   "cost": 2.7177182914981685e-05,
   "stage": "coarse"
  },
  {
   "dn": -900.0,
   "de": -300.0,
   "cost": 1.975769779450779e-05,
   "stage": "coarse"
  },
  {
   "dn": -900.0,
   "de": 0.0,
   "cost": 1.8157073685964986e-05,
   "stage": "coarse"
  },
  {
   "dn": -600.0,
   "de": -300.0,
   "cost": 1.8097096390206855e-05,
   "stage": "coarse"
  },
  {
   "dn": -600.0,
   "de": 0.0,
   "cost": 1.1677574390833442e-05,
   "stage": "coarse"
  },
  {
   "dn": -600.0,
   "de": 300.0,
   "cost": 8.285251638916437e-06,
   "stage": "coarse"
  },
  {
   "dn": -300.0,
   "de": 300.0,
   "cost": 6.359122130483131e-06,
   "stage": "coarse"
  },
  {
   "dn": 0.0,
   "de": 300.0,
   "cost": 5.2056940977661e-06,
   "stage": "coarse"
  },
  {
   "dn": 300.0,
   "de": 300.0,
   "cost": 4.6141763731543145e-06,
   "stage": "coarse"
  },
  {
   "dn": 240.0,
   "de": 300.0,
   "cost": 4.599581158101903e-06,
   "stage": "refine_60m"
  },
  {
   "dn": 240.0,
   "de": 315.0,
   "cost": 4.51613149277491e-06,
   "stage": "refine_15m"
  }
 ],
 "search_evals": 491,
 "cost": 4.51613149277491e-06,
 "rms_mrad": 3.00537235389391,
 "n_photos": 1,
 "z_m": 14.2,
 "photos": [
  {
   "file": "HATY3309.JPG",
   "fov_deg": 73.74,
   "heading_deg": 40.53,
   "pitch_deg": 1.3,
   "roll_deg": -0.0,
   "weight": 1.0,
   "rms_mrad": 3.00537235389391,
   "heading_offset_deg": 5.0,
   "el_offset_mrad": 10.122909661567109,
   "attitude_source": "prior"
  }
 ],
 "heading_offset_deg": 5.0,
 "el_offset_mrad": 10.122909661567109,
 "fov_deg": 73.74
}
wrote out/theo3/HATY3309_dh8.json/.png
