/root/.local/lib/python3.11/site-packages/torchvision/models/_utils.py:207: UserWarning: The parameter 'pretrained' is deprecated since 0.13 and may be removed in the future, please use 'weights' instead.
  warnings.warn(
/root/.local/lib/python3.11/site-packages/torchvision/models/_utils.py:222: UserWarning: Arguments other than a weight enum or `None` for 'weights' are deprecated since 0.13 and may be removed in the future. The current behavior is equivalent to passing `weights=None`.
  warnings.warn(msg)
photo 0: LHCG7767.JPG  fov 41.1, heading 228.75, pitch -0.10, roll -0.40, weight 1.00
z 2.5 m, box 6000 m at (40.90622,29.13945)
peak witness: 3 crests, median height residual +2 m (spread 2 m)
{
 "status": "ok",
 "reasons": [],
 "lat": 40.90365693342313,
 "lon": 29.142841275879164,
 "fix_ok": true,
 "basin_margin": 1.6636969695329347,
 "relief_mrad": 9.784409315061888,
 "dn_m": -285.0,
 "de_m": 285.0,
 "sigma_n_m": 299.22809596756434,
 "sigma_e_m": 308.0696441172984,
 "sigma_major_m": 309.42623071630345,
 "sigma_minor_m": 297.82506071120633,
 "major_bearing_deg": 110.1714492361134,
 "anisotropy": 1.0389529678173943,
 "jackknife": null,
 "subject_km": null,
 "dem_split_m": null,
 "peak_dh_m": 2.4960304579749324,
 "peak_dh_mad_m": 2.3774617895232484,
 "n_peaks": 3,
 "search_trace": [
  {
   "dn": -3000.0,
   "de": -3000.0,
   "cost": 0.00031947192658434966,
   "stage": "coarse"
  },
  {
   "dn": -3000.0,
   "de": -2700.0,
   "cost": 0.0002272153709103078,
   "stage": "coarse"
  },
  {
   "dn": -3000.0,
   "de": -2400.0,
   "cost": 5.831451739385583e-05,
   "stage": "coarse"
  },
  {
   "dn": -3000.0,
   "de": -2100.0,
   "cost": 4.25510684055282e-05,
   "stage": "coarse"
  },
  {
   "dn": -3000.0,
   "de": -1800.0,
   "cost": 3.521249140859223e-05,
   "stage": "coarse"
  },
  {
   "dn": -3000.0,
   "de": -1500.0,
   "cost": 3.03914260524656e-05,
   "stage": "coarse"
  },
  {
   "dn": -2700.0,
   "de": 3000.0,
   "cost": 2.983798409163273e-05,
   "stage": "coarse"
  },
  {
   "dn": -2400.0,
   "de": 2700.0,
   "cost": 2.8828390339155152e-05,
   "stage": "coarse"
  },
  {
   "dn": -2400.0,
   "de": 3000.0,
   "cost": 2.5654177100253505e-05,
   "stage": "coarse"
  },
  {
   "dn": -2100.0,
   "de": 2700.0,
   "cost": 2.4835763694409322e-05,
   "stage": "coarse"
  },
  {
   "dn": -2100.0,
   "de": 3000.0,
   "cost": 2.223734652096953e-05,
   "stage": "coarse"
  },
  {
   "dn": -1800.0,
   "de": -600.0,
   "cost": 1.9990903692744083e-05,
   "stage": "coarse"
  },
  {
   "dn": -1500.0,
   "de": -300.0,
   "cost": 1.4872075453830578e-05,
   "stage": "coarse"
  },
  {
   "dn": -1500.0,
   "de": 0.0,
   "cost": 1.4556132049369204e-05,
   "stage": "coarse"
  },
  {
   "dn": -1200.0,
   "de": -300.0,
   "cost": 1.3695907815711346e-05,
   "stage": "coarse"
  },
  {
   "dn": -1200.0,
   "de": 0.0,
   "cost": 9.061495245580907e-06,
   "stage": "coarse"
  },
  {
   "dn": -1200.0,
   "de": 300.0,
   "cost": 8.813878058840567e-06,
   "stage": "coarse"
  },
  {
   "dn": -900.0,
   "de": 0.0,
   "cost": 7.183152916018474e-06,
   "stage": "coarse"
  },
  {
   "dn": -900.0,
   "de": 300.0,
   "cost": 4.756042671141951e-06,
   "stage": "coarse"
  },
  {
   "dn": -600.0,
   "de": 300.0,
   "cost": 3.1951529262568035e-06,
   "stage": "coarse"
  },
  {
   "dn": -300.0,
   "de": 300.0,
   "cost": 2.5278742153922624e-06,
   "stage": "coarse"
  },
  {
   "dn": -300.0,
   "de": 300.0,
   "cost": 2.5278742153922624e-06,
   "stage": "refine_60m"
  },
  {
   "dn": -285.0,
   "de": 285.0,
   "cost": 2.4999475199323127e-06,
   "stage": "refine_15m"
  }
 ],
 "search_evals": 491,
 "cost": 2.4999475199323127e-06,
 "rms_mrad": 2.2360445075768562,
 "n_photos": 1,
 "z_m": 2.5,
 "photos": [
  {
   "file": "LHCG7767.JPG",
   "fov_deg": 41.112,
   "heading_deg": 228.75,
   "pitch_deg": -0.1,
   "roll_deg": -0.4,
   "weight": 1.0,
   "rms_mrad": 2.2360445075768562,
   "heading_offset_deg": 4.6000000000000005,
   "el_offset_mrad": 10.122909661567109,
   "attitude_source": "prior"
  }
 ],
 "heading_offset_deg": 4.6000000000000005,
 "el_offset_mrad": 10.122909661567109,
 "fov_deg": 41.112
}
wrote out/theo3/LHCG7767_dh8.json/.png
