/root/.local/lib/python3.11/site-packages/torchvision/models/_utils.py:207: UserWarning: The parameter 'pretrained' is deprecated since 0.13 and may be removed in the future, please use 'weights' instead.
  warnings.warn(
/root/.local/lib/python3.11/site-packages/torchvision/models/_utils.py:222: UserWarning: Arguments other than a weight enum or `None` for 'weights' are deprecated since 0.13 and may be removed in the future. The current behavior is equivalent to passing `weights=None`.
  warnings.warn(msg)
photo 0: LHCG7767.JPG  fov 41.1, heading 228.75, pitch -0.10, roll -0.40, weight 1.00
z 2.5 m, box 6000 m at (40.90622,29.13945)
peak witness: 3 crests, median height residual +9 m (spread 2 m)
{
 "status": "ok",
 "reasons": [],
 "lat": 40.90473611935023,
 "lon": 29.143198252287497,
 "fix_ok": true,
 "basin_margin": 0.9643461332832743,
 "relief_mrad": 9.784409315061888,
 "dn_m": -165.0,
 "de_m": 315.0,
 "sigma_n_m": 304.6682876122449,
 "sigma_e_m": 309.74130486481516,
 "sigma_major_m": 335.02124723130754,
 "sigma_minor_m": 276.6282800429397,
 "major_bearing_deg": 132.49673642812985,
 "anisotropy": 1.2110882053682428,
 "jackknife": null,
 "subject_km": null,
 "dem_split_m": null,
 "peak_dh_m": 9.08382420133785,
 "peak_dh_mad_m": 2.0146922052155922,
 "n_peaks": 3,
 "search_trace": [
  {
   "dn": -3000.0,
   "de": -3000.0,
   "cost": 0.000331175422331641,
   "stage": "coarse"
  },
  {
   "dn": -3000.0,
   "de": -2700.0,
   "cost": 0.00023707153685955743,
   "stage": "coarse"
  },
  {
   "dn": -3000.0,
   "de": -2400.0,
   "cost": 6.002405610708721e-05,
   "stage": "coarse"
  },
  {
   "dn": -3000.0,
   "de": -2100.0,
   "cost": 4.2488556743260316e-05,
   "stage": "coarse"
  },
  {
   "dn": -3000.0,
   "de": -1800.0,
   "cost": 3.519370701782245e-05,
   "stage": "coarse"
  },
  {
   "dn": -3000.0,
   "de": -1500.0,
   "cost": 3.0370886296931092e-05,
   "stage": "coarse"
  },
  {
   "dn": -2400.0,
   "de": 3000.0,
   "cost": 2.78471258156348e-05,
   "stage": "coarse"
  },
  {
   "dn": -2100.0,
   "de": 2700.0,
   "cost": 2.662811376998562e-05,
   "stage": "coarse"
  },
  {
   "dn": -2100.0,
   "de": 3000.0,
   "cost": 2.4077076445571105e-05,
   "stage": "coarse"
  },
  {
   "dn": -1800.0,
   "de": -600.0,
   "cost": 2.2338604610378787e-05,
   "stage": "coarse"
  },
  {
   "dn": -1800.0,
   "de": -300.0,
   "cost": 2.2288349623600603e-05,
   "stage": "coarse"
  },
  {
   "dn": -1800.0,
   "de": 3000.0,
   "cost": 2.1989465543369702e-05,
   "stage": "coarse"
  },
  {
   "dn": -1500.0,
   "de": -300.0,
   "cost": 1.676108158390867e-05,
   "stage": "coarse"
  },
  {
   "dn": -1500.0,
   "de": 0.0,
   "cost": 1.583152078796961e-05,
   "stage": "coarse"
  },
  {
   "dn": -1200.0,
   "de": -300.0,
   "cost": 1.569009508076335e-05,
   "stage": "coarse"
  },
  {
   "dn": -1200.0,
   "de": 0.0,
   "cost": 1.0919541638734889e-05,
   "stage": "coarse"
  },
  {
   "dn": -1200.0,
   "de": 300.0,
   "cost": 9.801237874576644e-06,
   "stage": "coarse"
  },
  {
   "dn": -900.0,
   "de": 0.0,
   "cost": 9.109356281730166e-06,
   "stage": "coarse"
  },
  {
   "dn": -900.0,
   "de": 300.0,
   "cost": 6.024609148054622e-06,
   "stage": "coarse"
  },
  {
   "dn": -900.0,
   "de": 600.0,
   "cost": 5.958496493585939e-06,
   "stage": "coarse"
  },
  {
   "dn": -600.0,
   "de": 300.0,
   "cost": 4.406131199382862e-06,
   "stage": "coarse"
  },
  {
   "dn": -300.0,
   "de": 300.0,
   "cost": 3.3747892133408787e-06,
   "stage": "coarse"
  },
  {
   "dn": -180.0,
   "de": 300.0,
   "cost": 3.292706979822785e-06,
   "stage": "refine_60m"
  },
  {
   "dn": -165.0,
   "de": 315.0,
   "cost": 3.2780434709728086e-06,
   "stage": "refine_15m"
  }
 ],
 "search_evals": 491,
 "cost": 3.2780434709728086e-06,
 "rms_mrad": 2.5604856847765456,
 "n_photos": 1,
 "z_m": 2.5,
 "photos": [
  {
   "file": "LHCG7767.JPG",
   "fov_deg": 41.112,
   "heading_deg": 228.75,
   "pitch_deg": -0.1,
   "roll_deg": -0.4,
   "weight": 1.0,
   "rms_mrad": 2.5604856847765456,
   "heading_offset_deg": 3.8000000000000003,
   "el_offset_mrad": 10.122909661567109,
   "attitude_source": "prior"
  }
 ],
 "heading_offset_deg": 3.8000000000000003,
 "el_offset_mrad": 10.122909661567109,
 "fov_deg": 41.112
}
wrote out/theo3/LHCG7767_dh12.json/.png
