/root/.local/lib/python3.11/site-packages/torchvision/models/_utils.py:207: UserWarning: The parameter 'pretrained' is deprecated since 0.13 and may be removed in the future, please use 'weights' instead.
  warnings.warn(
/root/.local/lib/python3.11/site-packages/torchvision/models/_utils.py:222: UserWarning: Arguments other than a weight enum or `None` for 'weights' are deprecated since 0.13 and may be removed in the future. The current behavior is equivalent to passing `weights=None`.
  warnings.warn(msg)
extractor pre-check: eWaSR disagrees with the seam on 26% of columns — falling back to the seam
photo 0: PQBC6867.JPG  fov 20.4, heading 22.49, pitch -0.70, roll -1.30, weight 1.00
z 1.3 m, box 6000 m at (38.80615,26.97266)
{
 "status": "ok",
 "reasons": [],
 "lat": 38.801428561568926,
 "lon": 26.969544050267608,
 "fix_ok": true,
 "basin_margin": 1.0838861963968123,
 "relief_mrad": 3.7341976662518457,
 "dn_m": -525.0,
 "de_m": -270.0,
 "sigma_n_m": 130.74751629570673,
 "sigma_e_m": 81.06179243275055,
 "sigma_major_m": 133.8258429736356,
 "sigma_minor_m": 75.87206971147067,
 "major_bearing_deg": 15.003403411772382,
 "anisotropy": 1.7638354071867794,
 "jackknife": null,
 "subject_km": null,
 "dem_split_m": null,
 "peak_dh_m": null,
 "peak_dh_mad_m": null,
 "n_peaks": 0,
 "search_trace": [
  {
   "dn": -3000.0,
   "de": -3000.0,
   "cost": 1.449996826980978e-05,
   "stage": "coarse"
  },
  {
   "dn": -3000.0,
   "de": -2700.0,
   "cost": 1.376454605978897e-05,
   "stage": "coarse"
  },
  {
   "dn": -2700.0,
   "de": -3000.0,
   "cost": 8.073694642548506e-06,
   "stage": "coarse"
  },
  {
   "dn": -2700.0,
   "de": -2700.0,
   "cost": 5.628139168700537e-06,
   "stage": "coarse"
  },
  {
   "dn": -2400.0,
   "de": -3000.0,
   "cost": 4.825851226287839e-06,
   "stage": "coarse"
  },
  {
   "dn": -1800.0,
   "de": -1200.0,
   "cost": 3.3081118389907034e-06,
   "stage": "coarse"
  },
  {
   "dn": -1500.0,
   "de": -1200.0,
   "cost": 3.302241167522843e-06,
   "stage": "coarse"
  },
  {
   "dn": -1500.0,
   "de": -900.0,
   "cost": 2.24950983089388e-06,
   "stage": "coarse"
  },
  {
   "dn": -1200.0,
   "de": -600.0,
   "cost": 1.3722572603335177e-06,
   "stage": "coarse"
  },
  {
   "dn": -600.0,
   "de": -300.0,
   "cost": 7.336871721561152e-07,
   "stage": "coarse"
  },
  {
   "dn": -540.0,
   "de": -240.0,
   "cost": 7.319322799791247e-07,
   "stage": "refine_60m"
  },
  {
   "dn": -525.0,
   "de": -270.0,
   "cost": 6.696621066908662e-07,
   "stage": "refine_15m"
  }
 ],
 "search_evals": 491,
 "cost": 6.696621066908662e-07,
 "rms_mrad": 1.1572917581067155,
 "n_photos": 1,
 "z_m": 1.3,
 "photos": [
  {
   "file": "PQBC6867.JPG",
   "fov_deg": 20.408,
   "heading_deg": 22.49,
   "pitch_deg": -0.7,
   "roll_deg": -1.3,
   "weight": 1.0,
   "rms_mrad": 1.1572917581067155,
   "heading_offset_deg": -2.8000000000000003,
   "el_offset_mrad": 4.049163864626842,
   "attitude_source": "prior"
  }
 ],
 "heading_offset_deg": -2.8000000000000003,
 "el_offset_mrad": 4.049163864626842,
 "fov_deg": 20.408
}
wrote out/theo3/PQBC6867_dh16.json/.png
