/root/.local/lib/python3.11/site-packages/torchvision/models/_utils.py:207: UserWarning: The parameter 'pretrained' is deprecated since 0.13 and may be removed in the future, please use 'weights' instead.
  warnings.warn(
/root/.local/lib/python3.11/site-packages/torchvision/models/_utils.py:222: UserWarning: Arguments other than a weight enum or `None` for 'weights' are deprecated since 0.13 and may be removed in the future. The current behavior is equivalent to passing `weights=None`.
  warnings.warn(msg)
extractor pre-check: eWaSR disagrees with the seam on 26% of columns — falling back to the seam
photo 0: PQBC6867.JPG  fov 20.4, heading 22.49, pitch -0.70, roll -1.30, weight 1.00
z 1.3 m, box 6000 m at (38.80615,26.97266)
INCONCLUSIVE: covariance degenerate: the cost surface has no measurable curvature at the fix (sigma cannot be computed) — the landscape does not pin a position here
{
 "status": "inconclusive",
 "reasons": [
  "covariance degenerate: the cost surface has no measurable curvature at the fix (sigma cannot be computed) \u2014 the landscape does not pin a position here"
 ],
 "lat": 38.804801017591124,
 "lon": 26.97092891681534,
 "fix_ok": false,
 "basin_margin": 0.45061519483653173,
 "relief_mrad": 3.7341976662518457,
 "dn_m": -150.0,
 "de_m": -150.0,
 "sigma_n_m": 0.0,
 "sigma_e_m": 141.55396431585393,
 "sigma_major_m": 188.40617014882346,
 "sigma_minor_m": 0.0,
 "major_bearing_deg": 118.48528170830406,
 "anisotropy": Infinity,
 "jackknife": null,
 "subject_km": null,
 "dem_split_m": null,
 "peak_dh_m": null,
 "peak_dh_mad_m": null,
 "n_peaks": 0,
 "search_trace": [
  {
   "dn": -3000.0,
   "de": -3000.0,
   "cost": 6.6903132744366216e-06,
   "stage": "coarse"
  },
  {
   "dn": -3000.0,
   "de": -2700.0,
   "cost": 6.6394975221806686e-06,
   "stage": "coarse"
  },
  {
   "dn": -2700.0,
   "de": -3000.0,
   "cost": 4.693932611476514e-06,
   "stage": "coarse"
  },
  {
   "dn": -2700.0,
   "de": -2700.0,
   "cost": 3.0806721705010514e-06,
   "stage": "coarse"
  },
  {
   "dn": -1800.0,
   "de": -1200.0,
   "cost": 2.386036128104208e-06,
   "stage": "coarse"
  },
  {
   "dn": -1500.0,
   "de": -900.0,
   "cost": 2.3267061635976653e-06,
   "stage": "coarse"
  },
  {
   "dn": -1200.0,
   "de": -600.0,
   "cost": 1.4506421359696558e-06,
   "stage": "coarse"
  },
  {
   "dn": -600.0,
   "de": -300.0,
   "cost": 1.1129693400626145e-06,
   "stage": "coarse"
  },
  {
   "dn": 0.0,
   "de": 0.0,
   "cost": 1.0000185722121345e-06,
   "stage": "coarse"
  },
  {
   "dn": -120.0,
   "de": -120.0,
   "cost": 8.971442638013189e-07,
   "stage": "refine_60m"
  },
  {
   "dn": -150.0,
   "de": -150.0,
   "cost": 8.027466070262239e-07,
   "stage": "refine_15m"
  }
 ],
 "search_evals": 491,
 "cost": 8.027466070262239e-07,
 "rms_mrad": 1.2670805870395332,
 "n_photos": 1,
 "z_m": 1.3,
 "photos": [
  {
   "file": "PQBC6867.JPG",
   "fov_deg": 20.408,
   "heading_deg": 22.49,
   "pitch_deg": -0.7,
   "roll_deg": -1.3,
   "weight": 1.0,
   "rms_mrad": 1.2670805870395332,
   "heading_offset_deg": -2.0,
   "el_offset_mrad": 4.049163864626842,
   "attitude_source": "prior"
  }
 ],
 "heading_offset_deg": -2.0,
 "el_offset_mrad": 4.049163864626842,
 "fov_deg": 20.408
}
wrote out/theo3/PQBC6867_dh12.json/.png
