/root/.local/lib/python3.11/site-packages/torchvision/models/_utils.py:207: UserWarning: The parameter 'pretrained' is deprecated since 0.13 and may be removed in the future, please use 'weights' instead.
  warnings.warn(
/root/.local/lib/python3.11/site-packages/torchvision/models/_utils.py:222: UserWarning: Arguments other than a weight enum or `None` for 'weights' are deprecated since 0.13 and may be removed in the future. The current behavior is equivalent to passing `weights=None`.
  warnings.warn(msg)
extractor pre-check: eWaSR disagrees with the seam on 26% of columns — falling back to the seam
photo 0: XKYU3498.JPG  fov 73.7, heading 355.31, pitch -0.10, roll -0.80, weight 1.00
z 14.2 m, box 6000 m at (37.47686,27.41421)
peak witness: 4 crests, median height residual +1 m (spread 1 m)
{
 "status": "ok",
 "reasons": [],
 "lat": 37.47739959296355,
 "lon": 27.41828958834153,
 "fix_ok": true,
 "basin_margin": 0.5446293329606063,
 "relief_mrad": 11.271188068445396,
 "dn_m": 60.0,
 "de_m": 360.0,
 "sigma_n_m": 417.19777741184237,
 "sigma_e_m": 177.92700280103747,
 "sigma_major_m": 425.33367415440665,
 "sigma_minor_m": 157.4905375997383,
 "major_bearing_deg": 12.095955725295909,
 "anisotropy": 2.7006935187140626,
 "jackknife": null,
 "subject_km": null,
 "dem_split_m": null,
 "peak_dh_m": 0.9388054720782353,
 "peak_dh_mad_m": 0.8971369232802121,
 "n_peaks": 4,
 "search_trace": [
  {
   "dn": -3000.0,
   "de": -3000.0,
   "cost": 0.00032041500619348426,
   "stage": "coarse"
  },
  {
   "dn": -2700.0,
   "de": -3000.0,
   "cost": 0.0002557977072716689,
   "stage": "coarse"
  },
  {
   "dn": -2400.0,
   "de": -3000.0,
   "cost": 0.0002432593942818822,
   "stage": "coarse"
  },
  {
   "dn": -2100.0,
   "de": 2700.0,
   "cost": 0.00024295628129167554,
   "stage": "coarse"
  },
  {
   "dn": -2100.0,
   "de": 3000.0,
   "cost": 0.00018987139342899938,
   "stage": "coarse"
  },
  {
   "dn": -1800.0,
   "de": 2700.0,
   "cost": 0.0001300521340407672,
   "stage": "coarse"
  },
  {
   "dn": -1800.0,
   "de": 3000.0,
   "cost": 0.000104035169264948,
   "stage": "coarse"
  },
  {
   "dn": -1500.0,
   "de": 3000.0,
   "cost": 6.067107489202181e-05,
   "stage": "coarse"
  },
  {
   "dn": -1200.0,
   "de": 300.0,
   "cost": 4.622935682060456e-05,
   "stage": "coarse"
  },
  {
   "dn": -1200.0,
   "de": 600.0,
   "cost": 3.261384808269319e-05,
   "stage": "coarse"
  },
  {
   "dn": -1200.0,
   "de": 900.0,
   "cost": 2.7443519577986705e-05,
   "stage": "coarse"
  },
  {
   "dn": -900.0,
   "de": 0.0,
   "cost": 2.358726168222258e-05,
   "stage": "coarse"
  },
  {
   "dn": -900.0,
   "de": 300.0,
   "cost": 1.563655860310597e-05,
   "stage": "coarse"
  },
  {
   "dn": -900.0,
   "de": 600.0,
   "cost": 1.5127406335519525e-05,
   "stage": "coarse"
  },
  {
   "dn": -600.0,
   "de": 300.0,
   "cost": 1.3337515509251299e-05,
   "stage": "coarse"
  },
  {
   "dn": -600.0,
   "de": 600.0,
   "cost": 1.3033121171634296e-05,
   "stage": "coarse"
  },
  {
   "dn": -300.0,
   "de": 300.0,
   "cost": 1.1149665361261324e-05,
   "stage": "coarse"
  },
  {
   "dn": 0.0,
   "de": 300.0,
   "cost": 9.856637351942784e-06,
   "stage": "coarse"
  },
  {
   "dn": 60.0,
   "de": 360.0,
   "cost": 8.75442267747613e-06,
   "stage": "refine_60m"
  },
  {
   "dn": 60.0,
   "de": 360.0,
   "cost": 8.75442267747613e-06,
   "stage": "refine_15m"
  }
 ],
 "search_evals": 491,
 "cost": 8.75442267747613e-06,
 "rms_mrad": 4.184357221241067,
 "n_photos": 1,
 "z_m": 14.2,
 "photos": [
  {
   "file": "XKYU3498.JPG",
   "fov_deg": 73.74,
   "heading_deg": 355.31,
   "pitch_deg": -0.1,
   "roll_deg": -0.8,
   "weight": 1.0,
   "rms_mrad": 4.184357221241067,
   "heading_offset_deg": 12.0,
   "el_offset_mrad": 10.122909661567109,
   "attitude_source": "prior"
  }
 ],
 "heading_offset_deg": 12.0,
 "el_offset_mrad": 10.122909661567109,
 "fov_deg": 73.74
}
wrote out/theo3/XKYU3498_dh16.json/.png
