/root/.local/lib/python3.11/site-packages/torchvision/models/_utils.py:207: UserWarning: The parameter 'pretrained' is deprecated since 0.13 and may be removed in the future, please use 'weights' instead.
  warnings.warn(
/root/.local/lib/python3.11/site-packages/torchvision/models/_utils.py:222: UserWarning: Arguments other than a weight enum or `None` for 'weights' are deprecated since 0.13 and may be removed in the future. The current behavior is equivalent to passing `weights=None`.
  warnings.warn(msg)
extractor pre-check: eWaSR disagrees with the seam on 26% of columns — falling back to the seam
photo 0: XKYU3498.JPG  fov 73.7, heading 355.31, pitch -0.10, roll -0.80, weight 1.00
z 14.2 m, box 6000 m at (37.47686,27.41421)
peak witness: 4 crests, median height residual +0 m (spread 3 m)
{
 "status": "ok",
 "reasons": [],
 "lat": 37.47982776129953,
 "lon": 27.41930948542691,
 "fix_ok": true,
 "basin_margin": 0.520160772806094,
 "relief_mrad": 11.271188068445396,
 "dn_m": 330.0,
 "de_m": 450.0,
 "sigma_n_m": 364.2189922780627,
 "sigma_e_m": 438.127976384755,
 "sigma_major_m": 447.56872912457186,
 "sigma_minor_m": 352.5533019798049,
 "major_bearing_deg": 70.63147933708211,
 "anisotropy": 1.2695065586145315,
 "jackknife": null,
 "subject_km": null,
 "dem_split_m": null,
 "peak_dh_m": 0.07903756307916898,
 "peak_dh_mad_m": 2.970725084557218,
 "n_peaks": 4,
 "search_trace": [
  {
   "dn": -3000.0,
   "de": -3000.0,
   "cost": 0.0002724150061934842,
   "stage": "coarse"
  },
  {
   "dn": -2700.0,
   "de": -3000.0,
   "cost": 0.00020779770727166893,
   "stage": "coarse"
  },
  {
   "dn": -2400.0,
   "de": -3000.0,
   "cost": 0.0002043386099320563,
   "stage": "coarse"
  },
  {
   "dn": -2100.0,
   "de": 2700.0,
   "cost": 0.0001949562812916755,
   "stage": "coarse"
  },
  {
   "dn": -2100.0,
   "de": 3000.0,
   "cost": 0.00014281830050688957,
   "stage": "coarse"
  },
  {
   "dn": -1800.0,
   "de": 2700.0,
   "cost": 9.633208259802594e-05,
   "stage": "coarse"
  },
  {
   "dn": -1800.0,
   "de": 3000.0,
   "cost": 6.903305496787731e-05,
   "stage": "coarse"
  },
  {
   "dn": -1500.0,
   "de": 3000.0,
   "cost": 5.0496439770317546e-05,
   "stage": "coarse"
  },
  {
   "dn": -1200.0,
   "de": 300.0,
   "cost": 3.536665085952841e-05,
   "stage": "coarse"
  },
  {
   "dn": -1200.0,
   "de": 600.0,
   "cost": 2.8628437316498485e-05,
   "stage": "coarse"
  },
  {
   "dn": -1200.0,
   "de": 900.0,
   "cost": 2.5135320236280092e-05,
   "stage": "coarse"
  },
  {
   "dn": -900.0,
   "de": 0.0,
   "cost": 2.2127373540132297e-05,
   "stage": "coarse"
  },
  {
   "dn": -900.0,
   "de": 300.0,
   "cost": 1.675132825171105e-05,
   "stage": "coarse"
  },
  {
   "dn": -900.0,
   "de": 600.0,
   "cost": 1.6356957245882936e-05,
   "stage": "coarse"
  },
  {
   "dn": -600.0,
   "de": 300.0,
   "cost": 1.4547629794206132e-05,
   "stage": "coarse"
  },
  {
   "dn": -600.0,
   "de": 600.0,
   "cost": 1.4290673211119269e-05,
   "stage": "coarse"
  },
  {
   "dn": -300.0,
   "de": 300.0,
   "cost": 1.2329023858825548e-05,
   "stage": "coarse"
  },
  {
   "dn": 0.0,
   "de": 300.0,
   "cost": 1.1108209600306371e-05,
   "stage": "coarse"
  },
  {
   "dn": 300.0,
   "de": 600.0,
   "cost": 1.0760017978683475e-05,
   "stage": "coarse"
  },
  {
   "dn": 300.0,
   "de": 480.0,
   "cost": 9.876506476469202e-06,
   "stage": "refine_60m"
  },
  {
   "dn": 330.0,
   "de": 450.0,
   "cost": 9.642037968311385e-06,
   "stage": "refine_15m"
  }
 ],
 "search_evals": 491,
 "cost": 9.642037968311385e-06,
 "rms_mrad": 4.391363790056885,
 "n_photos": 1,
 "z_m": 14.2,
 "photos": [
  {
   "file": "XKYU3498.JPG",
   "fov_deg": 73.74,
   "heading_deg": 355.31,
   "pitch_deg": -0.1,
   "roll_deg": -0.8,
   "weight": 1.0,
   "rms_mrad": 4.391363790056885,
   "heading_offset_deg": 11.8,
   "el_offset_mrad": 10.122909661567109,
   "attitude_source": "prior"
  }
 ],
 "heading_offset_deg": 11.8,
 "el_offset_mrad": 10.122909661567109,
 "fov_deg": 73.74
}
wrote out/theo3/XKYU3498_dh0.json/.png
