/root/.local/lib/python3.11/site-packages/torchvision/models/_utils.py:207: UserWarning: The parameter 'pretrained' is deprecated since 0.13 and may be removed in the future, please use 'weights' instead.
  warnings.warn(
/root/.local/lib/python3.11/site-packages/torchvision/models/_utils.py:222: UserWarning: Arguments other than a weight enum or `None` for 'weights' are deprecated since 0.13 and may be removed in the future. The current behavior is equivalent to passing `weights=None`.
  warnings.warn(msg)
extractor pre-check: eWaSR disagrees with the seam on 26% of columns — falling back to the seam
photo 0: XKYU3498.JPG  fov 73.7, heading 355.31, pitch -0.10, roll -0.80, weight 1.00
z 14.2 m, box 6000 m at (37.47686,27.41421)
peak witness: 4 crests, median height residual +2 m (spread 1 m)
{
 "status": "ok",
 "reasons": [],
 "lat": 37.47766938944533,
 "lon": 27.41828958834153,
 "fix_ok": true,
 "basin_margin": 0.544487102682286,
 "relief_mrad": 11.271188068445396,
 "dn_m": 90.0,
 "de_m": 360.0,
 "sigma_n_m": 497.0171632810556,
 "sigma_e_m": 165.8359334215452,
 "sigma_major_m": 504.4463397700534,
 "sigma_minor_m": 141.63865186571968,
 "major_bearing_deg": 10.262475053248949,
 "anisotropy": 3.561501984982835,
 "jackknife": null,
 "subject_km": null,
 "dem_split_m": null,
 "peak_dh_m": 1.5259704739161957,
 "peak_dh_mad_m": 0.6880535885953178,
 "n_peaks": 4,
 "search_trace": [
  {
   "dn": -3000.0,
   "de": -3000.0,
   "cost": 0.0003084150061934842,
   "stage": "coarse"
  },
  {
   "dn": -2700.0,
   "de": -3000.0,
   "cost": 0.00024379770727166888,
   "stage": "coarse"
  },
  {
   "dn": -2400.0,
   "de": -3000.0,
   "cost": 0.0002323919462260377,
   "stage": "coarse"
  },
  {
   "dn": -2100.0,
   "de": 2700.0,
   "cost": 0.0002309562812916755,
   "stage": "coarse"
  },
  {
   "dn": -2100.0,
   "de": 3000.0,
   "cost": 0.00017810812019847195,
   "stage": "coarse"
  },
  {
   "dn": -1800.0,
   "de": 2700.0,
   "cost": 0.0001208378515613203,
   "stage": "coarse"
  },
  {
   "dn": -1800.0,
   "de": 3000.0,
   "cost": 9.439578049905031e-05,
   "stage": "coarse"
  },
  {
   "dn": -1500.0,
   "de": 3000.0,
   "cost": 5.811657398014306e-05,
   "stage": "coarse"
  },
  {
   "dn": -1200.0,
   "de": 300.0,
   "cost": 4.326996981055921e-05,
   "stage": "coarse"
  },
  {
   "dn": -1200.0,
   "de": 600.0,
   "cost": 3.1760854155684036e-05,
   "stage": "coarse"
  },
  {
   "dn": -1200.0,
   "de": 900.0,
   "cost": 2.6834853206776996e-05,
   "stage": "coarse"
  },
  {
   "dn": -900.0,
   "de": 0.0,
   "cost": 2.330646334088869e-05,
   "stage": "coarse"
  },
  {
   "dn": -900.0,
   "de": 300.0,
   "cost": 1.5762347936512574e-05,
   "stage": "coarse"
  },
  {
   "dn": -900.0,
   "de": 600.0,
   "cost": 1.5230186949339318e-05,
   "stage": "coarse"
  },
  {
   "dn": -600.0,
   "de": 300.0,
   "cost": 1.3744238956019086e-05,
   "stage": "coarse"
  },
  {
   "dn": -600.0,
   "de": 600.0,
   "cost": 1.3433434191133199e-05,
   "stage": "coarse"
  },
  {
   "dn": -300.0,
   "de": 300.0,
   "cost": 1.120590239349399e-05,
   "stage": "coarse"
  },
  {
   "dn": 0.0,
   "de": 300.0,
   "cost": 1.0116953343262687e-05,
   "stage": "coarse"
  },
  {
   "dn": 60.0,
   "de": 360.0,
   "cost": 8.80388752209424e-06,
   "stage": "refine_60m"
  },
  {
   "dn": 90.0,
   "de": 360.0,
   "cost": 8.774731403600729e-06,
   "stage": "refine_15m"
  }
 ],
 "search_evals": 491,
 "cost": 8.774731403600729e-06,
 "rms_mrad": 4.189207897347834,
 "n_photos": 1,
 "z_m": 14.2,
 "photos": [
  {
   "file": "XKYU3498.JPG",
   "fov_deg": 73.74,
   "heading_deg": 355.31,
   "pitch_deg": -0.1,
   "roll_deg": -0.8,
   "weight": 1.0,
   "rms_mrad": 4.189207897347834,
   "heading_offset_deg": 12.0,
   "el_offset_mrad": 10.122909661567109,
   "attitude_source": "prior"
  }
 ],
 "heading_offset_deg": 12.0,
 "el_offset_mrad": 10.122909661567109,
 "fov_deg": 73.74
}
wrote out/theo3/XKYU3498_dh12.json/.png
