/root/.local/lib/python3.11/site-packages/torchvision/models/_utils.py:207: UserWarning: The parameter 'pretrained' is deprecated since 0.13 and may be removed in the future, please use 'weights' instead.
  warnings.warn(
/root/.local/lib/python3.11/site-packages/torchvision/models/_utils.py:222: UserWarning: Arguments other than a weight enum or `None` for 'weights' are deprecated since 0.13 and may be removed in the future. The current behavior is equivalent to passing `weights=None`.
  warnings.warn(msg)
extractor pre-check: eWaSR disagrees with the seam on 34% of columns — falling back to the seam
photo 0: YBPL9738.JPG  fov 104.2, heading 208.99, pitch +1.80, roll -0.60, weight 1.00
z 61.2 m, box 6000 m at (37.02713,27.36177)
peak witness: 13 crests, median height residual -12 m (spread 31 m)
{
 "status": "ok",
 "reasons": [],
 "lat": 37.02524142462757,
 "lon": 27.36008028792173,
 "fix_ok": true,
 "basin_margin": 0.4844755091347644,
 "relief_mrad": 16.317516519623,
 "dn_m": -210.0,
 "de_m": -150.0,
 "sigma_n_m": 449.61788155530763,
 "sigma_e_m": 364.73860976431644,
 "sigma_major_m": 462.78911907069977,
 "sigma_minor_m": 347.8745810444544,
 "major_bearing_deg": 21.049215865942045,
 "anisotropy": 1.3303332415988183,
 "jackknife": null,
 "subject_km": null,
 "dem_split_m": null,
 "peak_dh_m": -11.76756539842824,
 "peak_dh_mad_m": 31.165563649512467,
 "n_peaks": 13,
 "search_trace": [
  {
   "dn": -3000.0,
   "de": -3000.0,
   "cost": 6.823184503616308e-05,
   "stage": "coarse"
  },
  {
   "dn": -3000.0,
   "de": -2700.0,
   "cost": 3.9068202660978e-05,
   "stage": "coarse"
  },
  {
   "dn": -3000.0,
   "de": -2400.0,
   "cost": 3.0655428437401276e-05,
   "stage": "coarse"
  },
  {
   "dn": -3000.0,
   "de": -2100.0,
   "cost": 2.155062671794336e-05,
   "stage": "coarse"
  },
  {
   "dn": -3000.0,
   "de": -1800.0,
   "cost": 1.7920115873811815e-05,
   "stage": "coarse"
  },
  {
   "dn": -2400.0,
   "de": -1200.0,
   "cost": 1.6535025642978724e-05,
   "stage": "coarse"
  },
  {
   "dn": -2400.0,
   "de": -900.0,
   "cost": 1.548687271174438e-05,
   "stage": "coarse"
  },
  {
   "dn": -2100.0,
   "de": -1500.0,
   "cost": 1.5413934429184376e-05,
   "stage": "coarse"
  },
  {
   "dn": -2100.0,
   "de": -600.0,
   "cost": 1.5228586769272892e-05,
   "stage": "coarse"
  },
  {
   "dn": -1800.0,
   "de": -1800.0,
   "cost": 1.5108964355639077e-05,
   "stage": "coarse"
  },
  {
   "dn": -1800.0,
   "de": -1500.0,
   "cost": 1.2827785210210772e-05,
   "stage": "coarse"
  },
  {
   "dn": -1500.0,
   "de": -1500.0,
   "cost": 1.1578995059590887e-05,
   "stage": "coarse"
  },
  {
   "dn": -1500.0,
   "de": -1200.0,
   "cost": 1.0888374980431866e-05,
   "stage": "coarse"
  },
  {
   "dn": -1200.0,
   "de": -1200.0,
   "cost": 9.414235525519145e-06,
   "stage": "coarse"
  },
  {
   "dn": -1200.0,
   "de": -900.0,
   "cost": 9.01266660663646e-06,
   "stage": "coarse"
  },
  {
   "dn": -900.0,
   "de": -900.0,
   "cost": 7.361610161796631e-06,
   "stage": "coarse"
  },
  {
   "dn": -600.0,
   "de": -600.0,
   "cost": 7.238437949224617e-06,
   "stage": "coarse"
  },
  {
   "dn": -600.0,
   "de": -300.0,
   "cost": 7.166238772069379e-06,
   "stage": "coarse"
  },
  {
   "dn": -300.0,
   "de": -600.0,
   "cost": 6.697523688912286e-06,
   "stage": "coarse"
  },
  {
   "dn": -300.0,
   "de": -300.0,
   "cost": 6.2892033798155194e-06,
   "stage": "coarse"
  },
  {
   "dn": -300.0,
   "de": 0.0,
   "cost": 6.0319512442572835e-06,
   "stage": "coarse"
  },
  {
   "dn": -180.0,
   "de": -120.0,
   "cost": 5.75602136656797e-06,
   "stage": "refine_60m"
  },
  {
   "dn": -210.0,
   "de": -150.0,
   "cost": 5.733304610010539e-06,
   "stage": "refine_15m"
  }
 ],
 "search_evals": 491,
 "cost": 5.733304610010539e-06,
 "rms_mrad": 3.3862382107614755,
 "n_photos": 1,
 "z_m": 61.2,
 "photos": [
  {
   "file": "YBPL9738.JPG",
   "fov_deg": 104.25,
   "heading_deg": 208.99,
   "pitch_deg": 1.8,
   "roll_deg": -0.6,
   "weight": 1.0,
   "rms_mrad": 3.3862382107614755,
   "heading_offset_deg": 1.6,
   "el_offset_mrad": -1.734723475976807e-15,
   "attitude_source": "prior"
  }
 ],
 "heading_offset_deg": 1.6,
 "el_offset_mrad": -1.734723475976807e-15,
 "fov_deg": 104.25
}
wrote out/theo3/YBPL9738_dh8.json/.png
