/root/.local/lib/python3.11/site-packages/torchvision/models/_utils.py:207: UserWarning: The parameter 'pretrained' is deprecated since 0.13 and may be removed in the future, please use 'weights' instead.
  warnings.warn(
/root/.local/lib/python3.11/site-packages/torchvision/models/_utils.py:222: UserWarning: Arguments other than a weight enum or `None` for 'weights' are deprecated since 0.13 and may be removed in the future. The current behavior is equivalent to passing `weights=None`.
  warnings.warn(msg)
photo 0: PF_new_bodrum2.jpg  fov 73.7, heading 192.02, pitch +0.00, roll +0.00, weight 1.00
z 2.0 m, box 6000 m at (37.01999,27.34782)
peak witness: 11 crests, median height residual -71 m (spread 92 m)
INCONCLUSIVE: ambiguous landscape: basin margin 0.07 < 0.15
INCONCLUSIVE: peak heights disagree: matched crests stand a median -71 m (spread 92 m) from the model at this fix (limits 30/90 m) — position error or DEM bias is leaking into the height channel
{
 "status": "inconclusive",
 "reasons": [
  "ambiguous landscape: basin margin 0.07 < 0.15",
  "peak heights disagree: matched crests stand a median -71 m (spread 92 m) from the model at this fix (limits 30/90 m) \u2014 position error or DEM bias is leaking into the height channel"
 ],
 "lat": 37.017696729904905,
 "lon": 27.34545462541211,
 "fix_ok": false,
 "basin_margin": 0.07018922359460698,
 "relief_mrad": 18.77698529541703,
 "dn_m": -255.0,
 "de_m": -210.0,
 "sigma_n_m": 304.6168886406959,
 "sigma_e_m": 219.2049463373748,
 "sigma_major_m": 306.95047957522104,
 "sigma_minor_m": 215.92512691312996,
 "major_bearing_deg": 9.971751478881572,
 "anisotropy": 1.4215597969694005,
 "jackknife": null,
 "subject_km": null,
 "dem_split_m": null,
 "peak_dh_m": -71.1746478147017,
 "peak_dh_mad_m": 92.31205961712146,
 "n_peaks": 11,
 "search_trace": [
  {
   "dn": -3000.0,
   "de": -3000.0,
   "cost": 0.0002901454921773506,
   "stage": "coarse"
  },
  {
   "dn": -3000.0,
   "de": -2700.0,
   "cost": 0.00015555700755452486,
   "stage": "coarse"
  },
  {
   "dn": -3000.0,
   "de": -2400.0,
   "cost": 0.00011895949144457813,
   "stage": "coarse"
  },
  {
   "dn": -3000.0,
   "de": -2100.0,
   "cost": 7.604527800913524e-05,
   "stage": "coarse"
  },
  {
   "dn": -3000.0,
   "de": -1800.0,
   "cost": 4.882739800129879e-05,
   "stage": "coarse"
  },
  {
   "dn": -3000.0,
   "de": -1500.0,
   "cost": 3.143015693412986e-05,
   "stage": "coarse"
  },
  {
   "dn": -3000.0,
   "de": -1200.0,
   "cost": 2.843963987093041e-05,
   "stage": "coarse"
  },
  {
   "dn": -3000.0,
   "de": -900.0,
   "cost": 2.7449202135441222e-05,
   "stage": "coarse"
  },
  {
   "dn": -2700.0,
   "de": -1200.0,
   "cost": 2.493693912371092e-05,
   "stage": "coarse"
  },
  {
   "dn": -2700.0,
   "de": -900.0,
   "cost": 2.4011885689600343e-05,
   "stage": "coarse"
  },
  {
   "dn": -2400.0,
   "de": -900.0,
   "cost": 2.3897457434286974e-05,
   "stage": "coarse"
  },
  {
   "dn": -2400.0,
   "de": -600.0,
   "cost": 2.0182151804601913e-05,
   "stage": "coarse"
  },
  {
   "dn": -2100.0,
   "de": -600.0,
   "cost": 1.8154193502054016e-05,
   "stage": "coarse"
  },
  {
   "dn": -600.0,
   "de": -600.0,
   "cost": 1.7682610827972768e-05,
   "stage": "coarse"
  },
  {
   "dn": -600.0,
   "de": -300.0,
   "cost": 1.61011272372478e-05,
   "stage": "coarse"
  },
  {
   "dn": -300.0,
   "de": -300.0,
   "cost": 1.4949415747228763e-05,
   "stage": "coarse"
  },
  {
   "dn": -240.0,
   "de": -180.0,
   "cost": 1.4350657264349139e-05,
   "stage": "refine_60m"
  },
  {
   "dn": -255.0,
   "de": -210.0,
   "cost": 1.4225299909595478e-05,
   "stage": "refine_15m"
  }
 ],
 "search_evals": 491,
 "cost": 1.4225299909595478e-05,
 "rms_mrad": 5.333910368499921,
 "n_photos": 1,
 "z_m": 2.0,
 "photos": [
  {
   "file": "PF_new_bodrum2.jpg",
   "fov_deg": 73.74,
   "heading_deg": 192.02,
   "pitch_deg": 0.0,
   "roll_deg": 0.0,
   "weight": 1.0,
   "rms_mrad": 5.333910368499921,
   "heading_offset_deg": 1.6,
   "el_offset_mrad": 69.81317007977316,
   "attitude_source": "prior"
  }
 ],
 "heading_offset_deg": 1.6,
 "el_offset_mrad": 69.81317007977316,
 "fov_deg": 73.74
}
wrote out/bd2/BD2_wide2.json/.png
