/usr/local/lib/python3.11/dist-packages/torchvision/models/_utils.py:207: UserWarning: The parameter 'pretrained' is deprecated since 0.13 and may be removed in the future, please use 'weights' instead.
  warnings.warn(
/usr/local/lib/python3.11/dist-packages/torchvision/models/_utils.py:222: UserWarning: Arguments other than a weight enum or `None` for 'weights' are deprecated since 0.13 and may be removed in the future. The current behavior is equivalent to passing `weights=None`.
  warnings.warn(msg)
extractor pre-check: eWaSR disagrees with the seam on 36% of columns — falling back to the seam
photo 0: PF_new_akbuk1.jpg  fov 73.7, heading 85.469, pitch +0.00, roll +0.00, weight 1.00
z 33.0 m, box 6000 m at (37.03631,28.18522)
peak witness: 11 crests, median height residual +39 m (spread 163 m)
INCONCLUSIVE: ambiguous landscape: basin margin 0.02 < 0.15
INCONCLUSIVE: residual 16.0 mrad > 12.0: the DEM cannot explain this observation
INCONCLUSIVE: peak heights disagree: matched crests stand a median +39 m (spread 163 m) from the model at this fix (limits 30/90 m) — position error or DEM bias is leaking into the height channel
{
 "status": "inconclusive",
 "reasons": [
  "ambiguous landscape: basin margin 0.02 < 0.15",
  "residual 16.0 mrad > 12.0: the DEM cannot explain this observation",
  "peak heights disagree: matched crests stand a median +39 m (spread 163 m) from the model at this fix (limits 30/90 m) \u2014 position error or DEM bias is leaking into the height channel"
 ],
 "lat": 37.019718516370794,
 "lon": 28.17338958550841,
 "fix_ok": false,
 "basin_margin": 0.023662813817050217,
 "relief_mrad": 84.19846697273279,
 "dn_m": -1845.0,
 "de_m": -1050.0,
 "sigma_n_m": 452.0960473440144,
 "sigma_e_m": 459.41335593336476,
 "sigma_major_m": 510.4283649588514,
 "sigma_minor_m": 393.59160544842854,
 "major_bearing_deg": 46.81024220912736,
 "anisotropy": 1.2968476915997937,
 "jackknife": null,
 "subject_km": null,
 "dem_split_m": null,
 "peak_dh_m": 38.79170921342383,
 "peak_dh_mad_m": 163.46204905850712,
 "n_peaks": 11,
 "search_trace": [
  {
   "dn": -3000.0,
   "de": -3000.0,
   "cost": 0.00014080532922870772,
   "stage": "coarse"
  },
  {
   "dn": -3000.0,
   "de": -2700.0,
   "cost": 0.000140676097640242,
   "stage": "coarse"
  },
  {
   "dn": -3000.0,
   "de": -1200.0,
   "cost": 0.00013749082089563146,
   "stage": "coarse"
  },
  {
   "dn": -2700.0,
   "de": -1200.0,
   "cost": 0.00013426376991133835,
   "stage": "coarse"
  },
  {
   "dn": -2400.0,
   "de": -1200.0,
   "cost": 0.00013117270204789363,
   "stage": "coarse"
  },
  {
   "dn": -2100.0,
   "de": -900.0,
   "cost": 0.00013082391149051175,
   "stage": "coarse"
  },
  {
   "dn": -1800.0,
   "de": -900.0,
   "cost": 0.00013056691504987058,
   "stage": "coarse"
  },
  {
   "dn": -1860.0,
   "de": -1020.0,
   "cost": 0.00012878221396956708,
   "stage": "refine_60m"
  },
  {
   "dn": -1845.0,
   "de": -1050.0,
   "cost": 0.00012842291918942387,
   "stage": "refine_15m"
  }
 ],
 "heading_window_deg": 30.0,
 "search_evals": 491,
 "cost": 0.00012842291918942387,
 "rms_mrad": 16.02641065176004,
 "n_photos": 1,
 "z_m": 33.0,
 "photos": [
  {
   "file": "PF_new_akbuk1.jpg",
   "fov_deg": 73.74,
   "heading_deg": 85.469,
   "pitch_deg": 0.0,
   "roll_deg": 0.0,
   "weight": 1.0,
   "rms_mrad": 16.02641065176004,
   "heading_offset_deg": -9.200000000000001,
   "el_offset_mrad": 10.122909661567109,
   "attitude_source": "prior"
  }
 ],
 "heading_offset_deg": -9.200000000000001,
 "el_offset_mrad": 10.122909661567109,
 "fov_deg": 73.74
}
wrote out/resweep/01_PF_new_akbuk1_w30.json/.png
