/usr/local/lib/python3.11/dist-packages/torchvision/models/_utils.py:207: UserWarning: The parameter 'pretrained' is deprecated since 0.13 and may be removed in the future, please use 'weights' instead.
  warnings.warn(
/usr/local/lib/python3.11/dist-packages/torchvision/models/_utils.py:222: UserWarning: Arguments other than a weight enum or `None` for 'weights' are deprecated since 0.13 and may be removed in the future. The current behavior is equivalent to passing `weights=None`.
  warnings.warn(msg)
photo 0: PF_new_bodrum4.jpg  fov 73.7, heading 206.76, pitch +0.00, roll +0.00, weight 1.00
z 2.0 m, box 6000 m at (37.01986,27.34774)
peak witness: 1 crests, median height residual -10 m (spread 0 m)
{
 "status": "ok",
 "reasons": [],
 "lat": 37.03672328011098,
 "lon": 27.368858380106012,
 "fix_ok": true,
 "basin_margin": 0.3682139751361764,
 "relief_mrad": 17.199204889386316,
 "dn_m": 1875.0,
 "de_m": 1875.0,
 "sigma_n_m": 82.36457458854137,
 "sigma_e_m": 98.34008318894246,
 "sigma_major_m": 102.36731164912035,
 "sigma_minor_m": 77.30219023088146,
 "major_bearing_deg": 115.06558339051165,
 "anisotropy": 1.32424852831952,
 "jackknife": null,
 "subject_km": null,
 "dem_split_m": null,
 "peak_dh_m": -10.145057914525871,
 "peak_dh_mad_m": 0.0,
 "n_peaks": 1,
 "search_trace": [
  {
   "dn": -3000.0,
   "de": -3000.0,
   "cost": 0.00014214283401747514,
   "stage": "coarse"
  },
  {
   "dn": -3000.0,
   "de": -2700.0,
   "cost": 0.00012560657035641743,
   "stage": "coarse"
  },
  {
   "dn": -3000.0,
   "de": -2100.0,
   "cost": 0.00011873522134998231,
   "stage": "coarse"
  },
  {
   "dn": -2700.0,
   "de": -3000.0,
   "cost": 0.00010348821416479047,
   "stage": "coarse"
  },
  {
   "dn": -2700.0,
   "de": -2700.0,
   "cost": 9.734673981542364e-05,
   "stage": "coarse"
  },
  {
   "dn": -2400.0,
   "de": -2700.0,
   "cost": 9.402109851571398e-05,
   "stage": "coarse"
  },
  {
   "dn": -2400.0,
   "de": -2400.0,
   "cost": 7.946154928491936e-05,
   "stage": "coarse"
  },
  {
   "dn": -2400.0,
   "de": -2100.0,
   "cost": 7.470775990910899e-05,
   "stage": "coarse"
  },
  {
   "dn": -2100.0,
   "de": -2400.0,
   "cost": 4.951624713908334e-05,
   "stage": "coarse"
  },
  {
   "dn": 1800.0,
   "de": 1800.0,
   "cost": 2.9527142186961173e-05,
   "stage": "coarse"
  },
  {
   "dn": 1860.0,
   "de": 1860.0,
   "cost": 1.2036518368190092e-05,
   "stage": "refine_60m"
  },
  {
   "dn": 1875.0,
   "de": 1875.0,
   "cost": 1.1237142203989347e-05,
   "stage": "refine_15m"
  }
 ],
 "heading_window_deg": 6.0,
 "search_evals": 491,
 "cost": 1.1237142203989347e-05,
 "rms_mrad": 4.7407050538900535,
 "n_photos": 1,
 "z_m": 2.0,
 "photos": [
  {
   "file": "PF_new_bodrum4.jpg",
   "fov_deg": 73.74,
   "heading_deg": 206.76,
   "pitch_deg": 0.0,
   "roll_deg": 0.0,
   "weight": 1.0,
   "rms_mrad": 4.7407050538900535,
   "heading_offset_deg": 5.6000000000000005,
   "el_offset_mrad": -8.09832772925369,
   "attitude_source": "prior"
  }
 ],
 "heading_offset_deg": 5.6000000000000005,
 "el_offset_mrad": -8.09832772925369,
 "fov_deg": 73.74
}
wrote out/resweep/05_PF_new_bodrum4_w6.json/.png
