/usr/local/lib/python3.11/dist-packages/torchvision/models/_utils.py:207: UserWarning: The parameter 'pretrained' is deprecated since 0.13 and may be removed in the future, please use 'weights' instead.
  warnings.warn(
/usr/local/lib/python3.11/dist-packages/torchvision/models/_utils.py:222: UserWarning: Arguments other than a weight enum or `None` for 'weights' are deprecated since 0.13 and may be removed in the future. The current behavior is equivalent to passing `weights=None`.
  warnings.warn(msg)
photo 0: PF_new_bodrum4.jpg  fov 73.7, heading 206.76, pitch +0.00, roll +0.00, weight 1.00
z 2.0 m, box 6000 m at (37.01986,27.34774)
peak witness: 1 crests, median height residual +1 m (spread 0 m)
INCONCLUSIVE: ambiguous landscape: basin margin 0.01 < 0.15
INCONCLUSIVE: minimum on the search-box boundary: the true position may lie outside the box
{
 "status": "inconclusive",
 "reasons": [
  "ambiguous landscape: basin margin 0.01 < 0.15",
  "minimum on the search-box boundary: the true position may lie outside the box"
 ],
 "lat": 37.04657085169578,
 "lon": 27.31344112670784,
 "fix_ok": false,
 "basin_margin": 0.006938974342433183,
 "relief_mrad": 17.199204889386316,
 "dn_m": 2970.0,
 "de_m": -3045.0,
 "sigma_n_m": 198.44165756598494,
 "sigma_e_m": 160.8557524134823,
 "sigma_major_m": 227.16832195674345,
 "sigma_minor_m": 116.82558812777486,
 "major_bearing_deg": 145.42070540343096,
 "anisotropy": 1.944508267386458,
 "jackknife": null,
 "subject_km": null,
 "dem_split_m": null,
 "peak_dh_m": 0.9441873703344269,
 "peak_dh_mad_m": 0.0,
 "n_peaks": 1,
 "search_trace": [
  {
   "dn": -3000.0,
   "de": -3000.0,
   "cost": 0.0002080718694185351,
   "stage": "coarse"
  },
  {
   "dn": -3000.0,
   "de": -2700.0,
   "cost": 9.337923526330068e-05,
   "stage": "coarse"
  },
  {
   "dn": -2400.0,
   "de": -3000.0,
   "cost": 8.933980883362134e-05,
   "stage": "coarse"
  },
  {
   "dn": -2400.0,
   "de": -2700.0,
   "cost": 8.780012891340192e-05,
   "stage": "coarse"
  },
  {
   "dn": -2400.0,
   "de": -900.0,
   "cost": 7.775714753549189e-05,
   "stage": "coarse"
  },
  {
   "dn": -2100.0,
   "de": -2700.0,
   "cost": 3.734614730216571e-05,
   "stage": "coarse"
  },
  {
   "dn": -2100.0,
   "de": -2400.0,
   "cost": 3.1946167381577554e-05,
   "stage": "coarse"
  },
  {
   "dn": 1500.0,
   "de": 2100.0,
   "cost": 2.813918939305177e-05,
   "stage": "coarse"
  },
  {
   "dn": 1800.0,
   "de": 2100.0,
   "cost": 2.2270876155905963e-05,
   "stage": "coarse"
  },
  {
   "dn": 3000.0,
   "de": -3000.0,
   "cost": 2.211740405663574e-05,
   "stage": "coarse"
  },
  {
   "dn": 3000.0,
   "de": -3060.0,
   "cost": 2.042745857327329e-05,
   "stage": "refine_60m"
  },
  {
   "dn": 2970.0,
   "de": -3045.0,
   "cost": 1.9687685626317158e-05,
   "stage": "refine_15m"
  }
 ],
 "heading_window_deg": 30.0,
 "search_evals": 491,
 "cost": 1.9687685626317158e-05,
 "rms_mrad": 6.274979781053826,
 "n_photos": 1,
 "z_m": 2.0,
 "photos": [
  {
   "file": "PF_new_bodrum4.jpg",
   "fov_deg": 73.74,
   "heading_deg": 206.76,
   "pitch_deg": 0.0,
   "roll_deg": 0.0,
   "weight": 1.0,
   "rms_mrad": 6.274979781053826,
   "heading_offset_deg": 17.2,
   "el_offset_mrad": 10.122909661567109,
   "attitude_source": "prior"
  }
 ],
 "heading_offset_deg": 17.2,
 "el_offset_mrad": 10.122909661567109,
 "fov_deg": 73.74
}
wrote out/resweep/05_PF_new_bodrum4_w30.json/.png
