/usr/local/lib/python3.11/dist-packages/torchvision/models/_utils.py:207: UserWarning: The parameter 'pretrained' is deprecated since 0.13 and may be removed in the future, please use 'weights' instead.
  warnings.warn(
/usr/local/lib/python3.11/dist-packages/torchvision/models/_utils.py:222: UserWarning: Arguments other than a weight enum or `None` for 'weights' are deprecated since 0.13 and may be removed in the future. The current behavior is equivalent to passing `weights=None`.
  warnings.warn(msg)
photo 0: PF_new_bodrum7.jpg  fov 73.7, heading 312.663, pitch +0.00, roll +0.00, weight 1.00
z 3.0 m, box 6000 m at (37.02700,27.44082)
peak witness: 16 crests, median height residual -60 m (spread 164 m)
INCONCLUSIVE: peak heights disagree: matched crests stand a median -60 m (spread 164 m) from the model at this fix (limits 30/90 m) — position error or DEM bias is leaking into the height channel
{
 "status": "inconclusive",
 "reasons": [
  "peak heights disagree: matched crests stand a median -60 m (spread 164 m) from the model at this fix (limits 30/90 m) \u2014 position error or DEM bias is leaking into the height channel"
 ],
 "lat": 37.00433709553085,
 "lon": 27.45399873165416,
 "fix_ok": false,
 "basin_margin": 0.16982833048197835,
 "relief_mrad": 11.67632056877285,
 "dn_m": -2520.0,
 "de_m": 1170.0,
 "sigma_n_m": 404.10465100418554,
 "sigma_e_m": 58.620942879535086,
 "sigma_major_m": 404.1116534067766,
 "sigma_minor_m": 58.572651366841406,
 "major_bearing_deg": 0.34089577240223434,
 "anisotropy": 6.8993232161511555,
 "jackknife": null,
 "subject_km": null,
 "dem_split_m": null,
 "peak_dh_m": -59.65355721330539,
 "peak_dh_mad_m": 163.57032391923906,
 "n_peaks": 16,
 "search_trace": [
  {
   "dn": -3000.0,
   "de": -3000.0,
   "cost": 7.657572937876387e-05,
   "stage": "coarse"
  },
  {
   "dn": -3000.0,
   "de": -2700.0,
   "cost": 7.399464063198067e-05,
   "stage": "coarse"
  },
  {
   "dn": -3000.0,
   "de": -2400.0,
   "cost": 7.18184286149316e-05,
   "stage": "coarse"
  },
  {
   "dn": -3000.0,
   "de": -2100.0,
   "cost": 7.014819644119123e-05,
   "stage": "coarse"
  },
  {
   "dn": -3000.0,
   "de": -1800.0,
   "cost": 6.863079691080967e-05,
   "stage": "coarse"
  },
  {
   "dn": -3000.0,
   "de": -1500.0,
   "cost": 6.744239477468723e-05,
   "stage": "coarse"
  },
  {
   "dn": -3000.0,
   "de": -1200.0,
   "cost": 6.58019479421168e-05,
   "stage": "coarse"
  },
  {
   "dn": -3000.0,
   "de": -900.0,
   "cost": 6.416335964625123e-05,
   "stage": "coarse"
  },
  {
   "dn": -3000.0,
   "de": -600.0,
   "cost": 6.239196640895553e-05,
   "stage": "coarse"
  },
  {
   "dn": -3000.0,
   "de": -300.0,
   "cost": 6.088006297651753e-05,
   "stage": "coarse"
  },
  {
   "dn": -3000.0,
   "de": 0.0,
   "cost": 5.9574957292448615e-05,
   "stage": "coarse"
  },
  {
   "dn": -3000.0,
   "de": 300.0,
   "cost": 5.807790116291642e-05,
   "stage": "coarse"
  },
  {
   "dn": -3000.0,
   "de": 600.0,
   "cost": 4.22566805659271e-05,
   "stage": "coarse"
  },
  {
   "dn": -3000.0,
   "de": 900.0,
   "cost": 4.001015751961192e-05,
   "stage": "coarse"
  },
  {
   "dn": -3000.0,
   "de": 1200.0,
   "cost": 3.875262031625762e-05,
   "stage": "coarse"
  },
  {
   "dn": -3000.0,
   "de": 1800.0,
   "cost": 3.455126348419185e-05,
   "stage": "coarse"
  },
  {
   "dn": -2700.0,
   "de": 1500.0,
   "cost": 3.380053762808103e-05,
   "stage": "coarse"
  },
  {
   "dn": -2400.0,
   "de": 1200.0,
   "cost": 2.9786195081483525e-05,
   "stage": "coarse"
  },
  {
   "dn": -2520.0,
   "de": 1200.0,
   "cost": 2.827048843308013e-05,
   "stage": "refine_60m"
  },
  {
   "dn": -2520.0,
   "de": 1170.0,
   "cost": 2.8146225259758913e-05,
   "stage": "refine_15m"
  }
 ],
 "heading_window_deg": 30.0,
 "search_evals": 491,
 "cost": 2.8146225259758913e-05,
 "rms_mrad": 7.502829500896167,
 "n_photos": 1,
 "z_m": 3.0,
 "photos": [
  {
   "file": "PF_new_bodrum7.jpg",
   "fov_deg": 73.74,
   "heading_deg": 312.663,
   "pitch_deg": 0.0,
   "roll_deg": 0.0,
   "weight": 1.0,
   "rms_mrad": 7.502829500896167,
   "heading_offset_deg": -30.0,
   "el_offset_mrad": 10.122909661567109,
   "attitude_source": "prior"
  }
 ],
 "heading_offset_deg": -30.0,
 "el_offset_mrad": 10.122909661567109,
 "fov_deg": 73.74
}
wrote out/resweep/07_PF_new_bodrum7_w30.json/.png
