/usr/local/lib/python3.11/dist-packages/torchvision/models/_utils.py:207: UserWarning: The parameter 'pretrained' is deprecated since 0.13 and may be removed in the future, please use 'weights' instead.
  warnings.warn(
/usr/local/lib/python3.11/dist-packages/torchvision/models/_utils.py:222: UserWarning: Arguments other than a weight enum or `None` for 'weights' are deprecated since 0.13 and may be removed in the future. The current behavior is equivalent to passing `weights=None`.
  warnings.warn(msg)
photo 0: PF_new_bodrum7.jpg  fov 73.7, heading 312.663, pitch +0.00, roll +0.00, weight 1.00
z 3.0 m, box 6000 m at (37.02700,27.44082)
peak witness: 13 crests, median height residual +17 m (spread 140 m)
INCONCLUSIVE: ambiguous landscape: basin margin 0.12 < 0.15
INCONCLUSIVE: minimum on the search-box boundary: the true position may lie outside the box
INCONCLUSIVE: covariance degenerate: the cost surface has no measurable curvature at the fix (sigma cannot be computed) — the landscape does not pin a position here
INCONCLUSIVE: peak heights disagree: matched crests stand a median +17 m (spread 140 m) from the model at this fix (limits 30/90 m) — position error or DEM bias is leaking into the height channel
{
 "status": "inconclusive",
 "reasons": [
  "ambiguous landscape: basin margin 0.12 < 0.15",
  "minimum on the search-box boundary: the true position may lie outside the box",
  "covariance degenerate: the cost surface has no measurable curvature at the fix (sigma cannot be computed) \u2014 the landscape does not pin a position here",
  "peak heights disagree: matched crests stand a median +17 m (spread 140 m) from the model at this fix (limits 30/90 m) \u2014 position error or DEM bias is leaking into the height channel"
 ],
 "lat": 36.998671369413564,
 "lon": 27.45332284797959,
 "fix_ok": false,
 "basin_margin": 0.1248213949212201,
 "relief_mrad": 11.67632056877285,
 "dn_m": -3150.0,
 "de_m": 1110.0,
 "sigma_n_m": 0.0,
 "sigma_e_m": 0.0,
 "sigma_major_m": 1136.4407278643507,
 "sigma_minor_m": 0.0,
 "major_bearing_deg": 66.66297648732544,
 "anisotropy": Infinity,
 "jackknife": null,
 "subject_km": null,
 "dem_split_m": null,
 "peak_dh_m": 17.08887030246839,
 "peak_dh_mad_m": 139.8723321303794,
 "n_peaks": 13,
 "search_trace": [
  {
   "dn": -3000.0,
   "de": -3000.0,
   "cost": 4.358977644098531e-05,
   "stage": "coarse"
  },
  {
   "dn": -3000.0,
   "de": 600.0,
   "cost": 4.22566805659271e-05,
   "stage": "coarse"
  },
  {
   "dn": -3000.0,
   "de": 900.0,
   "cost": 4.001015751961192e-05,
   "stage": "coarse"
  },
  {
   "dn": -3000.0,
   "de": 1200.0,
   "cost": 3.875262031625762e-05,
   "stage": "coarse"
  },
  {
   "dn": -3120.0,
   "de": 1140.0,
   "cost": 3.750409546686174e-05,
   "stage": "refine_60m"
  },
  {
   "dn": -3150.0,
   "de": 1110.0,
   "cost": 3.721827417519443e-05,
   "stage": "refine_15m"
  }
 ],
 "heading_window_deg": 6.0,
 "search_evals": 491,
 "cost": 3.721827417519443e-05,
 "rms_mrad": 8.62766181247207,
 "n_photos": 1,
 "z_m": 3.0,
 "photos": [
  {
   "file": "PF_new_bodrum7.jpg",
   "fov_deg": 73.74,
   "heading_deg": 312.663,
   "pitch_deg": 0.0,
   "roll_deg": 0.0,
   "weight": 1.0,
   "rms_mrad": 8.62766181247207,
   "heading_offset_deg": -2.2,
   "el_offset_mrad": 10.122909661567109,
   "attitude_source": "prior"
  }
 ],
 "heading_offset_deg": -2.2,
 "el_offset_mrad": 10.122909661567109,
 "fov_deg": 73.74
}
wrote out/resweep/07_PF_new_bodrum7_w6.json/.png
