/usr/local/lib/python3.11/dist-packages/torchvision/models/_utils.py:207: UserWarning: The parameter 'pretrained' is deprecated since 0.13 and may be removed in the future, please use 'weights' instead.
  warnings.warn(
/usr/local/lib/python3.11/dist-packages/torchvision/models/_utils.py:222: UserWarning: Arguments other than a weight enum or `None` for 'weights' are deprecated since 0.13 and may be removed in the future. The current behavior is equivalent to passing `weights=None`.
  warnings.warn(msg)
photo 0: PF_new_bodrum8.jpg  fov 73.7, heading 188.611, pitch +0.00, roll +0.00, weight 1.00
z 1.0 m, box 6000 m at (37.01678,27.44830)
peak witness: 7 crests, median height residual -2 m (spread 5 m)
{
 "status": "ok",
 "reasons": [],
 "lat": 37.01610650879556,
 "lon": 27.45134106746275,
 "fix_ok": true,
 "basin_margin": 1.7866353499719674,
 "relief_mrad": 15.610056079538609,
 "dn_m": -75.0,
 "de_m": 270.0,
 "sigma_n_m": 206.56333064253644,
 "sigma_e_m": 277.29565676957424,
 "sigma_major_m": 286.70543458959435,
 "sigma_minor_m": 193.29067387279503,
 "major_bearing_deg": 69.8770800582977,
 "anisotropy": 1.483286435114173,
 "jackknife": null,
 "subject_km": null,
 "dem_split_m": null,
 "peak_dh_m": -1.7040760270666764,
 "peak_dh_mad_m": 4.721948394892529,
 "n_peaks": 7,
 "search_trace": [
  {
   "dn": -3000.0,
   "de": -3000.0,
   "cost": 4.423400907910217e-05,
   "stage": "coarse"
  },
  {
   "dn": -3000.0,
   "de": -2700.0,
   "cost": 4.399817571453072e-05,
   "stage": "coarse"
  },
  {
   "dn": -3000.0,
   "de": -2400.0,
   "cost": 4.381624695654306e-05,
   "stage": "coarse"
  },
  {
   "dn": -3000.0,
   "de": -2100.0,
   "cost": 4.3603778417998085e-05,
   "stage": "coarse"
  },
  {
   "dn": -3000.0,
   "de": -1800.0,
   "cost": 4.337996486894958e-05,
   "stage": "coarse"
  },
  {
   "dn": -3000.0,
   "de": -1500.0,
   "cost": 3.2563435488244146e-05,
   "stage": "coarse"
  },
  {
   "dn": -2100.0,
   "de": -1500.0,
   "cost": 2.9379685338436878e-05,
   "stage": "coarse"
  },
  {
   "dn": -2100.0,
   "de": -1200.0,
   "cost": 2.0945321096385304e-05,
   "stage": "coarse"
  },
  {
   "dn": -900.0,
   "de": 1500.0,
   "cost": 2.073617316668586e-05,
   "stage": "coarse"
  },
  {
   "dn": -600.0,
   "de": 300.0,
   "cost": 1.8842206037169612e-05,
   "stage": "coarse"
  },
  {
   "dn": -600.0,
   "de": 600.0,
   "cost": 1.796277023498353e-05,
   "stage": "coarse"
  },
  {
   "dn": -600.0,
   "de": 1500.0,
   "cost": 1.644720918797793e-05,
   "stage": "coarse"
  },
  {
   "dn": -300.0,
   "de": -300.0,
   "cost": 1.3702600187920114e-05,
   "stage": "coarse"
  },
  {
   "dn": -300.0,
   "de": 0.0,
   "cost": 1.1602450978024349e-05,
   "stage": "coarse"
  },
  {
   "dn": -300.0,
   "de": 300.0,
   "cost": 1.004929209195551e-05,
   "stage": "coarse"
  },
  {
   "dn": 0.0,
   "de": 0.0,
   "cost": 7.461246752248667e-06,
   "stage": "coarse"
  },
  {
   "dn": 0.0,
   "de": 300.0,
   "cost": 5.336841176186111e-06,
   "stage": "coarse"
  },
  {
   "dn": -60.0,
   "de": 300.0,
   "cost": 5.0891751241484665e-06,
   "stage": "refine_60m"
  },
  {
   "dn": -75.0,
   "de": 270.0,
   "cost": 5.050349437130987e-06,
   "stage": "refine_15m"
  }
 ],
 "heading_window_deg": 30.0,
 "search_evals": 491,
 "cost": 5.050349437130987e-06,
 "rms_mrad": 3.1781596678364,
 "n_photos": 1,
 "z_m": 1.0,
 "photos": [
  {
   "file": "PF_new_bodrum8.jpg",
   "fov_deg": 73.74,
   "heading_deg": 188.611,
   "pitch_deg": 0.0,
   "roll_deg": 0.0,
   "weight": 1.0,
   "rms_mrad": 3.1781596678364,
   "heading_offset_deg": 5.2,
   "el_offset_mrad": 10.122909661567109,
   "attitude_source": "prior"
  }
 ],
 "heading_offset_deg": 5.2,
 "el_offset_mrad": 10.122909661567109,
 "fov_deg": 73.74
}
wrote out/resweep/08_PF_new_bodrum8_w30.json/.png
