/usr/local/lib/python3.11/dist-packages/torchvision/models/_utils.py:207: UserWarning: The parameter 'pretrained' is deprecated since 0.13 and may be removed in the future, please use 'weights' instead.
  warnings.warn(
/usr/local/lib/python3.11/dist-packages/torchvision/models/_utils.py:222: UserWarning: Arguments other than a weight enum or `None` for 'weights' are deprecated since 0.13 and may be removed in the future. The current behavior is equivalent to passing `weights=None`.
  warnings.warn(msg)
photo 0: PF_new_bodrum9.jpg  fov 73.7, heading 167.093, pitch +0.00, roll +0.00, weight 1.00
z 9.0 m, box 6000 m at (37.01992,27.44426)
peak witness: 8 crests, median height residual -5 m (spread 30 m)
{
 "status": "ok",
 "reasons": [],
 "lat": 37.018030424627575,
 "lon": 27.45135711713256,
 "fix_ok": true,
 "basin_margin": 0.16210869038243042,
 "relief_mrad": 21.14718974308036,
 "dn_m": -210.0,
 "de_m": 630.0,
 "sigma_n_m": 272.6841517245169,
 "sigma_e_m": 468.91108581593335,
 "sigma_major_m": 472.07111996080874,
 "sigma_minor_m": 267.17617914354685,
 "major_bearing_deg": 98.05434162791057,
 "anisotropy": 1.766890751541054,
 "jackknife": null,
 "subject_km": null,
 "dem_split_m": null,
 "peak_dh_m": -4.705413472034973,
 "peak_dh_mad_m": 30.440284376897033,
 "n_peaks": 8,
 "search_trace": [
  {
   "dn": -3000.0,
   "de": -3000.0,
   "cost": 9.788658924657187e-05,
   "stage": "coarse"
  },
  {
   "dn": -3000.0,
   "de": -2700.0,
   "cost": 9.760977129665165e-05,
   "stage": "coarse"
  },
  {
   "dn": -3000.0,
   "de": -2400.0,
   "cost": 9.712631163334163e-05,
   "stage": "coarse"
  },
  {
   "dn": -3000.0,
   "de": -2100.0,
   "cost": 9.630687206867691e-05,
   "stage": "coarse"
  },
  {
   "dn": -3000.0,
   "de": -1800.0,
   "cost": 9.28982519752322e-05,
   "stage": "coarse"
  },
  {
   "dn": -3000.0,
   "de": -1500.0,
   "cost": 8.824373022186295e-05,
   "stage": "coarse"
  },
  {
   "dn": -3000.0,
   "de": -1200.0,
   "cost": 8.456816250802141e-05,
   "stage": "coarse"
  },
  {
   "dn": -3000.0,
   "de": -900.0,
   "cost": 7.945736378651114e-05,
   "stage": "coarse"
  },
  {
   "dn": -2700.0,
   "de": -900.0,
   "cost": 5.34817578724698e-05,
   "stage": "coarse"
  },
  {
   "dn": -2400.0,
   "de": -900.0,
   "cost": 3.0456425461226147e-05,
   "stage": "coarse"
  },
  {
   "dn": -600.0,
   "de": -900.0,
   "cost": 2.7824581586903504e-05,
   "stage": "coarse"
  },
  {
   "dn": -300.0,
   "de": -600.0,
   "cost": 2.649214612080174e-05,
   "stage": "coarse"
  },
  {
   "dn": -300.0,
   "de": 600.0,
   "cost": 2.2796616478346463e-05,
   "stage": "coarse"
  },
  {
   "dn": -240.0,
   "de": 600.0,
   "cost": 2.134698762494846e-05,
   "stage": "refine_60m"
  },
  {
   "dn": -210.0,
   "de": 630.0,
   "cost": 2.1189181814805002e-05,
   "stage": "refine_15m"
  }
 ],
 "heading_window_deg": 6.0,
 "search_evals": 491,
 "cost": 2.1189181814805002e-05,
 "rms_mrad": 6.509866636852863,
 "n_photos": 1,
 "z_m": 9.0,
 "photos": [
  {
   "file": "PF_new_bodrum9.jpg",
   "fov_deg": 73.7,
   "heading_deg": 167.093,
   "pitch_deg": 0.0,
   "roll_deg": 0.0,
   "weight": 1.0,
   "rms_mrad": 6.509866636852863,
   "heading_offset_deg": 1.2000000000000002,
   "el_offset_mrad": 4.049163864626842,
   "attitude_source": "prior"
  }
 ],
 "heading_offset_deg": 1.2000000000000002,
 "el_offset_mrad": 4.049163864626842,
 "fov_deg": 73.7
}
wrote out/resweep/09_PF_new_bodrum9_w6.json/.png
