/usr/local/lib/python3.11/dist-packages/torchvision/models/_utils.py:207: UserWarning: The parameter 'pretrained' is deprecated since 0.13 and may be removed in the future, please use 'weights' instead.
  warnings.warn(
/usr/local/lib/python3.11/dist-packages/torchvision/models/_utils.py:222: UserWarning: Arguments other than a weight enum or `None` for 'weights' are deprecated since 0.13 and may be removed in the future. The current behavior is equivalent to passing `weights=None`.
  warnings.warn(msg)
photo 0: PF_20260824_195733_clean.jpg  fov 73.7, heading 196.515, pitch +0.00, roll +0.00, weight 1.00
z 3.0 m, box 6000 m at (37.05190,28.32292)
peak witness: 5 crests, median height residual -10 m (spread 6 m)
{
 "status": "ok",
 "reasons": [],
 "lat": 37.04947183166402,
 "lon": 28.31953847315102,
 "fix_ok": true,
 "basin_margin": 2.7344535922812296,
 "relief_mrad": 15.930863440390926,
 "dn_m": -270.0,
 "de_m": -300.0,
 "sigma_n_m": 154.38210797887635,
 "sigma_e_m": 133.46726481416684,
 "sigma_major_m": 160.4149318069475,
 "sigma_minor_m": 126.1522718556775,
 "major_bearing_deg": 26.090903685117837,
 "anisotropy": 1.271597645030663,
 "jackknife": null,
 "subject_km": null,
 "dem_split_m": null,
 "peak_dh_m": -9.780027967440255,
 "peak_dh_mad_m": 5.807966839676849,
 "n_peaks": 5,
 "search_trace": [
  {
   "dn": -3000.0,
   "de": -3000.0,
   "cost": 0.00032663187550664247,
   "stage": "coarse"
  },
  {
   "dn": -3000.0,
   "de": 900.0,
   "cost": 0.0002879273002883278,
   "stage": "coarse"
  },
  {
   "dn": -3000.0,
   "de": 1200.0,
   "cost": 0.0002316316673124731,
   "stage": "coarse"
  },
  {
   "dn": -3000.0,
   "de": 1500.0,
   "cost": 0.00014158689962720676,
   "stage": "coarse"
  },
  {
   "dn": -3000.0,
   "de": 1800.0,
   "cost": 0.00011212143974280969,
   "stage": "coarse"
  },
  {
   "dn": -3000.0,
   "de": 2100.0,
   "cost": 9.250709579052316e-05,
   "stage": "coarse"
  },
  {
   "dn": -3000.0,
   "de": 2400.0,
   "cost": 8.500699789968727e-05,
   "stage": "coarse"
  },
  {
   "dn": -3000.0,
   "de": 2700.0,
   "cost": 7.496181865058985e-05,
   "stage": "coarse"
  },
  {
   "dn": -2700.0,
   "de": 2100.0,
   "cost": 6.669558115507956e-05,
   "stage": "coarse"
  },
  {
   "dn": -2700.0,
   "de": 2400.0,
   "cost": 6.339959559675684e-05,
   "stage": "coarse"
  },
  {
   "dn": -2400.0,
   "de": 2100.0,
   "cost": 6.113203462536378e-05,
   "stage": "coarse"
  },
  {
   "dn": -2100.0,
   "de": 2100.0,
   "cost": 5.794758919359722e-05,
   "stage": "coarse"
  },
  {
   "dn": -1800.0,
   "de": 1800.0,
   "cost": 5.761204890040085e-05,
   "stage": "coarse"
  },
  {
   "dn": -1800.0,
   "de": 2100.0,
   "cost": 5.677706387572744e-05,
   "stage": "coarse"
  },
  {
   "dn": -1800.0,
   "de": 2400.0,
   "cost": 5.47268101781536e-05,
   "stage": "coarse"
  },
  {
   "dn": -1500.0,
   "de": 900.0,
   "cost": 5.0048417535808404e-05,
   "stage": "coarse"
  },
  {
   "dn": -1500.0,
   "de": 1200.0,
   "cost": 4.2865690692660005e-05,
   "stage": "coarse"
  },
  {
   "dn": -1200.0,
   "de": 300.0,
   "cost": 4.1359830302238214e-05,
   "stage": "coarse"
  },
  {
   "dn": -1200.0,
   "de": 600.0,
   "cost": 3.5570421448926274e-05,
   "stage": "coarse"
  },
  {
   "dn": -1200.0,
   "de": 900.0,
   "cost": 3.425971987034349e-05,
   "stage": "coarse"
  },
  {
   "dn": -1200.0,
   "de": 1200.0,
   "cost": 2.612056604817373e-05,
   "stage": "coarse"
  },
  {
   "dn": -900.0,
   "de": 300.0,
   "cost": 2.255413811767464e-05,
   "stage": "coarse"
  },
  {
   "dn": -900.0,
   "de": 600.0,
   "cost": 2.2240734325840176e-05,
   "stage": "coarse"
  },
  {
   "dn": -900.0,
   "de": 1200.0,
   "cost": 1.8179061487911876e-05,
   "stage": "coarse"
  },
  {
   "dn": -600.0,
   "de": -300.0,
   "cost": 1.576969042784823e-05,
   "stage": "coarse"
  },
  {
   "dn": -600.0,
   "de": 0.0,
   "cost": 1.2956018673209313e-05,
   "stage": "coarse"
  },
  {
   "dn": -300.0,
   "de": -300.0,
   "cost": 4.867930753105706e-06,
   "stage": "coarse"
  },
  {
   "dn": -240.0,
   "de": -300.0,
   "cost": 4.726223658443874e-06,
   "stage": "refine_60m"
  },
  {
   "dn": -270.0,
   "de": -300.0,
   "cost": 4.616355009448402e-06,
   "stage": "refine_15m"
  }
 ],
 "heading_window_deg": 6.0,
 "search_evals": 491,
 "cost": 4.616355009448402e-06,
 "rms_mrad": 3.0385374802521037,
 "n_photos": 1,
 "z_m": 3.0,
 "photos": [
  {
   "file": "PF_20260824_195733_clean.jpg",
   "fov_deg": 73.7,
   "heading_deg": 196.515,
   "pitch_deg": 0.0,
   "roll_deg": 0.0,
   "weight": 1.0,
   "rms_mrad": 3.0385374802521037,
   "heading_offset_deg": -6.0,
   "el_offset_mrad": 10.122909661567109,
   "attitude_source": "prior"
  }
 ],
 "heading_offset_deg": -6.0,
 "el_offset_mrad": 10.122909661567109,
 "fov_deg": 73.7
}
wrote out/resweep/10_PF_20260824_195733_clean_w6.json/.png
