/usr/local/lib/python3.11/dist-packages/torchvision/models/_utils.py:207: UserWarning: The parameter 'pretrained' is deprecated since 0.13 and may be removed in the future, please use 'weights' instead.
  warnings.warn(
/usr/local/lib/python3.11/dist-packages/torchvision/models/_utils.py:222: UserWarning: Arguments other than a weight enum or `None` for 'weights' are deprecated since 0.13 and may be removed in the future. The current behavior is equivalent to passing `weights=None`.
  warnings.warn(msg)
photo 0: redacted.jpg  fov 73.7, heading 254.5, pitch +0.00, roll +0.00, weight 1.00
z 10.0 m, box 6000 m at (36.64519,28.08509)
peak witness: 2 crests, median height residual -11 m (spread 11 m)
{
 "status": "ok",
 "reasons": [],
 "lat": 36.65800333288434,
 "lon": 28.11249411698025,
 "fix_ok": true,
 "basin_margin": 0.2028393642762488,
 "relief_mrad": 43.07430716208326,
 "dn_m": 1425.0,
 "de_m": 2445.0,
 "sigma_n_m": 436.3080030363268,
 "sigma_e_m": 124.62003443380202,
 "sigma_major_m": 436.3082524348172,
 "sigma_minor_m": 124.61916125983683,
 "major_bearing_deg": 179.93607552821013,
 "anisotropy": 3.5011329559913653,
 "jackknife": null,
 "subject_km": null,
 "dem_split_m": null,
 "peak_dh_m": -10.99581927851214,
 "peak_dh_mad_m": 10.980504131955179,
 "n_peaks": 2,
 "search_trace": [
  {
   "dn": -3000.0,
   "de": -3000.0,
   "cost": 0.0002538618035758829,
   "stage": "coarse"
  },
  {
   "dn": -3000.0,
   "de": 0.0,
   "cost": 8.78270041551655e-05,
   "stage": "coarse"
  },
  {
   "dn": -3000.0,
   "de": 300.0,
   "cost": 7.618899541470057e-05,
   "stage": "coarse"
  },
  {
   "dn": -2100.0,
   "de": 600.0,
   "cost": 6.999894274198068e-05,
   "stage": "coarse"
  },
  {
   "dn": 900.0,
   "de": 2700.0,
   "cost": 6.833781968723914e-05,
   "stage": "coarse"
  },
  {
   "dn": 1200.0,
   "de": 2400.0,
   "cost": 6.620471579520667e-05,
   "stage": "coarse"
  },
  {
   "dn": 1500.0,
   "de": 2400.0,
   "cost": 5.8194755526727544e-05,
   "stage": "coarse"
  },
  {
   "dn": 1440.0,
   "de": 2460.0,
   "cost": 5.547496679468264e-05,
   "stage": "refine_60m"
  },
  {
   "dn": 1425.0,
   "de": 2445.0,
   "cost": 5.4991298313123006e-05,
   "stage": "refine_15m"
  }
 ],
 "heading_window_deg": 30.0,
 "search_evals": 491,
 "cost": 5.4991298313123006e-05,
 "rms_mrad": 10.487258775592695,
 "n_photos": 1,
 "z_m": 10.0,
 "photos": [
  {
   "file": "redacted.jpg",
   "fov_deg": 73.74,
   "heading_deg": 254.5,
   "pitch_deg": 0.0,
   "roll_deg": 0.0,
   "weight": 1.0,
   "rms_mrad": 10.487258775592695,
   "heading_offset_deg": 18.8,
   "el_offset_mrad": -10.12290966156711,
   "attitude_source": "prior"
  }
 ],
 "heading_offset_deg": 18.8,
 "el_offset_mrad": -10.12290966156711,
 "fov_deg": 73.74
}
wrote out/resweep/11_redacted_w30.json/.png
