/usr/local/lib/python3.11/dist-packages/torchvision/models/_utils.py:207: UserWarning: The parameter 'pretrained' is deprecated since 0.13 and may be removed in the future, please use 'weights' instead.
  warnings.warn(
/usr/local/lib/python3.11/dist-packages/torchvision/models/_utils.py:222: UserWarning: Arguments other than a weight enum or `None` for 'weights' are deprecated since 0.13 and may be removed in the future. The current behavior is equivalent to passing `weights=None`.
  warnings.warn(msg)
photo 0: PF_new_akyaka2.jpg  fov 73.7, heading 177.004, pitch +0.00, roll +0.00, weight 1.00
z 17.0 m, box 6000 m at (37.04860,28.29299)
peak witness: 9 crests, median height residual -24 m (spread 72 m)
INCONCLUSIVE: ambiguous landscape: basin margin 0.04 < 0.15
INCONCLUSIVE: minimum on the search-box boundary: the true position may lie outside the box
INCONCLUSIVE: residual 28.7 mrad > 12.0: the DEM cannot explain this observation
{
 "status": "inconclusive",
 "reasons": [
  "ambiguous landscape: basin margin 0.04 < 0.15",
  "minimum on the search-box boundary: the true position may lie outside the box",
  "residual 28.7 mrad > 12.0: the DEM cannot explain this observation"
 ],
 "lat": 37.050893270095095,
 "lon": 28.25918520135994,
 "fix_ok": false,
 "basin_margin": 0.0434892962111747,
 "relief_mrad": 9.53425301787672,
 "dn_m": 255.0,
 "de_m": -3000.0,
 "sigma_n_m": 477.0293006736712,
 "sigma_e_m": 559.0519255918118,
 "sigma_major_m": 573.0607982761462,
 "sigma_minor_m": 460.10578206346264,
 "major_bearing_deg": 111.6320828157466,
 "anisotropy": 1.2454979281201548,
 "jackknife": null,
 "subject_km": null,
 "dem_split_m": null,
 "peak_dh_m": -23.59262626429205,
 "peak_dh_mad_m": 72.1603782910759,
 "n_peaks": 9,
 "search_trace": [
  {
   "dn": -3000.0,
   "de": -3000.0,
   "cost": 0.0005275608752039705,
   "stage": "coarse"
  },
  {
   "dn": -2700.0,
   "de": -3000.0,
   "cost": 0.0005083337469436489,
   "stage": "coarse"
  },
  {
   "dn": -2400.0,
   "de": -3000.0,
   "cost": 0.0004925028304460498,
   "stage": "coarse"
  },
  {
   "dn": -2100.0,
   "de": -3000.0,
   "cost": 0.0004784568876667558,
   "stage": "coarse"
  },
  {
   "dn": -1800.0,
   "de": -3000.0,
   "cost": 0.0004677947837541342,
   "stage": "coarse"
  },
  {
   "dn": -1500.0,
   "de": -3000.0,
   "cost": 0.0004580872157138827,
   "stage": "coarse"
  },
  {
   "dn": -1200.0,
   "de": -3000.0,
   "cost": 0.00044927319271679633,
   "stage": "coarse"
  },
  {
   "dn": -900.0,
   "de": -3000.0,
   "cost": 0.0004423626746001056,
   "stage": "coarse"
  },
  {
   "dn": -600.0,
   "de": -3000.0,
   "cost": 0.00043507166997081107,
   "stage": "coarse"
  },
  {
   "dn": -300.0,
   "de": -3000.0,
   "cost": 0.00042841956159356086,
   "stage": "coarse"
  },
  {
   "dn": 0.0,
   "de": -3000.0,
   "cost": 0.00041970265624574263,
   "stage": "coarse"
  },
  {
   "dn": 300.0,
   "de": -3000.0,
   "cost": 0.0004174878462914493,
   "stage": "coarse"
  },
  {
   "dn": 240.0,
   "de": -3000.0,
   "cost": 0.0004122838060465638,
   "stage": "refine_60m"
  },
  {
   "dn": 255.0,
   "de": -3000.0,
   "cost": 0.00041197124203898376,
   "stage": "refine_15m"
  }
 ],
 "heading_window_deg": 6.0,
 "search_evals": 491,
 "cost": 0.00041197124203898376,
 "rms_mrad": 28.704398340288677,
 "n_photos": 1,
 "z_m": 17.0,
 "photos": [
  {
   "file": "PF_new_akyaka2.jpg",
   "fov_deg": 73.74,
   "heading_deg": 177.004,
   "pitch_deg": 0.0,
   "roll_deg": 0.0,
   "weight": 1.0,
   "rms_mrad": 28.704398340288677,
   "heading_offset_deg": 0.4,
   "el_offset_mrad": 10.122909661567109,
   "attitude_source": "prior"
  }
 ],
 "heading_offset_deg": 0.4,
 "el_offset_mrad": 10.122909661567109,
 "fov_deg": 73.74
}
wrote out/resweep/13_PF_new_akyaka2_w6.json/.png
