/usr/local/lib/python3.11/dist-packages/torchvision/models/_utils.py:207: UserWarning: The parameter 'pretrained' is deprecated since 0.13 and may be removed in the future, please use 'weights' instead.
  warnings.warn(
/usr/local/lib/python3.11/dist-packages/torchvision/models/_utils.py:222: UserWarning: Arguments other than a weight enum or `None` for 'weights' are deprecated since 0.13 and may be removed in the future. The current behavior is equivalent to passing `weights=None`.
  warnings.warn(msg)
photo 0: PF_new_akyaka2.jpg  fov 73.7, heading 177.004, pitch +0.00, roll +0.00, weight 1.00
z 17.0 m, box 6000 m at (37.04860,28.29299)
peak witness: 9 crests, median height residual +56 m (spread 167 m)
INCONCLUSIVE: ambiguous landscape: basin margin 0.02 < 0.15
INCONCLUSIVE: residual 28.9 mrad > 12.0: the DEM cannot explain this observation
INCONCLUSIVE: peak heights disagree: matched crests stand a median +56 m (spread 167 m) from the model at this fix (limits 30/90 m) — position error or DEM bias is leaking into the height channel
{
 "status": "inconclusive",
 "reasons": [
  "ambiguous landscape: basin margin 0.02 < 0.15",
  "residual 28.9 mrad > 12.0: the DEM cannot explain this observation",
  "peak heights disagree: matched crests stand a median +56 m (spread 167 m) from the model at this fix (limits 30/90 m) \u2014 position error or DEM bias is leaking into the height channel"
 ],
 "lat": 37.056424097971494,
 "lon": 28.283185898394382,
 "fix_ok": false,
 "basin_margin": 0.015385703968799786,
 "relief_mrad": 9.53425301787672,
 "dn_m": 870.0,
 "de_m": -870.0,
 "sigma_n_m": 99.48405227360702,
 "sigma_e_m": 101.56838209567002,
 "sigma_major_m": 110.58325374469442,
 "sigma_minor_m": 89.35634778540539,
 "major_bearing_deg": 47.833290612389355,
 "anisotropy": 1.2375534193750477,
 "jackknife": null,
 "subject_km": null,
 "dem_split_m": null,
 "peak_dh_m": 55.97090565493915,
 "peak_dh_mad_m": 166.94929676409444,
 "n_peaks": 9,
 "search_trace": [
  {
   "dn": -3000.0,
   "de": -3000.0,
   "cost": 0.000580336441273632,
   "stage": "coarse"
  },
  {
   "dn": -2700.0,
   "de": -3000.0,
   "cost": 0.0005489647037948244,
   "stage": "coarse"
  },
  {
   "dn": -2400.0,
   "de": -3000.0,
   "cost": 0.0005247056661407229,
   "stage": "coarse"
  },
  {
   "dn": -2100.0,
   "de": -3000.0,
   "cost": 0.0005188128341331768,
   "stage": "coarse"
  },
  {
   "dn": -1800.0,
   "de": -3000.0,
   "cost": 0.0005016781879166074,
   "stage": "coarse"
  },
  {
   "dn": -1500.0,
   "de": -3000.0,
   "cost": 0.0004949918846029413,
   "stage": "coarse"
  },
  {
   "dn": -1200.0,
   "de": -3000.0,
   "cost": 0.0004818614050183256,
   "stage": "coarse"
  },
  {
   "dn": -900.0,
   "de": -3000.0,
   "cost": 0.0004700612065476083,
   "stage": "coarse"
  },
  {
   "dn": -600.0,
   "de": -3000.0,
   "cost": 0.0004590783402009615,
   "stage": "coarse"
  },
  {
   "dn": -300.0,
   "de": -3000.0,
   "cost": 0.0004484895462211504,
   "stage": "coarse"
  },
  {
   "dn": 0.0,
   "de": -3000.0,
   "cost": 0.0004388322376759318,
   "stage": "coarse"
  },
  {
   "dn": 300.0,
   "de": -3000.0,
   "cost": 0.0004300757102228574,
   "stage": "coarse"
  },
  {
   "dn": 900.0,
   "de": -900.0,
   "cost": 0.0004235589574895891,
   "stage": "coarse"
  },
  {
   "dn": 840.0,
   "de": -900.0,
   "cost": 0.0004210265359693592,
   "stage": "refine_60m"
  },
  {
   "dn": 870.0,
   "de": -870.0,
   "cost": 0.00041843585312019985,
   "stage": "refine_15m"
  }
 ],
 "heading_window_deg": 30.0,
 "search_evals": 491,
 "cost": 0.00041843585312019985,
 "rms_mrad": 28.928734957484743,
 "n_photos": 1,
 "z_m": 17.0,
 "photos": [
  {
   "file": "PF_new_akyaka2.jpg",
   "fov_deg": 73.74,
   "heading_deg": 177.004,
   "pitch_deg": 0.0,
   "roll_deg": 0.0,
   "weight": 1.0,
   "rms_mrad": 28.928734957484743,
   "heading_offset_deg": 12.4,
   "el_offset_mrad": 10.122909661567109,
   "attitude_source": "prior"
  }
 ],
 "heading_offset_deg": 12.4,
 "el_offset_mrad": 10.122909661567109,
 "fov_deg": 73.74
}
wrote out/resweep/13_PF_new_akyaka2_w30.json/.png
