/usr/local/lib/python3.11/dist-packages/torchvision/models/_utils.py:207: UserWarning: The parameter 'pretrained' is deprecated since 0.13 and may be removed in the future, please use 'weights' instead.
  warnings.warn(
/usr/local/lib/python3.11/dist-packages/torchvision/models/_utils.py:222: UserWarning: Arguments other than a weight enum or `None` for 'weights' are deprecated since 0.13 and may be removed in the future. The current behavior is equivalent to passing `weights=None`.
  warnings.warn(msg)
photo 0: PF_20260823_175658_wide.jpg  fov 73.7, heading 200.551, pitch +0.00, roll +0.00, weight 1.00
z 4.0 m, box 6000 m at (36.64935,28.09263)
peak witness: 12 crests, median height residual -14 m (spread 14 m)
{
 "status": "ok",
 "reasons": [],
 "lat": 36.653666743708406,
 "lon": 28.090781474980766,
 "fix_ok": true,
 "basin_margin": 0.6344029212107619,
 "relief_mrad": 40.193230913816485,
 "dn_m": 480.0,
 "de_m": -165.0,
 "sigma_n_m": 256.81604374717784,
 "sigma_e_m": 289.698156532745,
 "sigma_major_m": 290.3107703677958,
 "sigma_minor_m": 256.1233273891313,
 "major_bearing_deg": 82.07284036862154,
 "anisotropy": 1.1334803952734969,
 "jackknife": null,
 "subject_km": null,
 "dem_split_m": null,
 "peak_dh_m": -13.868906504230491,
 "peak_dh_mad_m": 14.04892607635467,
 "n_peaks": 12,
 "search_trace": [
  {
   "dn": -3000.0,
   "de": -3000.0,
   "cost": 5.7672666723065184e-05,
   "stage": "coarse"
  },
  {
   "dn": -3000.0,
   "de": -2700.0,
   "cost": 4.2286443951641184e-05,
   "stage": "coarse"
  },
  {
   "dn": -2700.0,
   "de": -2100.0,
   "cost": 3.8695674739467933e-05,
   "stage": "coarse"
  },
  {
   "dn": -2700.0,
   "de": -1800.0,
   "cost": 3.0845555994070256e-05,
   "stage": "coarse"
  },
  {
   "dn": -2700.0,
   "de": -1500.0,
   "cost": 2.75810271932295e-05,
   "stage": "coarse"
  },
  {
   "dn": 300.0,
   "de": -1500.0,
   "cost": 2.5665950338875905e-05,
   "stage": "coarse"
  },
  {
   "dn": 300.0,
   "de": -1200.0,
   "cost": 2.2955023697166143e-05,
   "stage": "coarse"
  },
  {
   "dn": 300.0,
   "de": -900.0,
   "cost": 2.2008259916738214e-05,
   "stage": "coarse"
  },
  {
   "dn": 300.0,
   "de": -600.0,
   "cost": 1.9361126692877387e-05,
   "stage": "coarse"
  },
  {
   "dn": 300.0,
   "de": -300.0,
   "cost": 1.6253037369570724e-05,
   "stage": "coarse"
  },
  {
   "dn": 600.0,
   "de": -300.0,
   "cost": 1.4820179886039756e-05,
   "stage": "coarse"
  },
  {
   "dn": 480.0,
   "de": -180.0,
   "cost": 1.2971758327179886e-05,
   "stage": "refine_60m"
  },
  {
   "dn": 480.0,
   "de": -165.0,
   "cost": 1.2912086731728176e-05,
   "stage": "refine_15m"
  }
 ],
 "heading_window_deg": 30.0,
 "search_evals": 491,
 "cost": 1.2912086731728176e-05,
 "rms_mrad": 5.081749055537507,
 "n_photos": 1,
 "z_m": 4.0,
 "photos": [
  {
   "file": "PF_20260823_175658_wide.jpg",
   "fov_deg": 73.7,
   "heading_deg": 200.551,
   "pitch_deg": 0.0,
   "roll_deg": 0.0,
   "weight": 1.0,
   "rms_mrad": 5.081749055537507,
   "heading_offset_deg": -6.2,
   "el_offset_mrad": 2.02458193231342,
   "attitude_source": "prior"
  }
 ],
 "heading_offset_deg": -6.2,
 "el_offset_mrad": 2.02458193231342,
 "fov_deg": 73.7
}
wrote out/resweep/15_PF_20260823_175658_wide_w30.json/.png
