/usr/local/lib/python3.11/dist-packages/torchvision/models/_utils.py:207: UserWarning: The parameter 'pretrained' is deprecated since 0.13 and may be removed in the future, please use 'weights' instead.
  warnings.warn(
/usr/local/lib/python3.11/dist-packages/torchvision/models/_utils.py:222: UserWarning: Arguments other than a weight enum or `None` for 'weights' are deprecated since 0.13 and may be removed in the future. The current behavior is equivalent to passing `weights=None`.
  warnings.warn(msg)
extractor pre-check: eWaSR disagrees with the seam on 100% of columns — falling back to the seam
photo 0: PF_20260823_151556.jpg  fov 38.1, heading 232.066, pitch +0.00, roll +0.00, weight 1.00
z 6.0 m, box 6000 m at (36.64087,28.09550)
peak witness: 1 crests, median height residual +1 m (spread 0 m)
INCONCLUSIVE: minimum on the search-box boundary: the true position may lie outside the box
INCONCLUSIVE: residual 15.0 mrad > 12.0: the DEM cannot explain this observation
{
 "status": "inconclusive",
 "reasons": [
  "minimum on the search-box boundary: the true position may lie outside the box",
  "residual 15.0 mrad > 12.0: the DEM cannot explain this observation"
 ],
 "lat": 36.65408902760701,
 "lon": 28.127947184157485,
 "fix_ok": false,
 "basin_margin": 0.4460870274885044,
 "relief_mrad": 72.20287931536369,
 "dn_m": 1470.0,
 "de_m": 2895.0,
 "sigma_n_m": 230.70870646265712,
 "sigma_e_m": 277.23312228524264,
 "sigma_major_m": 279.0679657173545,
 "sigma_minor_m": 228.48584603881756,
 "major_bearing_deg": 78.49840037054678,
 "anisotropy": 1.221379663359732,
 "jackknife": null,
 "subject_km": null,
 "dem_split_m": null,
 "peak_dh_m": 0.9720862026710618,
 "peak_dh_mad_m": 0.0,
 "n_peaks": 1,
 "search_trace": [
  {
   "dn": -3000.0,
   "de": -3000.0,
   "cost": 0.0010794855453606263,
   "stage": "coarse"
  },
  {
   "dn": -3000.0,
   "de": -1800.0,
   "cost": 0.0010629163515104643,
   "stage": "coarse"
  },
  {
   "dn": -3000.0,
   "de": -1500.0,
   "cost": 0.0009730506318556269,
   "stage": "coarse"
  },
  {
   "dn": -3000.0,
   "de": -1200.0,
   "cost": 0.0009684598752791779,
   "stage": "coarse"
  },
  {
   "dn": -3000.0,
   "de": -900.0,
   "cost": 0.0008355823518110047,
   "stage": "coarse"
  },
  {
   "dn": -3000.0,
   "de": -600.0,
   "cost": 0.0008035963519699135,
   "stage": "coarse"
  },
  {
   "dn": -3000.0,
   "de": 0.0,
   "cost": 0.0007846216223798643,
   "stage": "coarse"
  },
  {
   "dn": -3000.0,
   "de": 300.0,
   "cost": 0.0006579668869904539,
   "stage": "coarse"
  },
  {
   "dn": -3000.0,
   "de": 600.0,
   "cost": 0.0003055321593065483,
   "stage": "coarse"
  },
  {
   "dn": -3000.0,
   "de": 900.0,
   "cost": 0.00021565442989505704,
   "stage": "coarse"
  },
  {
   "dn": -3000.0,
   "de": 1200.0,
   "cost": 0.00019509957730485551,
   "stage": "coarse"
  },
  {
   "dn": -2700.0,
   "de": 1500.0,
   "cost": 0.00018280097743011132,
   "stage": "coarse"
  },
  {
   "dn": -2700.0,
   "de": 1800.0,
   "cost": 0.00016973815928548246,
   "stage": "coarse"
  },
  {
   "dn": 1200.0,
   "de": 2700.0,
   "cost": 0.00014481741068349366,
   "stage": "coarse"
  },
  {
   "dn": 1200.0,
   "de": 3000.0,
   "cost": 0.00012637816652528978,
   "stage": "coarse"
  },
  {
   "dn": 1500.0,
   "de": 3000.0,
   "cost": 0.00011737755477986389,
   "stage": "coarse"
  },
  {
   "dn": 1500.0,
   "de": 2880.0,
   "cost": 0.0001120873839696268,
   "stage": "refine_60m"
  },
  {
   "dn": 1470.0,
   "de": 2895.0,
   "cost": 0.00011185722981099789,
   "stage": "refine_15m"
  }
 ],
 "heading_window_deg": 6.0,
 "search_evals": 491,
 "cost": 0.00011185722981099789,
 "rms_mrad": 14.9570872706552,
 "n_photos": 1,
 "z_m": 6.0,
 "photos": [
  {
   "file": "PF_20260823_151556.jpg",
   "fov_deg": 38.07,
   "heading_deg": 232.066,
   "pitch_deg": 0.0,
   "roll_deg": 0.0,
   "weight": 1.0,
   "rms_mrad": 14.9570872706552,
   "heading_offset_deg": -4.0,
   "el_offset_mrad": -10.12290966156711,
   "attitude_source": "prior"
  }
 ],
 "heading_offset_deg": -4.0,
 "el_offset_mrad": -10.12290966156711,
 "fov_deg": 38.07
}
wrote out/resweep/18_PF_20260823_151556_w6.json/.png
