/usr/local/lib/python3.11/dist-packages/torchvision/models/_utils.py:207: UserWarning: The parameter 'pretrained' is deprecated since 0.13 and may be removed in the future, please use 'weights' instead.
  warnings.warn(
/usr/local/lib/python3.11/dist-packages/torchvision/models/_utils.py:222: UserWarning: Arguments other than a weight enum or `None` for 'weights' are deprecated since 0.13 and may be removed in the future. The current behavior is equivalent to passing `weights=None`.
  warnings.warn(msg)
extractor pre-check: eWaSR disagrees with the seam on 45% of columns — falling back to the seam
photo 0: PF_20260823_153457.jpg  fov 38.1, heading 266.788, pitch +0.00, roll +0.00, weight 1.00
z 4.0 m, box 6000 m at (36.64085,28.09551)
INCONCLUSIVE: ambiguous landscape: basin margin 0.03 < 0.15
INCONCLUSIVE: residual 28.1 mrad > 12.0: the DEM cannot explain this observation
{
 "status": "inconclusive",
 "reasons": [
  "ambiguous landscape: basin margin 0.03 < 0.15",
  "residual 28.1 mrad > 12.0: the DEM cannot explain this observation"
 ],
 "lat": 36.64462715074486,
 "lon": 28.111818648119137,
 "fix_ok": false,
 "basin_margin": 0.032347920811687685,
 "relief_mrad": 245.86623662918063,
 "dn_m": 420.0,
 "de_m": 1455.0,
 "sigma_n_m": 679.3371140754517,
 "sigma_e_m": 297.2114674067283,
 "sigma_major_m": 697.0027878288122,
 "sigma_minor_m": 253.02309119384296,
 "major_bearing_deg": 166.10799732709248,
 "anisotropy": 2.754700310316077,
 "jackknife": null,
 "subject_km": null,
 "dem_split_m": null,
 "peak_dh_m": null,
 "peak_dh_mad_m": null,
 "n_peaks": 0,
 "search_trace": [
  {
   "dn": -3000.0,
   "de": -3000.0,
   "cost": 0.0007204020672641078,
   "stage": "coarse"
  },
  {
   "dn": -3000.0,
   "de": -1800.0,
   "cost": 0.000712192205179028,
   "stage": "coarse"
  },
  {
   "dn": -3000.0,
   "de": -1500.0,
   "cost": 0.0007061556336192908,
   "stage": "coarse"
  },
  {
   "dn": -3000.0,
   "de": -900.0,
   "cost": 0.0006597571754620912,
   "stage": "coarse"
  },
  {
   "dn": -3000.0,
   "de": -600.0,
   "cost": 0.00048020372784675884,
   "stage": "coarse"
  },
  {
   "dn": -3000.0,
   "de": 0.0,
   "cost": 0.0004598434860398009,
   "stage": "coarse"
  },
  {
   "dn": -3000.0,
   "de": 300.0,
   "cost": 0.00041170332292422173,
   "stage": "coarse"
  },
  {
   "dn": 300.0,
   "de": 1500.0,
   "cost": 0.0003988028789756445,
   "stage": "coarse"
  },
  {
   "dn": 420.0,
   "de": 1440.0,
   "cost": 0.0003978643830916544,
   "stage": "refine_60m"
  },
  {
   "dn": 420.0,
   "de": 1455.0,
   "cost": 0.00039513505864739365,
   "stage": "refine_15m"
  }
 ],
 "heading_window_deg": 30.0,
 "search_evals": 491,
 "cost": 0.00039513505864739365,
 "rms_mrad": 28.111743405466463,
 "n_photos": 1,
 "z_m": 4.0,
 "photos": [
  {
   "file": "PF_20260823_153457.jpg",
   "fov_deg": 38.07,
   "heading_deg": 266.788,
   "pitch_deg": 0.0,
   "roll_deg": 0.0,
   "weight": 1.0,
   "rms_mrad": 28.111743405466463,
   "heading_offset_deg": -28.6,
   "el_offset_mrad": -10.12290966156711,
   "attitude_source": "prior"
  }
 ],
 "heading_offset_deg": -28.6,
 "el_offset_mrad": -10.12290966156711,
 "fov_deg": 38.07
}
wrote out/resweep/20_PF_20260823_153457_w30.json/.png
