/usr/local/lib/python3.11/dist-packages/torchvision/models/_utils.py:207: UserWarning: The parameter 'pretrained' is deprecated since 0.13 and may be removed in the future, please use 'weights' instead.
  warnings.warn(
/usr/local/lib/python3.11/dist-packages/torchvision/models/_utils.py:222: UserWarning: Arguments other than a weight enum or `None` for 'weights' are deprecated since 0.13 and may be removed in the future. The current behavior is equivalent to passing `weights=None`.
  warnings.warn(msg)
extractor pre-check: eWaSR disagrees with the seam on 74% of columns — falling back to the seam
photo 0: PF_20260823_165639.jpg  fov 38.1, heading 324.701, pitch +0.00, roll +0.00, weight 1.00
z 4.0 m, box 6000 m at (36.64116,28.09566)
peak witness: 2 crests, median height residual -6 m (spread 8 m)
INCONCLUSIVE: minimum on the search-box boundary: the true position may lie outside the box
{
 "status": "inconclusive",
 "reasons": [
  "minimum on the search-box boundary: the true position may lie outside the box"
 ],
 "lat": 36.66368900622826,
 "lon": 28.12978951477495,
 "fix_ok": false,
 "basin_margin": 0.41286180845458176,
 "relief_mrad": 44.16133288858816,
 "dn_m": 2505.0,
 "de_m": 3045.0,
 "sigma_n_m": 130.0248232826051,
 "sigma_e_m": 255.94157929137106,
 "sigma_major_m": 261.6567441834528,
 "sigma_minor_m": 118.10289963903939,
 "major_bearing_deg": 76.5296205815962,
 "anisotropy": 2.215498052826479,
 "jackknife": null,
 "subject_km": null,
 "dem_split_m": null,
 "peak_dh_m": -5.912570619065807,
 "peak_dh_mad_m": 8.291866197605025,
 "n_peaks": 2,
 "search_trace": [
  {
   "dn": -3000.0,
   "de": -3000.0,
   "cost": 0.0014012651346043238,
   "stage": "coarse"
  },
  {
   "dn": -3000.0,
   "de": -2700.0,
   "cost": 0.0014008691462571836,
   "stage": "coarse"
  },
  {
   "dn": -3000.0,
   "de": -2400.0,
   "cost": 0.0013985322167727094,
   "stage": "coarse"
  },
  {
   "dn": -3000.0,
   "de": -900.0,
   "cost": 0.0012340533594172864,
   "stage": "coarse"
  },
  {
   "dn": -3000.0,
   "de": -600.0,
   "cost": 0.0010333501119896941,
   "stage": "coarse"
  },
  {
   "dn": -3000.0,
   "de": -300.0,
   "cost": 0.0006707962852970827,
   "stage": "coarse"
  },
  {
   "dn": -3000.0,
   "de": 0.0,
   "cost": 0.0006429589359116999,
   "stage": "coarse"
  },
  {
   "dn": -3000.0,
   "de": 1200.0,
   "cost": 0.0005854272691370556,
   "stage": "coarse"
  },
  {
   "dn": -3000.0,
   "de": 1500.0,
   "cost": 0.0004847828626345194,
   "stage": "coarse"
  },
  {
   "dn": -3000.0,
   "de": 1800.0,
   "cost": 0.0004806179107401189,
   "stage": "coarse"
  },
  {
   "dn": -3000.0,
   "de": 2400.0,
   "cost": 0.00039490541358954334,
   "stage": "coarse"
  },
  {
   "dn": -3000.0,
   "de": 2700.0,
   "cost": 0.00022702591505432423,
   "stage": "coarse"
  },
  {
   "dn": -300.0,
   "de": 2400.0,
   "cost": 0.00019104087283918717,
   "stage": "coarse"
  },
  {
   "dn": 0.0,
   "de": 2700.0,
   "cost": 0.00012147114644607586,
   "stage": "coarse"
  },
  {
   "dn": 2400.0,
   "de": 3000.0,
   "cost": 8.597524946827148e-05,
   "stage": "coarse"
  },
  {
   "dn": 2520.0,
   "de": 3060.0,
   "cost": 5.487557309933381e-05,
   "stage": "refine_60m"
  },
  {
   "dn": 2505.0,
   "de": 3045.0,
   "cost": 5.4522660213420735e-05,
   "stage": "refine_15m"
  }
 ],
 "heading_window_deg": 6.0,
 "search_evals": 491,
 "cost": 5.4522660213420735e-05,
 "rms_mrad": 10.4424767381518,
 "n_photos": 1,
 "z_m": 4.0,
 "photos": [
  {
   "file": "PF_20260823_165639.jpg",
   "fov_deg": 38.07,
   "heading_deg": 324.701,
   "pitch_deg": 0.0,
   "roll_deg": 0.0,
   "weight": 1.0,
   "rms_mrad": 10.4424767381518,
   "heading_offset_deg": 5.0,
   "el_offset_mrad": -10.12290966156711,
   "attitude_source": "prior"
  }
 ],
 "heading_offset_deg": 5.0,
 "el_offset_mrad": -10.12290966156711,
 "fov_deg": 38.07
}
wrote out/resweep/21_PF_20260823_165639_w6.json/.png
