/usr/local/lib/python3.11/dist-packages/torchvision/models/_utils.py:207: UserWarning: The parameter 'pretrained' is deprecated since 0.13 and may be removed in the future, please use 'weights' instead.
  warnings.warn(
/usr/local/lib/python3.11/dist-packages/torchvision/models/_utils.py:222: UserWarning: Arguments other than a weight enum or `None` for 'weights' are deprecated since 0.13 and may be removed in the future. The current behavior is equivalent to passing `weights=None`.
  warnings.warn(msg)
extractor pre-check: eWaSR disagrees with the seam on 42% of columns — falling back to the seam
photo 0: PF_new_milas1.jpg  fov 69.0, heading 334.813, pitch +0.00, roll +0.00, weight 1.00
z 6.0 m, box 6000 m at (37.24433,27.67671)
peak witness: 6 crests, median height residual -44 m (spread 37 m)
INCONCLUSIVE: ambiguous landscape: basin margin 0.04 < 0.15
INCONCLUSIVE: peak heights disagree: matched crests stand a median -44 m (spread 37 m) from the model at this fix (limits 30/90 m) — position error or DEM bias is leaking into the height channel
{
 "status": "inconclusive",
 "reasons": [
  "ambiguous landscape: basin margin 0.04 < 0.15",
  "peak heights disagree: matched crests stand a median -44 m (spread 37 m) from the model at this fix (limits 30/90 m) \u2014 position error or DEM bias is leaking into the height channel"
 ],
 "lat": 37.241228340459585,
 "lon": 27.68586167674652,
 "fix_ok": false,
 "basin_margin": 0.041091882306189216,
 "relief_mrad": 36.60118126630411,
 "dn_m": -345.0,
 "de_m": 810.0,
 "sigma_n_m": 1507.71490862107,
 "sigma_e_m": 1189.3418351597543,
 "sigma_major_m": 1523.1131286728146,
 "sigma_minor_m": 1169.557456392769,
 "major_bearing_deg": 167.2081925564191,
 "anisotropy": 1.3022986774591707,
 "jackknife": null,
 "subject_km": null,
 "dem_split_m": null,
 "peak_dh_m": -43.59230604966026,
 "peak_dh_mad_m": 37.2752997378689,
 "n_peaks": 6,
 "search_trace": [
  {
   "dn": -3000.0,
   "de": -3000.0,
   "cost": 0.0004069613079630667,
   "stage": "coarse"
  },
  {
   "dn": -3000.0,
   "de": -2400.0,
   "cost": 0.0004035885056171839,
   "stage": "coarse"
  },
  {
   "dn": -3000.0,
   "de": -2100.0,
   "cost": 0.00035114641047143076,
   "stage": "coarse"
  },
  {
   "dn": -3000.0,
   "de": -1800.0,
   "cost": 0.00026630074004018497,
   "stage": "coarse"
  },
  {
   "dn": -3000.0,
   "de": -1500.0,
   "cost": 0.0001746263120884225,
   "stage": "coarse"
  },
  {
   "dn": -3000.0,
   "de": -1200.0,
   "cost": 0.00014228493025711337,
   "stage": "coarse"
  },
  {
   "dn": -3000.0,
   "de": -900.0,
   "cost": 8.277547630473717e-05,
   "stage": "coarse"
  },
  {
   "dn": -3000.0,
   "de": -600.0,
   "cost": 5.780888989720853e-05,
   "stage": "coarse"
  },
  {
   "dn": -3000.0,
   "de": -300.0,
   "cost": 4.8635774016330926e-05,
   "stage": "coarse"
  },
  {
   "dn": -3000.0,
   "de": 0.0,
   "cost": 4.661414698348668e-05,
   "stage": "coarse"
  },
  {
   "dn": -3000.0,
   "de": 900.0,
   "cost": 4.2632663928357246e-05,
   "stage": "coarse"
  },
  {
   "dn": -3000.0,
   "de": 1800.0,
   "cost": 4.06212781575091e-05,
   "stage": "coarse"
  },
  {
   "dn": -3000.0,
   "de": 2100.0,
   "cost": 3.750360480987457e-05,
   "stage": "coarse"
  },
  {
   "dn": -3000.0,
   "de": 2400.0,
   "cost": 3.729480805999061e-05,
   "stage": "coarse"
  },
  {
   "dn": -2700.0,
   "de": 1800.0,
   "cost": 3.694782859377367e-05,
   "stage": "coarse"
  },
  {
   "dn": -2700.0,
   "de": 2100.0,
   "cost": 3.527392572241195e-05,
   "stage": "coarse"
  },
  {
   "dn": -2400.0,
   "de": 1500.0,
   "cost": 3.457295093066433e-05,
   "stage": "coarse"
  },
  {
   "dn": -2100.0,
   "de": 1800.0,
   "cost": 3.3833116647264614e-05,
   "stage": "coarse"
  },
  {
   "dn": -1800.0,
   "de": 1200.0,
   "cost": 3.32895481698374e-05,
   "stage": "coarse"
  },
  {
   "dn": -1800.0,
   "de": 1500.0,
   "cost": 3.303231683332675e-05,
   "stage": "coarse"
  },
  {
   "dn": -1200.0,
   "de": 900.0,
   "cost": 3.287052540278473e-05,
   "stage": "coarse"
  },
  {
   "dn": -1200.0,
   "de": 1200.0,
   "cost": 3.273668266084554e-05,
   "stage": "coarse"
  },
  {
   "dn": -900.0,
   "de": 900.0,
   "cost": 3.2301589254861954e-05,
   "stage": "coarse"
  },
  {
   "dn": -900.0,
   "de": 1200.0,
   "cost": 3.199502870813086e-05,
   "stage": "coarse"
  },
  {
   "dn": -600.0,
   "de": 900.0,
   "cost": 3.188907665792234e-05,
   "stage": "coarse"
  },
  {
   "dn": -300.0,
   "de": 900.0,
   "cost": 3.172853174126644e-05,
   "stage": "coarse"
  },
  {
   "dn": -360.0,
   "de": 780.0,
   "cost": 3.15911815978909e-05,
   "stage": "refine_60m"
  },
  {
   "dn": -345.0,
   "de": 810.0,
   "cost": 3.1574730704500846e-05,
   "stage": "refine_15m"
  }
 ],
 "heading_window_deg": 6.0,
 "search_evals": 491,
 "cost": 3.1574730704500846e-05,
 "rms_mrad": 7.946663539436013,
 "n_photos": 1,
 "z_m": 6.0,
 "photos": [
  {
   "file": "PF_new_milas1.jpg",
   "fov_deg": 69.0,
   "heading_deg": 334.813,
   "pitch_deg": 0.0,
   "roll_deg": 0.0,
   "weight": 1.0,
   "rms_mrad": 7.946663539436013,
   "heading_offset_deg": -4.800000000000001,
   "el_offset_mrad": 10.122909661567109,
   "attitude_source": "prior"
  }
 ],
 "heading_offset_deg": -4.800000000000001,
 "el_offset_mrad": 10.122909661567109,
 "fov_deg": 69.0
}
wrote out/resweep/25_PF_new_milas1_w6.json/.png
