/usr/local/lib/python3.11/dist-packages/torchvision/models/_utils.py:207: UserWarning: The parameter 'pretrained' is deprecated since 0.13 and may be removed in the future, please use 'weights' instead.
  warnings.warn(
/usr/local/lib/python3.11/dist-packages/torchvision/models/_utils.py:222: UserWarning: Arguments other than a weight enum or `None` for 'weights' are deprecated since 0.13 and may be removed in the future. The current behavior is equivalent to passing `weights=None`.
  warnings.warn(msg)
photo 0: wide.jpg  fov 71.6, heading 25.0, pitch +0.00, roll +0.00, weight 1.00
z 5.0 m, box 6000 m at (36.96220,27.23840)
peak witness: 15 crests, median height residual -10 m (spread 7 m)
{
 "status": "ok",
 "reasons": [],
 "lat": 36.960851017591125,
 "lon": 27.236371075966538,
 "fix_ok": true,
 "basin_margin": 2.8041297448465423,
 "relief_mrad": 21.767148797371714,
 "dn_m": -150.0,
 "de_m": -180.0,
 "sigma_n_m": 132.75440491651793,
 "sigma_e_m": 161.5419875672122,
 "sigma_major_m": 163.0320735262084,
 "sigma_minor_m": 130.92016183021283,
 "major_bearing_deg": 76.91739921003753,
 "anisotropy": 1.2452785823595354,
 "jackknife": null,
 "subject_km": null,
 "dem_split_m": null,
 "peak_dh_m": -10.324610070712435,
 "peak_dh_mad_m": 7.241282820749786,
 "n_peaks": 15,
 "search_trace": [
  {
   "dn": -3000.0,
   "de": -3000.0,
   "cost": 4.243361493529999e-05,
   "stage": "coarse"
  },
  {
   "dn": -3000.0,
   "de": -2700.0,
   "cost": 4.114225911881601e-05,
   "stage": "coarse"
  },
  {
   "dn": -3000.0,
   "de": -2400.0,
   "cost": 4.00303161698448e-05,
   "stage": "coarse"
  },
  {
   "dn": -3000.0,
   "de": -2100.0,
   "cost": 3.928033962646755e-05,
   "stage": "coarse"
  },
  {
   "dn": -3000.0,
   "de": -1800.0,
   "cost": 3.861798863232183e-05,
   "stage": "coarse"
  },
  {
   "dn": -3000.0,
   "de": -1500.0,
   "cost": 3.77093375593664e-05,
   "stage": "coarse"
  },
  {
   "dn": -3000.0,
   "de": -1200.0,
   "cost": 3.681479338263634e-05,
   "stage": "coarse"
  },
  {
   "dn": -3000.0,
   "de": -900.0,
   "cost": 3.6119819313179385e-05,
   "stage": "coarse"
  },
  {
   "dn": -3000.0,
   "de": -600.0,
   "cost": 3.5505608020548954e-05,
   "stage": "coarse"
  },
  {
   "dn": -3000.0,
   "de": -300.0,
   "cost": 3.4500601337578234e-05,
   "stage": "coarse"
  },
  {
   "dn": -3000.0,
   "de": 0.0,
   "cost": 3.331182445883666e-05,
   "stage": "coarse"
  },
  {
   "dn": -3000.0,
   "de": 300.0,
   "cost": 3.266444593264872e-05,
   "stage": "coarse"
  },
  {
   "dn": -3000.0,
   "de": 600.0,
   "cost": 3.185940668313636e-05,
   "stage": "coarse"
  },
  {
   "dn": -3000.0,
   "de": 900.0,
   "cost": 3.115187972987304e-05,
   "stage": "coarse"
  },
  {
   "dn": -3000.0,
   "de": 1200.0,
   "cost": 3.065755580112535e-05,
   "stage": "coarse"
  },
  {
   "dn": -3000.0,
   "de": 1500.0,
   "cost": 3.064571998423968e-05,
   "stage": "coarse"
  },
  {
   "dn": -3000.0,
   "de": 1800.0,
   "cost": 2.920092041830262e-05,
   "stage": "coarse"
  },
  {
   "dn": -2700.0,
   "de": 900.0,
   "cost": 2.913311304169067e-05,
   "stage": "coarse"
  },
  {
   "dn": -2700.0,
   "de": 1200.0,
   "cost": 2.8780460297001797e-05,
   "stage": "coarse"
  },
  {
   "dn": -2700.0,
   "de": 1800.0,
   "cost": 2.7664729170083273e-05,
   "stage": "coarse"
  },
  {
   "dn": -2400.0,
   "de": 0.0,
   "cost": 2.752024484785371e-05,
   "stage": "coarse"
  },
  {
   "dn": -2400.0,
   "de": 300.0,
   "cost": 2.7407745584789102e-05,
   "stage": "coarse"
  },
  {
   "dn": -2400.0,
   "de": 600.0,
   "cost": 2.6726782980207256e-05,
   "stage": "coarse"
  },
  {
   "dn": -2400.0,
   "de": 900.0,
   "cost": 2.6248450859848682e-05,
   "stage": "coarse"
  },
  {
   "dn": -2100.0,
   "de": -300.0,
   "cost": 2.5344390342393638e-05,
   "stage": "coarse"
  },
  {
   "dn": -2100.0,
   "de": 0.0,
   "cost": 2.45580109092252e-05,
   "stage": "coarse"
  },
  {
   "dn": -2100.0,
   "de": 600.0,
   "cost": 2.410585023346862e-05,
   "stage": "coarse"
  },
  {
   "dn": -2100.0,
   "de": 900.0,
   "cost": 2.3980572247715818e-05,
   "stage": "coarse"
  },
  {
   "dn": -1800.0,
   "de": -300.0,
   "cost": 2.2644692041052287e-05,
   "stage": "coarse"
  },
  {
   "dn": -1800.0,
   "de": 0.0,
   "cost": 2.2077052509076157e-05,
   "stage": "coarse"
  },
  {
   "dn": -1800.0,
   "de": 300.0,
   "cost": 2.1371714275900758e-05,
   "stage": "coarse"
  },
  {
   "dn": -1800.0,
   "de": 600.0,
   "cost": 2.128097889226867e-05,
   "stage": "coarse"
  },
  {
   "dn": -1500.0,
   "de": -300.0,
   "cost": 1.9524828256906804e-05,
   "stage": "coarse"
  },
  {
   "dn": -1500.0,
   "de": 0.0,
   "cost": 1.900490530445822e-05,
   "stage": "coarse"
  },
  {
   "dn": -1500.0,
   "de": 300.0,
   "cost": 1.845320962129013e-05,
   "stage": "coarse"
  },
  {
   "dn": -1200.0,
   "de": -900.0,
   "cost": 1.8252881008751735e-05,
   "stage": "coarse"
  },
  {
   "dn": -1200.0,
   "de": -600.0,
   "cost": 1.7078049926296046e-05,
   "stage": "coarse"
  },
  {
   "dn": -1200.0,
   "de": -300.0,
   "cost": 1.5910453940473893e-05,
   "stage": "coarse"
  },
  {
   "dn": -900.0,
   "de": -900.0,
   "cost": 1.4543366413306934e-05,
   "stage": "coarse"
  },
  {
   "dn": -900.0,
   "de": -600.0,
   "cost": 1.2089057017086977e-05,
   "stage": "coarse"
  },
  {
   "dn": -600.0,
   "de": -900.0,
   "cost": 1.1453941782638798e-05,
   "stage": "coarse"
  },
  {
   "dn": -600.0,
   "de": -600.0,
   "cost": 8.158385634581402e-06,
   "stage": "coarse"
  },
  {
   "dn": -600.0,
   "de": -300.0,
   "cost": 7.542003958547098e-06,
   "stage": "coarse"
  },
  {
   "dn": -300.0,
   "de": -600.0,
   "cost": 6.731260492316763e-06,
   "stage": "coarse"
  },
  {
   "dn": -300.0,
   "de": -300.0,
   "cost": 3.617686384959904e-06,
   "stage": "coarse"
  },
  {
   "dn": -180.0,
   "de": -180.0,
   "cost": 2.2620201347148705e-06,
   "stage": "refine_60m"
  },
  {
   "dn": -150.0,
   "de": -180.0,
   "cost": 2.1185803182816045e-06,
   "stage": "refine_15m"
  }
 ],
 "heading_window_deg": 30.0,
 "search_evals": 491,
 "cost": 2.1185803182816045e-06,
 "rms_mrad": 2.0584364543417926,
 "n_photos": 1,
 "z_m": 5.0,
 "photos": [
  {
   "file": "wide.jpg",
   "fov_deg": 71.583,
   "heading_deg": 25.0,
   "pitch_deg": 0.0,
   "roll_deg": 0.0,
   "weight": 1.0,
   "rms_mrad": 2.0584364543417926,
   "heading_offset_deg": 0.4,
   "el_offset_mrad": -8.09832772925369,
   "attitude_source": "prior"
  }
 ],
 "heading_offset_deg": 0.4,
 "el_offset_mrad": -8.09832772925369,
 "fov_deg": 71.583
}
wrote out/resweep/26_wide_w30.json/.png
