/usr/local/lib/python3.11/dist-packages/torchvision/models/_utils.py:207: UserWarning: The parameter 'pretrained' is deprecated since 0.13 and may be removed in the future, please use 'weights' instead.
  warnings.warn(
/usr/local/lib/python3.11/dist-packages/torchvision/models/_utils.py:222: UserWarning: Arguments other than a weight enum or `None` for 'weights' are deprecated since 0.13 and may be removed in the future. The current behavior is equivalent to passing `weights=None`.
  warnings.warn(msg)
photo 0: strait3.jpg  fov 71.6, heading 300.0, pitch +0.00, roll +0.00, weight 1.00
z 5.0 m, box 6000 m at (36.94110,27.26610)
peak witness: 10 crests, median height residual -23 m (spread 33 m)
INCONCLUSIVE: ambiguous landscape: basin margin 0.11 < 0.15
INCONCLUSIVE: minimum on the search-box boundary: the true position may lie outside the box
{
 "status": "inconclusive",
 "reasons": [
  "ambiguous landscape: basin margin 0.11 < 0.15",
  "minimum on the search-box boundary: the true position may lie outside the box"
 ],
 "lat": 36.929495751283646,
 "lon": 27.230656150834974,
 "fix_ok": false,
 "basin_margin": 0.1068882009501864,
 "relief_mrad": 6.828972837399302,
 "dn_m": -1290.0,
 "de_m": -3150.0,
 "sigma_n_m": 1266.025404703799,
 "sigma_e_m": 1116.8010342414314,
 "sigma_major_m": 1296.8343607954148,
 "sigma_minor_m": 1080.8725716283566,
 "major_bearing_deg": 23.087280579921014,
 "anisotropy": 1.1998031912695382,
 "jackknife": null,
 "subject_km": null,
 "dem_split_m": null,
 "peak_dh_m": -23.22212724893535,
 "peak_dh_mad_m": 32.757509079828225,
 "n_peaks": 10,
 "search_trace": [
  {
   "dn": -3000.0,
   "de": -3000.0,
   "cost": 3.472132599866708e-05,
   "stage": "coarse"
  },
  {
   "dn": -3000.0,
   "de": -2700.0,
   "cost": 3.326331420851592e-05,
   "stage": "coarse"
  },
  {
   "dn": -3000.0,
   "de": -2400.0,
   "cost": 3.290657822861745e-05,
   "stage": "coarse"
  },
  {
   "dn": -3000.0,
   "de": -1800.0,
   "cost": 3.281160432510489e-05,
   "stage": "coarse"
  },
  {
   "dn": -3000.0,
   "de": -300.0,
   "cost": 3.23965051303724e-05,
   "stage": "coarse"
  },
  {
   "dn": -3000.0,
   "de": 0.0,
   "cost": 3.1594353131414494e-05,
   "stage": "coarse"
  },
  {
   "dn": -1200.0,
   "de": -3000.0,
   "cost": 2.854340041233879e-05,
   "stage": "coarse"
  },
  {
   "dn": -1320.0,
   "de": -3120.0,
   "cost": 2.8247308795596694e-05,
   "stage": "refine_60m"
  },
  {
   "dn": -1290.0,
   "de": -3150.0,
   "cost": 2.8209831977269596e-05,
   "stage": "refine_15m"
  }
 ],
 "heading_window_deg": 30.0,
 "search_evals": 491,
 "cost": 2.8209831977269596e-05,
 "rms_mrad": 7.511302413998466,
 "n_photos": 1,
 "z_m": 5.0,
 "photos": [
  {
   "file": "strait3.jpg",
   "fov_deg": 71.583,
   "heading_deg": 300.0,
   "pitch_deg": 0.0,
   "roll_deg": 0.0,
   "weight": 1.0,
   "rms_mrad": 7.511302413998466,
   "heading_offset_deg": 28.400000000000002,
   "el_offset_mrad": 10.122909661567109,
   "attitude_source": "prior"
  }
 ],
 "heading_offset_deg": 28.400000000000002,
 "el_offset_mrad": 10.122909661567109,
 "fov_deg": 71.583
}
wrote out/resweep/30_strait3_w30.json/.png
