/usr/local/lib/python3.11/dist-packages/torchvision/models/_utils.py:207: UserWarning: The parameter 'pretrained' is deprecated since 0.13 and may be removed in the future, please use 'weights' instead.
  warnings.warn(
/usr/local/lib/python3.11/dist-packages/torchvision/models/_utils.py:222: UserWarning: Arguments other than a weight enum or `None` for 'weights' are deprecated since 0.13 and may be removed in the future. The current behavior is equivalent to passing `weights=None`.
  warnings.warn(msg)
photo 0: EWAC7374.JPG  fov 20.4, heading 347.645, pitch +0.00, roll +0.00, weight 1.00
z 4.1 m, box 6000 m at (38.80561,26.97368)
peak witness: 3 crests, median height residual -7 m (spread 29 m)
{
 "status": "ok",
 "reasons": [],
 "lat": 38.791584582947664,
 "lon": 26.96779736145095,
 "fix_ok": true,
 "basin_margin": 0.3438716413106219,
 "relief_mrad": 6.43659904512762,
 "dn_m": -1560.0,
 "de_m": -510.0,
 "sigma_n_m": 37.914679602219564,
 "sigma_e_m": 53.83993180285125,
 "sigma_major_m": 56.078372507312636,
 "sigma_minor_m": 34.51778270407472,
 "major_bearing_deg": 69.21185260024511,
 "anisotropy": 1.624622676029905,
 "jackknife": null,
 "subject_km": null,
 "dem_split_m": null,
 "peak_dh_m": -6.807582678238707,
 "peak_dh_mad_m": 28.718025675180147,
 "n_peaks": 3,
 "search_trace": [
  {
   "dn": -3000.0,
   "de": -3000.0,
   "cost": 3.0522509083030434e-05,
   "stage": "coarse"
  },
  {
   "dn": -3000.0,
   "de": -2700.0,
   "cost": 2.7625983231295878e-05,
   "stage": "coarse"
  },
  {
   "dn": -3000.0,
   "de": -2400.0,
   "cost": 2.4577691585749235e-05,
   "stage": "coarse"
  },
  {
   "dn": -2700.0,
   "de": -2700.0,
   "cost": 1.459292476854838e-05,
   "stage": "coarse"
  },
  {
   "dn": -2400.0,
   "de": -2100.0,
   "cost": 1.4165892980395384e-05,
   "stage": "coarse"
  },
  {
   "dn": -1800.0,
   "de": -600.0,
   "cost": 3.1354335656382094e-06,
   "stage": "coarse"
  },
  {
   "dn": -1500.0,
   "de": -1200.0,
   "cost": 1.0553645169914628e-06,
   "stage": "coarse"
  },
  {
   "dn": -1500.0,
   "de": -900.0,
   "cost": 9.340848529947998e-07,
   "stage": "coarse"
  },
  {
   "dn": -1500.0,
   "de": -600.0,
   "cost": 8.526745645256824e-07,
   "stage": "coarse"
  },
  {
   "dn": -1560.0,
   "de": -480.0,
   "cost": 8.469583415089999e-07,
   "stage": "refine_60m"
  },
  {
   "dn": -1560.0,
   "de": -510.0,
   "cost": 8.41268552464735e-07,
   "stage": "refine_15m"
  }
 ],
 "heading_window_deg": 6.0,
 "search_evals": 491,
 "cost": 8.41268552464735e-07,
 "rms_mrad": 1.2971264799276399,
 "n_photos": 1,
 "z_m": 4.1,
 "photos": [
  {
   "file": "EWAC7374.JPG",
   "fov_deg": 20.408,
   "heading_deg": 347.645,
   "pitch_deg": 0.0,
   "roll_deg": 0.0,
   "weight": 1.0,
   "rms_mrad": 1.2971264799276399,
   "heading_offset_deg": -2.6,
   "el_offset_mrad": 10.122909661567109,
   "attitude_source": "prior"
  }
 ],
 "heading_offset_deg": -2.6,
 "el_offset_mrad": 10.122909661567109,
 "fov_deg": 20.408
}
wrote out/resweep/31_EWAC7374_w6.json/.png
