/usr/local/lib/python3.11/dist-packages/torchvision/models/_utils.py:207: UserWarning: The parameter 'pretrained' is deprecated since 0.13 and may be removed in the future, please use 'weights' instead.
  warnings.warn(
/usr/local/lib/python3.11/dist-packages/torchvision/models/_utils.py:222: UserWarning: Arguments other than a weight enum or `None` for 'weights' are deprecated since 0.13 and may be removed in the future. The current behavior is equivalent to passing `weights=None`.
  warnings.warn(msg)
photo 0: KWHC9160.JPG  fov 10.3, heading 244.345, pitch +0.00, roll +0.00, weight 1.00
z 2.5 m, box 6000 m at (40.90622,29.13945)
peak witness: 1 crests, median height residual -7 m (spread 0 m)
INCONCLUSIVE: ambiguous landscape: basin margin 0.12 < 0.15
{
 "status": "inconclusive",
 "reasons": [
  "ambiguous landscape: basin margin 0.12 < 0.15"
 ],
 "lat": 40.89866769851028,
 "lon": 29.138911535371307,
 "fix_ok": false,
 "basin_margin": 0.11822884134641912,
 "relief_mrad": 6.499198265352221,
 "dn_m": -840.0,
 "de_m": -45.0,
 "sigma_n_m": 150.58119770740248,
 "sigma_e_m": 90.09046072585068,
 "sigma_major_m": 158.14135113740082,
 "sigma_minor_m": 76.04144447095392,
 "major_bearing_deg": 20.390586950763748,
 "anisotropy": 2.0796731603094045,
 "jackknife": null,
 "subject_km": null,
 "dem_split_m": null,
 "peak_dh_m": -6.656676018188757,
 "peak_dh_mad_m": 0.0,
 "n_peaks": 1,
 "search_trace": [
  {
   "dn": -3000.0,
   "de": -3000.0,
   "cost": 5.2365025496813907e-05,
   "stage": "coarse"
  },
  {
   "dn": -3000.0,
   "de": -900.0,
   "cost": 5.127946743014349e-05,
   "stage": "coarse"
  },
  {
   "dn": -3000.0,
   "de": -600.0,
   "cost": 4.179181122137169e-05,
   "stage": "coarse"
  },
  {
   "dn": -3000.0,
   "de": -300.0,
   "cost": 3.897462360876107e-05,
   "stage": "coarse"
  },
  {
   "dn": -3000.0,
   "de": 0.0,
   "cost": 3.3849893547494453e-05,
   "stage": "coarse"
  },
  {
   "dn": -3000.0,
   "de": 300.0,
   "cost": 2.6875358199450284e-05,
   "stage": "coarse"
  },
  {
   "dn": -3000.0,
   "de": 600.0,
   "cost": 3.51835809563492e-06,
   "stage": "coarse"
  },
  {
   "dn": -3000.0,
   "de": 1200.0,
   "cost": 3.2867154234268427e-06,
   "stage": "coarse"
  },
  {
   "dn": -3000.0,
   "de": 1500.0,
   "cost": 3.083321777194228e-06,
   "stage": "coarse"
  },
  {
   "dn": -3000.0,
   "de": 1800.0,
   "cost": 2.9038868794409533e-06,
   "stage": "coarse"
  },
  {
   "dn": -3000.0,
   "de": 2100.0,
   "cost": 2.611554739981029e-06,
   "stage": "coarse"
  },
  {
   "dn": -3000.0,
   "de": 2400.0,
   "cost": 2.2475751216456883e-06,
   "stage": "coarse"
  },
  {
   "dn": -3000.0,
   "de": 2700.0,
   "cost": 1.8196258021564585e-06,
   "stage": "coarse"
  },
  {
   "dn": -3000.0,
   "de": 3000.0,
   "cost": 1.7472903942784677e-06,
   "stage": "coarse"
  },
  {
   "dn": -2700.0,
   "de": 1800.0,
   "cost": 1.0864857590003378e-06,
   "stage": "coarse"
  },
  {
   "dn": -2700.0,
   "de": 2100.0,
   "cost": 1.0312079594118074e-06,
   "stage": "coarse"
  },
  {
   "dn": -2700.0,
   "de": 2400.0,
   "cost": 7.937312679094046e-07,
   "stage": "coarse"
  },
  {
   "dn": -2700.0,
   "de": 2700.0,
   "cost": 7.24214718483218e-07,
   "stage": "coarse"
  },
  {
   "dn": -2400.0,
   "de": 1500.0,
   "cost": 6.202379128826268e-07,
   "stage": "coarse"
  },
  {
   "dn": -2400.0,
   "de": 2400.0,
   "cost": 4.861581770865074e-07,
   "stage": "coarse"
  },
  {
   "dn": -2100.0,
   "de": 300.0,
   "cost": 3.0104174954974756e-07,
   "stage": "coarse"
  },
  {
   "dn": -1500.0,
   "de": -300.0,
   "cost": 2.6437513329607265e-07,
   "stage": "coarse"
  },
  {
   "dn": -900.0,
   "de": 0.0,
   "cost": 2.462471169312217e-07,
   "stage": "coarse"
  },
  {
   "dn": -840.0,
   "de": -60.0,
   "cost": 2.4145307676315574e-07,
   "stage": "refine_60m"
  },
  {
   "dn": -840.0,
   "de": -45.0,
   "cost": 2.388299557537415e-07,
   "stage": "refine_15m"
  }
 ],
 "heading_window_deg": 30.0,
 "search_evals": 491,
 "cost": 2.388299557537415e-07,
 "rms_mrad": 0.6911294462743452,
 "n_photos": 1,
 "z_m": 2.5,
 "photos": [
  {
   "file": "KWHC9160.JPG",
   "fov_deg": 10.286,
   "heading_deg": 244.345,
   "pitch_deg": 0.0,
   "roll_deg": 0.0,
   "weight": 1.0,
   "rms_mrad": 0.6911294462743452,
   "heading_offset_deg": 8.8,
   "el_offset_mrad": 8.098327729253686,
   "attitude_source": "prior"
  }
 ],
 "heading_offset_deg": 8.8,
 "el_offset_mrad": 8.098327729253686,
 "fov_deg": 10.286
}
wrote out/resweep/33_KWHC9160_w30.json/.png
