/usr/local/lib/python3.11/dist-packages/torchvision/models/_utils.py:207: UserWarning: The parameter 'pretrained' is deprecated since 0.13 and may be removed in the future, please use 'weights' instead.
  warnings.warn(
/usr/local/lib/python3.11/dist-packages/torchvision/models/_utils.py:222: UserWarning: Arguments other than a weight enum or `None` for 'weights' are deprecated since 0.13 and may be removed in the future. The current behavior is equivalent to passing `weights=None`.
  warnings.warn(msg)
photo 0: KWHC9160.JPG  fov 10.3, heading 244.345, pitch +0.00, roll +0.00, weight 1.00
z 2.5 m, box 6000 m at (40.90622,29.13945)
peak witness: 1 crests, median height residual -7 m (spread 0 m)
{
 "status": "ok",
 "reasons": [],
 "lat": 40.90379383166402,
 "lon": 29.135698747599143,
 "fix_ok": true,
 "basin_margin": 1.4239092735023762,
 "relief_mrad": 6.499198265352221,
 "dn_m": -270.0,
 "de_m": -315.0,
 "sigma_n_m": 128.4383560735529,
 "sigma_e_m": 79.89477726312734,
 "sigma_major_m": 129.06669397459729,
 "sigma_minor_m": 78.87569493366858,
 "major_bearing_deg": 7.152473629343291,
 "anisotropy": 1.6363303560512195,
 "jackknife": null,
 "subject_km": null,
 "dem_split_m": null,
 "peak_dh_m": -7.071931699593066,
 "peak_dh_mad_m": 0.0,
 "n_peaks": 1,
 "search_trace": [
  {
   "dn": -3000.0,
   "de": -3000.0,
   "cost": 0.0003218723278808923,
   "stage": "coarse"
  },
  {
   "dn": -3000.0,
   "de": -2700.0,
   "cost": 0.0002577079036577803,
   "stage": "coarse"
  },
  {
   "dn": -3000.0,
   "de": -2400.0,
   "cost": 0.00020211537105724463,
   "stage": "coarse"
  },
  {
   "dn": -3000.0,
   "de": -2100.0,
   "cost": 0.00015883053304478306,
   "stage": "coarse"
  },
  {
   "dn": -3000.0,
   "de": -1800.0,
   "cost": 0.00010842675281919543,
   "stage": "coarse"
  },
  {
   "dn": -3000.0,
   "de": -1500.0,
   "cost": 1.4949356492792174e-05,
   "stage": "coarse"
  },
  {
   "dn": -3000.0,
   "de": -1200.0,
   "cost": 1.2959042239597144e-05,
   "stage": "coarse"
  },
  {
   "dn": -3000.0,
   "de": -300.0,
   "cost": 8.001537169805851e-06,
   "stage": "coarse"
  },
  {
   "dn": -3000.0,
   "de": 0.0,
   "cost": 7.3799087511114004e-06,
   "stage": "coarse"
  },
  {
   "dn": -3000.0,
   "de": 300.0,
   "cost": 5.698775856003689e-06,
   "stage": "coarse"
  },
  {
   "dn": -3000.0,
   "de": 600.0,
   "cost": 3.51835809563492e-06,
   "stage": "coarse"
  },
  {
   "dn": -1500.0,
   "de": 1200.0,
   "cost": 2.8744879967196403e-06,
   "stage": "coarse"
  },
  {
   "dn": -900.0,
   "de": -900.0,
   "cost": 1.961606944049178e-06,
   "stage": "coarse"
  },
  {
   "dn": -600.0,
   "de": -1200.0,
   "cost": 1.9181268461063493e-06,
   "stage": "coarse"
  },
  {
   "dn": -600.0,
   "de": -900.0,
   "cost": 6.481783998917802e-07,
   "stage": "coarse"
  },
  {
   "dn": -600.0,
   "de": -600.0,
   "cost": 2.766822482540039e-07,
   "stage": "coarse"
  },
  {
   "dn": -300.0,
   "de": -300.0,
   "cost": 2.726608497753835e-07,
   "stage": "coarse"
  },
  {
   "dn": -240.0,
   "de": -300.0,
   "cost": 2.659546518790578e-07,
   "stage": "refine_60m"
  },
  {
   "dn": -270.0,
   "de": -315.0,
   "cost": 2.6140633733641016e-07,
   "stage": "refine_15m"
  }
 ],
 "heading_window_deg": 6.0,
 "search_evals": 491,
 "cost": 2.6140633733641016e-07,
 "rms_mrad": 0.7230578639865693,
 "n_photos": 1,
 "z_m": 2.5,
 "photos": [
  {
   "file": "KWHC9160.JPG",
   "fov_deg": 10.286,
   "heading_deg": 244.345,
   "pitch_deg": 0.0,
   "roll_deg": 0.0,
   "weight": 1.0,
   "rms_mrad": 0.7230578639865693,
   "heading_offset_deg": 3.6,
   "el_offset_mrad": 8.098327729253686,
   "attitude_source": "prior"
  }
 ],
 "heading_offset_deg": 3.6,
 "el_offset_mrad": 8.098327729253686,
 "fov_deg": 10.286
}
wrote out/resweep/33_KWHC9160_w6.json/.png
