/usr/local/lib/python3.11/dist-packages/torchvision/models/_utils.py:207: UserWarning: The parameter 'pretrained' is deprecated since 0.13 and may be removed in the future, please use 'weights' instead.
  warnings.warn(
/usr/local/lib/python3.11/dist-packages/torchvision/models/_utils.py:222: UserWarning: Arguments other than a weight enum or `None` for 'weights' are deprecated since 0.13 and may be removed in the future. The current behavior is equivalent to passing `weights=None`.
  warnings.warn(msg)
photo 0: LHCG7767.JPG  fov 41.1, heading 228.749, pitch +0.00, roll +0.00, weight 1.00
z 2.5 m, box 6000 m at (40.90622,29.13945)
peak witness: 3 crests, median height residual +1 m (spread 0 m)
{
 "status": "ok",
 "reasons": [],
 "lat": 40.90230995101425,
 "lon": 29.141231882095646,
 "fix_ok": true,
 "basin_margin": 3.13811766092288,
 "relief_mrad": 10.48210181603027,
 "dn_m": -435.0,
 "de_m": 150.0,
 "sigma_n_m": 164.4106279245983,
 "sigma_e_m": 164.35986527816337,
 "sigma_major_m": 174.25212252173108,
 "sigma_minor_m": 153.88702897089257,
 "major_bearing_deg": 135.07154605902255,
 "anisotropy": 1.1323379474347415,
 "jackknife": null,
 "subject_km": null,
 "dem_split_m": null,
 "peak_dh_m": 1.071090000125477,
 "peak_dh_mad_m": 0.15918904118382282,
 "n_peaks": 3,
 "search_trace": [
  {
   "dn": -3000.0,
   "de": -3000.0,
   "cost": 0.00032102990597438104,
   "stage": "coarse"
  },
  {
   "dn": -3000.0,
   "de": -2700.0,
   "cost": 0.00019202313684756972,
   "stage": "coarse"
  },
  {
   "dn": -3000.0,
   "de": -2400.0,
   "cost": 7.772439069303747e-05,
   "stage": "coarse"
  },
  {
   "dn": -3000.0,
   "de": -2100.0,
   "cost": 4.5909595331169626e-05,
   "stage": "coarse"
  },
  {
   "dn": -3000.0,
   "de": -1800.0,
   "cost": 3.654190549843414e-05,
   "stage": "coarse"
  },
  {
   "dn": -3000.0,
   "de": -1500.0,
   "cost": 3.180764636408759e-05,
   "stage": "coarse"
  },
  {
   "dn": -3000.0,
   "de": 3000.0,
   "cost": 2.911778772057357e-05,
   "stage": "coarse"
  },
  {
   "dn": -2700.0,
   "de": 3000.0,
   "cost": 2.6624333785277722e-05,
   "stage": "coarse"
  },
  {
   "dn": -2400.0,
   "de": 2700.0,
   "cost": 2.5654622357690274e-05,
   "stage": "coarse"
  },
  {
   "dn": -2400.0,
   "de": 3000.0,
   "cost": 2.2639709464091023e-05,
   "stage": "coarse"
  },
  {
   "dn": -2100.0,
   "de": 2700.0,
   "cost": 2.2249690231819075e-05,
   "stage": "coarse"
  },
  {
   "dn": -2100.0,
   "de": 3000.0,
   "cost": 1.9909698309893805e-05,
   "stage": "coarse"
  },
  {
   "dn": -1800.0,
   "de": 3000.0,
   "cost": 1.9621345906258973e-05,
   "stage": "coarse"
  },
  {
   "dn": -1500.0,
   "de": -900.0,
   "cost": 1.949970177536585e-05,
   "stage": "coarse"
  },
  {
   "dn": -1500.0,
   "de": -600.0,
   "cost": 1.9376458048833335e-05,
   "stage": "coarse"
  },
  {
   "dn": -1200.0,
   "de": -600.0,
   "cost": 1.5516309211401016e-05,
   "stage": "coarse"
  },
  {
   "dn": -900.0,
   "de": -600.0,
   "cost": 1.3701722722747225e-05,
   "stage": "coarse"
  },
  {
   "dn": -900.0,
   "de": -300.0,
   "cost": 8.91462117743537e-06,
   "stage": "coarse"
  },
  {
   "dn": -600.0,
   "de": -300.0,
   "cost": 6.46938753902349e-06,
   "stage": "coarse"
  },
  {
   "dn": -600.0,
   "de": 0.0,
   "cost": 2.070991148808646e-06,
   "stage": "coarse"
  },
  {
   "dn": -300.0,
   "de": 300.0,
   "cost": 1.8755271823356478e-06,
   "stage": "coarse"
  },
  {
   "dn": -420.0,
   "de": 180.0,
   "cost": 1.1172804842201236e-06,
   "stage": "refine_60m"
  },
  {
   "dn": -435.0,
   "de": 150.0,
   "cost": 1.0682626483776296e-06,
   "stage": "refine_15m"
  }
 ],
 "heading_window_deg": 6.0,
 "search_evals": 491,
 "cost": 1.0682626483776296e-06,
 "rms_mrad": 1.4616857722353527,
 "n_photos": 1,
 "z_m": 2.5,
 "photos": [
  {
   "file": "LHCG7767.JPG",
   "fov_deg": 41.112,
   "heading_deg": 228.749,
   "pitch_deg": 0.0,
   "roll_deg": 0.0,
   "weight": 1.0,
   "rms_mrad": 1.4616857722353527,
   "heading_offset_deg": 5.0,
   "el_offset_mrad": 10.122909661567109,
   "attitude_source": "prior"
  }
 ],
 "heading_offset_deg": 5.0,
 "el_offset_mrad": 10.122909661567109,
 "fov_deg": 41.112
}
wrote out/resweep/34_LHCG7767_w6.json/.png
