/usr/local/lib/python3.11/dist-packages/torchvision/models/_utils.py:207: UserWarning: The parameter 'pretrained' is deprecated since 0.13 and may be removed in the future, please use 'weights' instead.
  warnings.warn(
/usr/local/lib/python3.11/dist-packages/torchvision/models/_utils.py:222: UserWarning: Arguments other than a weight enum or `None` for 'weights' are deprecated since 0.13 and may be removed in the future. The current behavior is equivalent to passing `weights=None`.
  warnings.warn(msg)
photo 0: MYQR7719.JPG  fov 20.4, heading 243.805, pitch +0.00, roll +0.00, weight 1.00
z 2.5 m, box 6000 m at (40.90622,29.13945)
peak witness: 1 crests, median height residual -18 m (spread 0 m)
{
 "status": "ok",
 "reasons": [],
 "lat": 40.902984442218695,
 "lon": 29.141231882095646,
 "fix_ok": true,
 "basin_margin": 0.9431983161320303,
 "relief_mrad": 9.058986740743254,
 "dn_m": -360.0,
 "de_m": 150.0,
 "sigma_n_m": 161.6029398040496,
 "sigma_e_m": 444.1164859707389,
 "sigma_major_m": 466.02534138186275,
 "sigma_minor_m": 78.5833599067072,
 "major_bearing_deg": 72.09675324980066,
 "anisotropy": 5.930331076898722,
 "jackknife": null,
 "subject_km": null,
 "dem_split_m": null,
 "peak_dh_m": -17.626647997812196,
 "peak_dh_mad_m": 0.0,
 "n_peaks": 1,
 "search_trace": [
  {
   "dn": -3000.0,
   "de": -3000.0,
   "cost": 0.0003279913432008389,
   "stage": "coarse"
  },
  {
   "dn": -3000.0,
   "de": -2700.0,
   "cost": 0.00025137664443005846,
   "stage": "coarse"
  },
  {
   "dn": -3000.0,
   "de": -2400.0,
   "cost": 0.00021330824455914192,
   "stage": "coarse"
  },
  {
   "dn": -3000.0,
   "de": -2100.0,
   "cost": 0.00015554157045651387,
   "stage": "coarse"
  },
  {
   "dn": -3000.0,
   "de": -1800.0,
   "cost": 0.00010404707340061701,
   "stage": "coarse"
  },
  {
   "dn": -3000.0,
   "de": -1500.0,
   "cost": 3.514568073440475e-05,
   "stage": "coarse"
  },
  {
   "dn": -3000.0,
   "de": -1200.0,
   "cost": 2.3009838289043954e-05,
   "stage": "coarse"
  },
  {
   "dn": -3000.0,
   "de": -900.0,
   "cost": 1.7657004450717397e-05,
   "stage": "coarse"
  },
  {
   "dn": -2100.0,
   "de": 3000.0,
   "cost": 1.6586913232041624e-05,
   "stage": "coarse"
  },
  {
   "dn": -1800.0,
   "de": 2400.0,
   "cost": 1.6141406360668917e-05,
   "stage": "coarse"
  },
  {
   "dn": -1800.0,
   "de": 2700.0,
   "cost": 1.401856148107274e-05,
   "stage": "coarse"
  },
  {
   "dn": -1800.0,
   "de": 3000.0,
   "cost": 1.2812073909998834e-05,
   "stage": "coarse"
  },
  {
   "dn": -1500.0,
   "de": 2700.0,
   "cost": 1.2626731153516914e-05,
   "stage": "coarse"
  },
  {
   "dn": -1500.0,
   "de": 3000.0,
   "cost": 9.78119912676278e-06,
   "stage": "coarse"
  },
  {
   "dn": -900.0,
   "de": -1200.0,
   "cost": 9.618610925012332e-06,
   "stage": "coarse"
  },
  {
   "dn": -900.0,
   "de": -900.0,
   "cost": 7.770710609461497e-06,
   "stage": "coarse"
  },
  {
   "dn": -600.0,
   "de": -900.0,
   "cost": 7.0697034306001705e-06,
   "stage": "coarse"
  },
  {
   "dn": -600.0,
   "de": -600.0,
   "cost": 4.818273541640274e-06,
   "stage": "coarse"
  },
  {
   "dn": -600.0,
   "de": -300.0,
   "cost": 3.878859673249298e-06,
   "stage": "coarse"
  },
  {
   "dn": -300.0,
   "de": 0.0,
   "cost": 3.657823464349397e-06,
   "stage": "coarse"
  },
  {
   "dn": -300.0,
   "de": 300.0,
   "cost": 2.625224662166865e-06,
   "stage": "coarse"
  },
  {
   "dn": -360.0,
   "de": 180.0,
   "cost": 2.4480809631397947e-06,
   "stage": "refine_60m"
  },
  {
   "dn": -360.0,
   "de": 150.0,
   "cost": 2.3814760811416382e-06,
   "stage": "refine_15m"
  }
 ],
 "heading_window_deg": 6.0,
 "search_evals": 491,
 "cost": 2.3814760811416382e-06,
 "rms_mrad": 2.1824188787405765,
 "n_photos": 1,
 "z_m": 2.5,
 "photos": [
  {
   "file": "MYQR7719.JPG",
   "fov_deg": 20.408,
   "heading_deg": 243.805,
   "pitch_deg": 0.0,
   "roll_deg": 0.0,
   "weight": 1.0,
   "rms_mrad": 2.1824188787405765,
   "heading_offset_deg": 6.0,
   "el_offset_mrad": 8.098327729253686,
   "attitude_source": "prior"
  }
 ],
 "heading_offset_deg": 6.0,
 "el_offset_mrad": 8.098327729253686,
 "fov_deg": 20.408
}
wrote out/resweep/35_MYQR7719_w6.json/.png
