/usr/local/lib/python3.11/dist-packages/torchvision/models/_utils.py:207: UserWarning: The parameter 'pretrained' is deprecated since 0.13 and may be removed in the future, please use 'weights' instead.
  warnings.warn(
/usr/local/lib/python3.11/dist-packages/torchvision/models/_utils.py:222: UserWarning: Arguments other than a weight enum or `None` for 'weights' are deprecated since 0.13 and may be removed in the future. The current behavior is equivalent to passing `weights=None`.
  warnings.warn(msg)
photo 0: MYQR7719.JPG  fov 20.4, heading 243.805, pitch +0.00, roll +0.00, weight 1.00
z 2.5 m, box 6000 m at (40.90622,29.13945)
peak witness: 1 crests, median height residual -1 m (spread 0 m)
{
 "status": "ok",
 "reasons": [],
 "lat": 40.897993207305845,
 "lon": 29.134627818341755,
 "fix_ok": true,
 "basin_margin": 0.22183708477940878,
 "relief_mrad": 9.058986740743254,
 "dn_m": -915.0,
 "de_m": -405.0,
 "sigma_n_m": 72.40275541445126,
 "sigma_e_m": 83.082597471939,
 "sigma_major_m": 88.00779320588568,
 "sigma_minor_m": 66.328766981749,
 "major_bearing_deg": 59.877809921819775,
 "anisotropy": 1.326841990445893,
 "jackknife": null,
 "subject_km": null,
 "dem_split_m": null,
 "peak_dh_m": -0.5586436638494688,
 "peak_dh_mad_m": 0.0,
 "n_peaks": 1,
 "search_trace": [
  {
   "dn": -3000.0,
   "de": -3000.0,
   "cost": 6.452168033229286e-05,
   "stage": "coarse"
  },
  {
   "dn": -3000.0,
   "de": -900.0,
   "cost": 6.38631278832008e-05,
   "stage": "coarse"
  },
  {
   "dn": -3000.0,
   "de": -600.0,
   "cost": 5.428391663438824e-05,
   "stage": "coarse"
  },
  {
   "dn": -3000.0,
   "de": 900.0,
   "cost": 1.1113539782894394e-05,
   "stage": "coarse"
  },
  {
   "dn": -3000.0,
   "de": 1200.0,
   "cost": 1.0930909431573793e-05,
   "stage": "coarse"
  },
  {
   "dn": -3000.0,
   "de": 2100.0,
   "cost": 1.0548067072466772e-05,
   "stage": "coarse"
  },
  {
   "dn": -3000.0,
   "de": 2400.0,
   "cost": 1.0263148695271233e-05,
   "stage": "coarse"
  },
  {
   "dn": -3000.0,
   "de": 2700.0,
   "cost": 9.296949178911393e-06,
   "stage": "coarse"
  },
  {
   "dn": -3000.0,
   "de": 3000.0,
   "cost": 8.687249811435948e-06,
   "stage": "coarse"
  },
  {
   "dn": -2700.0,
   "de": -300.0,
   "cost": 8.208674766153634e-06,
   "stage": "coarse"
  },
  {
   "dn": -2700.0,
   "de": 0.0,
   "cost": 7.440001808027148e-06,
   "stage": "coarse"
  },
  {
   "dn": -2400.0,
   "de": -600.0,
   "cost": 4.787061707894577e-06,
   "stage": "coarse"
  },
  {
   "dn": -2400.0,
   "de": -300.0,
   "cost": 3.4363742982293054e-06,
   "stage": "coarse"
  },
  {
   "dn": -2100.0,
   "de": -300.0,
   "cost": 2.0183034774533973e-06,
   "stage": "coarse"
  },
  {
   "dn": -2100.0,
   "de": 0.0,
   "cost": 9.089136288341492e-07,
   "stage": "coarse"
  },
  {
   "dn": -900.0,
   "de": -300.0,
   "cost": 7.438910147323324e-07,
   "stage": "coarse"
  },
  {
   "dn": -900.0,
   "de": -420.0,
   "cost": 5.787147651324446e-07,
   "stage": "refine_60m"
  },
  {
   "dn": -915.0,
   "de": -405.0,
   "cost": 5.593735448974936e-07,
   "stage": "refine_15m"
  }
 ],
 "heading_window_deg": 30.0,
 "search_evals": 491,
 "cost": 5.593735448974936e-07,
 "rms_mrad": 1.0577084143538744,
 "n_photos": 1,
 "z_m": 2.5,
 "photos": [
  {
   "file": "MYQR7719.JPG",
   "fov_deg": 20.408,
   "heading_deg": 243.805,
   "pitch_deg": 0.0,
   "roll_deg": 0.0,
   "weight": 1.0,
   "rms_mrad": 1.0577084143538744,
   "heading_offset_deg": 9.0,
   "el_offset_mrad": 10.122909661567109,
   "attitude_source": "prior"
  }
 ],
 "heading_offset_deg": 9.0,
 "el_offset_mrad": 10.122909661567109,
 "fov_deg": 20.408
}
wrote out/resweep/35_MYQR7719_w30.json/.png
