/usr/local/lib/python3.11/dist-packages/torchvision/models/_utils.py:207: UserWarning: The parameter 'pretrained' is deprecated since 0.13 and may be removed in the future, please use 'weights' instead.
  warnings.warn(
/usr/local/lib/python3.11/dist-packages/torchvision/models/_utils.py:222: UserWarning: Arguments other than a weight enum or `None` for 'weights' are deprecated since 0.13 and may be removed in the future. The current behavior is equivalent to passing `weights=None`.
  warnings.warn(msg)
extractor pre-check: eWaSR disagrees with the seam on 26% of columns — falling back to the seam
photo 0: PQBC6867.JPG  fov 20.4, heading 22.495, pitch +0.00, roll +0.00, weight 1.00
z 1.3 m, box 6000 m at (38.80615,26.97266)
INCONCLUSIVE: ambiguous landscape: basin margin 0.10 < 0.15
{
 "status": "inconclusive",
 "reasons": [
  "ambiguous landscape: basin margin 0.10 < 0.15"
 ],
 "lat": 38.81046974370841,
 "lon": 26.975606841537846,
 "fix_ok": false,
 "basin_margin": 0.10423683059207367,
 "relief_mrad": 4.270360736293586,
 "dn_m": 480.0,
 "de_m": 255.0,
 "sigma_n_m": 78.26227433503398,
 "sigma_e_m": 64.81185328730612,
 "sigma_major_m": 81.67992696628568,
 "sigma_minor_m": 60.44790684059828,
 "major_bearing_deg": 25.18918395137314,
 "anisotropy": 1.3512449187310396,
 "jackknife": null,
 "subject_km": null,
 "dem_split_m": null,
 "peak_dh_m": null,
 "peak_dh_mad_m": null,
 "n_peaks": 0,
 "search_trace": [
  {
   "dn": -3000.0,
   "de": -3000.0,
   "cost": 5.135673341730763e-06,
   "stage": "coarse"
  },
  {
   "dn": -3000.0,
   "de": -2400.0,
   "cost": 2.362048387695576e-06,
   "stage": "coarse"
  },
  {
   "dn": -2400.0,
   "de": -600.0,
   "cost": 1.99725996231933e-06,
   "stage": "coarse"
  },
  {
   "dn": -1800.0,
   "de": -2100.0,
   "cost": 1.9769533800208537e-06,
   "stage": "coarse"
  },
  {
   "dn": -1500.0,
   "de": 2400.0,
   "cost": 1.840275445906896e-06,
   "stage": "coarse"
  },
  {
   "dn": -1200.0,
   "de": 3000.0,
   "cost": 1.4670687529287486e-06,
   "stage": "coarse"
  },
  {
   "dn": 600.0,
   "de": 300.0,
   "cost": 1.3285816160851386e-06,
   "stage": "coarse"
  },
  {
   "dn": 480.0,
   "de": 240.0,
   "cost": 1.129633944014988e-06,
   "stage": "refine_60m"
  },
  {
   "dn": 480.0,
   "de": 255.0,
   "cost": 1.100772107270687e-06,
   "stage": "refine_15m"
  }
 ],
 "heading_window_deg": 30.0,
 "search_evals": 491,
 "cost": 1.100772107270687e-06,
 "rms_mrad": 1.4837601607205169,
 "n_photos": 1,
 "z_m": 1.3,
 "photos": [
  {
   "file": "PQBC6867.JPG",
   "fov_deg": 20.408,
   "heading_deg": 22.495,
   "pitch_deg": 0.0,
   "roll_deg": 0.0,
   "weight": 1.0,
   "rms_mrad": 1.4837601607205169,
   "heading_offset_deg": -3.2,
   "el_offset_mrad": -4.049163864626846,
   "attitude_source": "prior"
  }
 ],
 "heading_offset_deg": -3.2,
 "el_offset_mrad": -4.049163864626846,
 "fov_deg": 20.408
}
wrote out/resweep/36_PQBC6867_w30.json/.png
