/usr/local/lib/python3.11/dist-packages/torchvision/models/_utils.py:207: UserWarning: The parameter 'pretrained' is deprecated since 0.13 and may be removed in the future, please use 'weights' instead.
  warnings.warn(
/usr/local/lib/python3.11/dist-packages/torchvision/models/_utils.py:222: UserWarning: Arguments other than a weight enum or `None` for 'weights' are deprecated since 0.13 and may be removed in the future. The current behavior is equivalent to passing `weights=None`.
  warnings.warn(msg)
photo 0: QNJZ1625.JPG  fov 41.1, heading 195.912, pitch +0.00, roll +0.00, weight 1.00
z 2.5 m, box 6000 m at (40.90622,29.13945)
peak witness: 1 crests, median height residual -511 m (spread 0 m)
{
 "status": "ok",
 "reasons": [],
 "lat": 40.90042137564183,
 "lon": 29.141588858514776,
 "fix_ok": true,
 "basin_margin": 1.0848002479017873,
 "relief_mrad": 13.889969056315252,
 "dn_m": -645.0,
 "de_m": 180.0,
 "sigma_n_m": 440.1002972810173,
 "sigma_e_m": 567.4066072342243,
 "sigma_major_m": 567.453431438045,
 "sigma_minor_m": 440.03992176742463,
 "major_bearing_deg": 91.16581628766747,
 "anisotropy": 1.2895498871076576,
 "jackknife": null,
 "subject_km": null,
 "dem_split_m": null,
 "peak_dh_m": -511.30811386644734,
 "peak_dh_mad_m": 0.0,
 "n_peaks": 1,
 "search_trace": [
  {
   "dn": -3000.0,
   "de": -3000.0,
   "cost": 3.952609630647701e-05,
   "stage": "coarse"
  },
  {
   "dn": -3000.0,
   "de": -2700.0,
   "cost": 1.8764623264564598e-05,
   "stage": "coarse"
  },
  {
   "dn": -1500.0,
   "de": -900.0,
   "cost": 1.3917536319895317e-05,
   "stage": "coarse"
  },
  {
   "dn": -1500.0,
   "de": -600.0,
   "cost": 1.2440253198064335e-05,
   "stage": "coarse"
  },
  {
   "dn": -1500.0,
   "de": -300.0,
   "cost": 9.202921177575863e-06,
   "stage": "coarse"
  },
  {
   "dn": -1200.0,
   "de": -600.0,
   "cost": 7.78650110189257e-06,
   "stage": "coarse"
  },
  {
   "dn": -1200.0,
   "de": 0.0,
   "cost": 7.012996575924838e-06,
   "stage": "coarse"
  },
  {
   "dn": -900.0,
   "de": 0.0,
   "cost": 6.137440668681798e-06,
   "stage": "coarse"
  },
  {
   "dn": -600.0,
   "de": 300.0,
   "cost": 5.890049318861941e-06,
   "stage": "coarse"
  },
  {
   "dn": -660.0,
   "de": 180.0,
   "cost": 5.616844722407465e-06,
   "stage": "refine_60m"
  },
  {
   "dn": -645.0,
   "de": 180.0,
   "cost": 5.584629584335958e-06,
   "stage": "refine_15m"
  }
 ],
 "heading_window_deg": 6.0,
 "search_evals": 491,
 "cost": 5.584629584335958e-06,
 "rms_mrad": 3.3420441601917705,
 "n_photos": 1,
 "z_m": 2.5,
 "photos": [
  {
   "file": "QNJZ1625.JPG",
   "fov_deg": 41.112,
   "heading_deg": 195.912,
   "pitch_deg": 0.0,
   "roll_deg": 0.0,
   "weight": 1.0,
   "rms_mrad": 3.3420441601917705,
   "heading_offset_deg": 4.4,
   "el_offset_mrad": -1.734723475976807e-15,
   "attitude_source": "prior"
  }
 ],
 "heading_offset_deg": 4.4,
 "el_offset_mrad": -1.734723475976807e-15,
 "fov_deg": 41.112
}
wrote out/resweep/37_QNJZ1625_w6.json/.png
