/usr/local/lib/python3.11/dist-packages/torchvision/models/_utils.py:207: UserWarning: The parameter 'pretrained' is deprecated since 0.13 and may be removed in the future, please use 'weights' instead.
  warnings.warn(
/usr/local/lib/python3.11/dist-packages/torchvision/models/_utils.py:222: UserWarning: Arguments other than a weight enum or `None` for 'weights' are deprecated since 0.13 and may be removed in the future. The current behavior is equivalent to passing `weights=None`.
  warnings.warn(msg)
photo 0: EURK8793.JPG  fov 104.2, heading 164.35, pitch +0.00, roll +0.00, weight 1.00
z 164.2 m, box 6000 m at (39.11653,27.69941)
peak witness: 14 crests, median height residual -350 m (spread 632 m)
INCONCLUSIVE: ambiguous landscape: basin margin 0.04 < 0.15
INCONCLUSIVE: minimum on the search-box boundary: the true position may lie outside the box
INCONCLUSIVE: residual 16.1 mrad > 12.0: the DEM cannot explain this observation
INCONCLUSIVE: peak heights disagree: matched crests stand a median -350 m (spread 632 m) from the model at this fix (limits 30/90 m) — position error or DEM bias is leaking into the height channel
{
 "status": "inconclusive",
 "reasons": [
  "ambiguous landscape: basin margin 0.04 < 0.15",
  "minimum on the search-box boundary: the true position may lie outside the box",
  "residual 16.1 mrad > 12.0: the DEM cannot explain this observation",
  "peak heights disagree: matched crests stand a median -350 m (spread 632 m) from the model at this fix (limits 30/90 m) \u2014 position error or DEM bias is leaking into the height channel"
 ],
 "lat": 39.14486163058643,
 "lon": 27.73018069329338,
 "fix_ok": false,
 "basin_margin": 0.03753451549756885,
 "relief_mrad": 37.87167249406186,
 "dn_m": 3150.0,
 "de_m": 2655.0,
 "sigma_n_m": 2957.767942467157,
 "sigma_e_m": 2203.250627638349,
 "sigma_major_m": 2962.749501382692,
 "sigma_minor_m": 2196.5472728197287,
 "major_bearing_deg": 4.955182577946715,
 "anisotropy": 1.348821187708554,
 "jackknife": null,
 "subject_km": null,
 "dem_split_m": null,
 "peak_dh_m": -350.28829993049465,
 "peak_dh_mad_m": 632.4490464884348,
 "n_peaks": 14,
 "search_trace": [
  {
   "dn": -3000.0,
   "de": -3000.0,
   "cost": 0.000812478252011623,
   "stage": "coarse"
  },
  {
   "dn": -3000.0,
   "de": -2700.0,
   "cost": 0.0007232857116255847,
   "stage": "coarse"
  },
  {
   "dn": -3000.0,
   "de": -2100.0,
   "cost": 0.0007227864383591472,
   "stage": "coarse"
  },
  {
   "dn": -3000.0,
   "de": -1800.0,
   "cost": 0.0007010871817605737,
   "stage": "coarse"
  },
  {
   "dn": -3000.0,
   "de": -1500.0,
   "cost": 0.0006963599097525373,
   "stage": "coarse"
  },
  {
   "dn": -3000.0,
   "de": -1200.0,
   "cost": 0.0006751178334037149,
   "stage": "coarse"
  },
  {
   "dn": -3000.0,
   "de": -900.0,
   "cost": 0.0006377649280711462,
   "stage": "coarse"
  },
  {
   "dn": -3000.0,
   "de": -600.0,
   "cost": 0.0004909461265378038,
   "stage": "coarse"
  },
  {
   "dn": -3000.0,
   "de": -300.0,
   "cost": 0.00047983291673773143,
   "stage": "coarse"
  },
  {
   "dn": -3000.0,
   "de": 0.0,
   "cost": 0.000350126767019728,
   "stage": "coarse"
  },
  {
   "dn": -3000.0,
   "de": 300.0,
   "cost": 0.0002932350289211492,
   "stage": "coarse"
  },
  {
   "dn": -3000.0,
   "de": 600.0,
   "cost": 0.0002544110054539946,
   "stage": "coarse"
  },
  {
   "dn": -3000.0,
   "de": 900.0,
   "cost": 0.0002194809705568157,
   "stage": "coarse"
  },
  {
   "dn": -3000.0,
   "de": 1200.0,
   "cost": 0.00021862997165253734,
   "stage": "coarse"
  },
  {
   "dn": -3000.0,
   "de": 1500.0,
   "cost": 0.00019703840730032668,
   "stage": "coarse"
  },
  {
   "dn": -3000.0,
   "de": 1800.0,
   "cost": 0.00017459401022857848,
   "stage": "coarse"
  },
  {
   "dn": -2700.0,
   "de": 2100.0,
   "cost": 0.0001716899370255722,
   "stage": "coarse"
  },
  {
   "dn": -2400.0,
   "de": 2100.0,
   "cost": 0.00016444454719239597,
   "stage": "coarse"
  },
  {
   "dn": -2100.0,
   "de": 2100.0,
   "cost": 0.0001611496694602821,
   "stage": "coarse"
  },
  {
   "dn": -1800.0,
   "de": 2400.0,
   "cost": 0.00015940095822437365,
   "stage": "coarse"
  },
  {
   "dn": -1500.0,
   "de": 2400.0,
   "cost": 0.0001566647973724981,
   "stage": "coarse"
  },
  {
   "dn": -1200.0,
   "de": 2700.0,
   "cost": 0.00015576353973103271,
   "stage": "coarse"
  },
  {
   "dn": -900.0,
   "de": 2400.0,
   "cost": 0.0001540598064237798,
   "stage": "coarse"
  },
  {
   "dn": -900.0,
   "de": 2700.0,
   "cost": 0.00015340074161417178,
   "stage": "coarse"
  },
  {
   "dn": -600.0,
   "de": 2400.0,
   "cost": 0.00015165865213173462,
   "stage": "coarse"
  },
  {
   "dn": -300.0,
   "de": 2400.0,
   "cost": 0.00014936807120932932,
   "stage": "coarse"
  },
  {
   "dn": 0.0,
   "de": 2100.0,
   "cost": 0.0001492077661984006,
   "stage": "coarse"
  },
  {
   "dn": 0.0,
   "de": 2400.0,
   "cost": 0.00014700294164391803,
   "stage": "coarse"
  },
  {
   "dn": 300.0,
   "de": 2100.0,
   "cost": 0.00014664124227837364,
   "stage": "coarse"
  },
  {
   "dn": 300.0,
   "de": 2400.0,
   "cost": 0.00014446293932208917,
   "stage": "coarse"
  },
  {
   "dn": 600.0,
   "de": 2100.0,
   "cost": 0.00014436206980401262,
   "stage": "coarse"
  },
  {
   "dn": 600.0,
   "de": 2400.0,
   "cost": 0.00014205421644582523,
   "stage": "coarse"
  },
  {
   "dn": 900.0,
   "de": 2400.0,
   "cost": 0.0001399959596960876,
   "stage": "coarse"
  },
  {
   "dn": 900.0,
   "de": 2700.0,
   "cost": 0.00013994737450185302,
   "stage": "coarse"
  },
  {
   "dn": 1200.0,
   "de": 2400.0,
   "cost": 0.00013824227768161306,
   "stage": "coarse"
  },
  {
   "dn": 1200.0,
   "de": 2700.0,
   "cost": 0.00013791916585910335,
   "stage": "coarse"
  },
  {
   "dn": 1500.0,
   "de": 2400.0,
   "cost": 0.00013682152498408422,
   "stage": "coarse"
  },
  {
   "dn": 1500.0,
   "de": 2700.0,
   "cost": 0.00013635732325866212,
   "stage": "coarse"
  },
  {
   "dn": 1800.0,
   "de": 2400.0,
   "cost": 0.00013542704304869913,
   "stage": "coarse"
  },
  {
   "dn": 1800.0,
   "de": 2700.0,
   "cost": 0.00013504861600752095,
   "stage": "coarse"
  },
  {
   "dn": 2100.0,
   "de": 2400.0,
   "cost": 0.00013424444594323663,
   "stage": "coarse"
  },
  {
   "dn": 2100.0,
   "de": 2700.0,
   "cost": 0.00013382115688222542,
   "stage": "coarse"
  },
  {
   "dn": 2400.0,
   "de": 2400.0,
   "cost": 0.00013314433895090133,
   "stage": "coarse"
  },
  {
   "dn": 2400.0,
   "de": 2700.0,
   "cost": 0.00013267382839272414,
   "stage": "coarse"
  },
  {
   "dn": 2700.0,
   "de": 2100.0,
   "cost": 0.00013264392232017878,
   "stage": "coarse"
  },
  {
   "dn": 2700.0,
   "de": 2400.0,
   "cost": 0.0001318096996975144,
   "stage": "coarse"
  },
  {
   "dn": 2700.0,
   "de": 2700.0,
   "cost": 0.00013152256546670037,
   "stage": "coarse"
  },
  {
   "dn": 3000.0,
   "de": 2100.0,
   "cost": 0.00013127543298989235,
   "stage": "coarse"
  },
  {
   "dn": 3000.0,
   "de": 2400.0,
   "cost": 0.0001304838834569044,
   "stage": "coarse"
  },
  {
   "dn": 3000.0,
   "de": 2700.0,
   "cost": 0.00013016301047368616,
   "stage": "coarse"
  },
  {
   "dn": 3120.0,
   "de": 2640.0,
   "cost": 0.00012957850744270953,
   "stage": "refine_60m"
  },
  {
   "dn": 3150.0,
   "de": 2655.0,
   "cost": 0.00012945009649425147,
   "stage": "refine_15m"
  }
 ],
 "heading_window_deg": 6.0,
 "search_evals": 491,
 "cost": 0.00012945009649425147,
 "rms_mrad": 16.09037578767205,
 "n_photos": 1,
 "z_m": 164.2,
 "photos": [
  {
   "file": "EURK8793.JPG",
   "fov_deg": 104.25,
   "heading_deg": 164.35,
   "pitch_deg": 0.0,
   "roll_deg": 0.0,
   "weight": 1.0,
   "rms_mrad": 16.09037578767205,
   "heading_offset_deg": 3.8000000000000003,
   "el_offset_mrad": 10.122909661567109,
   "attitude_source": "prior"
  }
 ],
 "heading_offset_deg": 3.8000000000000003,
 "el_offset_mrad": 10.122909661567109,
 "fov_deg": 104.25
}
wrote out/resweep/39_EURK8793_w6.json/.png
