/usr/local/lib/python3.11/dist-packages/torchvision/models/_utils.py:207: UserWarning: The parameter 'pretrained' is deprecated since 0.13 and may be removed in the future, please use 'weights' instead.
  warnings.warn(
/usr/local/lib/python3.11/dist-packages/torchvision/models/_utils.py:222: UserWarning: Arguments other than a weight enum or `None` for 'weights' are deprecated since 0.13 and may be removed in the future. The current behavior is equivalent to passing `weights=None`.
  warnings.warn(msg)
extractor pre-check: eWaSR disagrees with the seam on 32% of columns — falling back to the seam
photo 0: NCVO7252.JPG  fov 73.7, heading 299.638, pitch +0.00, roll +0.00, weight 1.00
z 1.1 m, box 6000 m at (38.80568,26.97152)
peak witness: 4 crests, median height residual +64 m (spread 97 m)
INCONCLUSIVE: ambiguous landscape: basin margin 0.06 < 0.15
INCONCLUSIVE: minimum on the search-box boundary: the true position may lie outside the box
INCONCLUSIVE: residual 23.1 mrad > 12.0: the DEM cannot explain this observation
INCONCLUSIVE: peak heights disagree: matched crests stand a median +64 m (spread 97 m) from the model at this fix (limits 30/90 m) — position error or DEM bias is leaking into the height channel
{
 "status": "inconclusive",
 "reasons": [
  "ambiguous landscape: basin margin 0.06 < 0.15",
  "minimum on the search-box boundary: the true position may lie outside the box",
  "residual 23.1 mrad > 12.0: the DEM cannot explain this observation",
  "peak heights disagree: matched crests stand a median +64 m (spread 97 m) from the model at this fix (limits 30/90 m) \u2014 position error or DEM bias is leaking into the height channel"
 ],
 "lat": 38.83036737808247,
 "lon": 26.935164492423358,
 "fix_ok": false,
 "basin_margin": 0.061378894708582155,
 "relief_mrad": 55.739139861609374,
 "dn_m": 2745.0,
 "de_m": -3150.0,
 "sigma_n_m": 2527.280919673844,
 "sigma_e_m": 4150.045613840558,
 "sigma_major_m": 4150.806221292176,
 "sigma_minor_m": 2526.0315036014285,
 "major_bearing_deg": 91.38237031645201,
 "anisotropy": 1.6432123729946613,
 "jackknife": null,
 "subject_km": null,
 "dem_split_m": null,
 "peak_dh_m": 63.87309016199631,
 "peak_dh_mad_m": 97.00659197010481,
 "n_peaks": 4,
 "search_trace": [
  {
   "dn": -3000.0,
   "de": -3000.0,
   "cost": 0.00035125837653282637,
   "stage": "coarse"
  },
  {
   "dn": -3000.0,
   "de": -2700.0,
   "cost": 0.00034964015094240703,
   "stage": "coarse"
  },
  {
   "dn": -1500.0,
   "de": 300.0,
   "cost": 0.00033678153168550587,
   "stage": "coarse"
  },
  {
   "dn": -1200.0,
   "de": 300.0,
   "cost": 0.000324924670539092,
   "stage": "coarse"
  },
  {
   "dn": -1200.0,
   "de": 600.0,
   "cost": 0.0003230075366418328,
   "stage": "coarse"
  },
  {
   "dn": -900.0,
   "de": 300.0,
   "cost": 0.0003205295522446641,
   "stage": "coarse"
  },
  {
   "dn": -900.0,
   "de": 600.0,
   "cost": 0.0003157933805117711,
   "stage": "coarse"
  },
  {
   "dn": -900.0,
   "de": 900.0,
   "cost": 0.00031511780026575,
   "stage": "coarse"
  },
  {
   "dn": -600.0,
   "de": 600.0,
   "cost": 0.0003149014457077591,
   "stage": "coarse"
  },
  {
   "dn": -600.0,
   "de": 900.0,
   "cost": 0.0003101135764019657,
   "stage": "coarse"
  },
  {
   "dn": -300.0,
   "de": 900.0,
   "cost": 0.0003065853451009086,
   "stage": "coarse"
  },
  {
   "dn": 0.0,
   "de": 900.0,
   "cost": 0.00030411929698605743,
   "stage": "coarse"
  },
  {
   "dn": 0.0,
   "de": 1200.0,
   "cost": 0.0003007454941844994,
   "stage": "coarse"
  },
  {
   "dn": 300.0,
   "de": 1200.0,
   "cost": 0.00030032305090843737,
   "stage": "coarse"
  },
  {
   "dn": 600.0,
   "de": 1200.0,
   "cost": 0.0002998571393041056,
   "stage": "coarse"
  },
  {
   "dn": 600.0,
   "de": 1500.0,
   "cost": 0.0002966902011495236,
   "stage": "coarse"
  },
  {
   "dn": 900.0,
   "de": 1500.0,
   "cost": 0.00029574827192060114,
   "stage": "coarse"
  },
  {
   "dn": 1200.0,
   "de": 1500.0,
   "cost": 0.0002941117703584637,
   "stage": "coarse"
  },
  {
   "dn": 1200.0,
   "de": 1800.0,
   "cost": 0.0002930892081641371,
   "stage": "coarse"
  },
  {
   "dn": 1500.0,
   "de": 1200.0,
   "cost": 0.00029178197487698655,
   "stage": "coarse"
  },
  {
   "dn": 1500.0,
   "de": 1500.0,
   "cost": 0.00029047771130565915,
   "stage": "coarse"
  },
  {
   "dn": 2100.0,
   "de": 1500.0,
   "cost": 0.00028982467539134945,
   "stage": "coarse"
  },
  {
   "dn": 2400.0,
   "de": -3000.0,
   "cost": 0.00027117831923968526,
   "stage": "coarse"
  },
  {
   "dn": 2700.0,
   "de": -3000.0,
   "cost": 0.00026607099892077057,
   "stage": "coarse"
  },
  {
   "dn": 2760.0,
   "de": -3120.0,
   "cost": 0.00026575138520488687,
   "stage": "refine_60m"
  },
  {
   "dn": 2745.0,
   "de": -3150.0,
   "cost": 0.0002657031857864145,
   "stage": "refine_15m"
  }
 ],
 "heading_window_deg": 6.0,
 "search_evals": 491,
 "cost": 0.0002657031857864145,
 "rms_mrad": 23.052253069338562,
 "n_photos": 1,
 "z_m": 1.1,
 "photos": [
  {
   "file": "NCVO7252.JPG",
   "fov_deg": 73.74,
   "heading_deg": 299.638,
   "pitch_deg": 0.0,
   "roll_deg": 0.0,
   "weight": 1.0,
   "rms_mrad": 23.052253069338562,
   "heading_offset_deg": -6.0,
   "el_offset_mrad": 10.122909661567109,
   "attitude_source": "prior"
  }
 ],
 "heading_offset_deg": -6.0,
 "el_offset_mrad": 10.122909661567109,
 "fov_deg": 73.74
}
wrote out/resweep/43_NCVO7252_w6.json/.png
