/usr/local/lib/python3.11/dist-packages/torchvision/models/_utils.py:207: UserWarning: The parameter 'pretrained' is deprecated since 0.13 and may be removed in the future, please use 'weights' instead.
  warnings.warn(
/usr/local/lib/python3.11/dist-packages/torchvision/models/_utils.py:222: UserWarning: Arguments other than a weight enum or `None` for 'weights' are deprecated since 0.13 and may be removed in the future. The current behavior is equivalent to passing `weights=None`.
  warnings.warn(msg)
extractor pre-check: eWaSR disagrees with the seam on 32% of columns — falling back to the seam
photo 0: NCVO7252.JPG  fov 73.7, heading 299.638, pitch +0.00, roll +0.00, weight 1.00
z 1.1 m, box 6000 m at (38.80568,26.97152)
peak witness: 3 crests, median height residual +187 m (spread 0 m)
INCONCLUSIVE: ambiguous landscape: basin margin 0.05 < 0.15
INCONCLUSIVE: minimum on the search-box boundary: the true position may lie outside the box
INCONCLUSIVE: residual 23.1 mrad > 12.0: the DEM cannot explain this observation
INCONCLUSIVE: covariance degenerate: the cost surface has no measurable curvature at the fix (sigma cannot be computed) — the landscape does not pin a position here
INCONCLUSIVE: peak heights disagree: matched crests stand a median +187 m (spread 0 m) from the model at this fix (limits 30/90 m) — position error or DEM bias is leaking into the height channel
{
 "status": "inconclusive",
 "reasons": [
  "ambiguous landscape: basin margin 0.05 < 0.15",
  "minimum on the search-box boundary: the true position may lie outside the box",
  "residual 23.1 mrad > 12.0: the DEM cannot explain this observation",
  "covariance degenerate: the cost surface has no measurable curvature at the fix (sigma cannot be computed) \u2014 the landscape does not pin a position here",
  "peak heights disagree: matched crests stand a median +187 m (spread 0 m) from the model at this fix (limits 30/90 m) \u2014 position error or DEM bias is leaking into the height channel"
 ],
 "lat": 38.834009630586436,
 "lon": 26.94555092315954,
 "fix_ok": false,
 "basin_margin": 0.049758781888743144,
 "relief_mrad": 55.739139861609374,
 "dn_m": 3150.0,
 "de_m": -2250.0,
 "sigma_n_m": 0.0,
 "sigma_e_m": 3146.78354727404,
 "sigma_major_m": 3156.3855595492396,
 "sigma_minor_m": 0.0,
 "major_bearing_deg": 86.41624766903082,
 "anisotropy": Infinity,
 "jackknife": null,
 "subject_km": null,
 "dem_split_m": null,
 "peak_dh_m": 187.29771598890386,
 "peak_dh_mad_m": 0.31433181032306834,
 "n_peaks": 3,
 "search_trace": [
  {
   "dn": -3000.0,
   "de": -3000.0,
   "cost": 0.0003067960920375196,
   "stage": "coarse"
  },
  {
   "dn": -3000.0,
   "de": -2700.0,
   "cost": 0.00030586833049558787,
   "stage": "coarse"
  },
  {
   "dn": -300.0,
   "de": 900.0,
   "cost": 0.0003057062977812348,
   "stage": "coarse"
  },
  {
   "dn": 0.0,
   "de": 900.0,
   "cost": 0.00030411929698605743,
   "stage": "coarse"
  },
  {
   "dn": 0.0,
   "de": 1200.0,
   "cost": 0.0003007454941844994,
   "stage": "coarse"
  },
  {
   "dn": 300.0,
   "de": 1200.0,
   "cost": 0.00030032305090843737,
   "stage": "coarse"
  },
  {
   "dn": 600.0,
   "de": 1200.0,
   "cost": 0.0002998571393041056,
   "stage": "coarse"
  },
  {
   "dn": 600.0,
   "de": 1500.0,
   "cost": 0.0002966902011495236,
   "stage": "coarse"
  },
  {
   "dn": 900.0,
   "de": 1500.0,
   "cost": 0.00029574827192060114,
   "stage": "coarse"
  },
  {
   "dn": 1200.0,
   "de": 1500.0,
   "cost": 0.00029416862844169574,
   "stage": "coarse"
  },
  {
   "dn": 1500.0,
   "de": 1500.0,
   "cost": 0.0002922786895369902,
   "stage": "coarse"
  },
  {
   "dn": 1500.0,
   "de": 1800.0,
   "cost": 0.00029059501650102623,
   "stage": "coarse"
  },
  {
   "dn": 1800.0,
   "de": 1500.0,
   "cost": 0.00029026786878997673,
   "stage": "coarse"
  },
  {
   "dn": 2100.0,
   "de": 1500.0,
   "cost": 0.00028906443232106513,
   "stage": "coarse"
  },
  {
   "dn": 2400.0,
   "de": -3000.0,
   "cost": 0.00027684284008311995,
   "stage": "coarse"
  },
  {
   "dn": 2700.0,
   "de": -2700.0,
   "cost": 0.0002710796595588759,
   "stage": "coarse"
  },
  {
   "dn": 2700.0,
   "de": -2400.0,
   "cost": 0.0002688849723891063,
   "stage": "coarse"
  },
  {
   "dn": 3000.0,
   "de": -2700.0,
   "cost": 0.0002683414133214073,
   "stage": "coarse"
  },
  {
   "dn": 3000.0,
   "de": -2400.0,
   "cost": 0.00026761765615139775,
   "stage": "coarse"
  },
  {
   "dn": 3120.0,
   "de": -2280.0,
   "cost": 0.0002664161405523443,
   "stage": "refine_60m"
  },
  {
   "dn": 3150.0,
   "de": -2250.0,
   "cost": 0.00026623669720930514,
   "stage": "refine_15m"
  }
 ],
 "heading_window_deg": 30.0,
 "search_evals": 491,
 "cost": 0.00026623669720930514,
 "rms_mrad": 23.075385032943878,
 "n_photos": 1,
 "z_m": 1.1,
 "photos": [
  {
   "file": "NCVO7252.JPG",
   "fov_deg": 73.74,
   "heading_deg": 299.638,
   "pitch_deg": 0.0,
   "roll_deg": 0.0,
   "weight": 1.0,
   "rms_mrad": 23.075385032943878,
   "heading_offset_deg": -23.0,
   "el_offset_mrad": 10.122909661567109,
   "attitude_source": "prior"
  }
 ],
 "heading_offset_deg": -23.0,
 "el_offset_mrad": 10.122909661567109,
 "fov_deg": 73.74
}
wrote out/resweep/43_NCVO7252_w30.json/.png
