/usr/local/lib/python3.11/dist-packages/torchvision/models/_utils.py:207: UserWarning: The parameter 'pretrained' is deprecated since 0.13 and may be removed in the future, please use 'weights' instead.
  warnings.warn(
/usr/local/lib/python3.11/dist-packages/torchvision/models/_utils.py:222: UserWarning: Arguments other than a weight enum or `None` for 'weights' are deprecated since 0.13 and may be removed in the future. The current behavior is equivalent to passing `weights=None`.
  warnings.warn(msg)
extractor pre-check: eWaSR disagrees with the seam on 34% of columns — falling back to the seam
photo 0: QMLO5628.JPG  fov 73.7, heading 205.342, pitch +0.00, roll +0.00, weight 1.00
z 61.4 m, box 6000 m at (37.02713,27.36178)
peak witness: 7 crests, median height residual -235 m (spread 111 m)
INCONCLUSIVE: ambiguous landscape: basin margin 0.01 < 0.15
INCONCLUSIVE: minimum on the search-box boundary: the true position may lie outside the box
INCONCLUSIVE: residual 27.1 mrad > 12.0: the DEM cannot explain this observation
INCONCLUSIVE: covariance degenerate: the cost surface has no measurable curvature at the fix (sigma cannot be computed) — the landscape does not pin a position here
INCONCLUSIVE: peak heights disagree: matched crests stand a median -235 m (spread 111 m) from the model at this fix (limits 30/90 m) — position error or DEM bias is leaking into the height channel
{
 "status": "inconclusive",
 "reasons": [
  "ambiguous landscape: basin margin 0.01 < 0.15",
  "minimum on the search-box boundary: the true position may lie outside the box",
  "residual 27.1 mrad > 12.0: the DEM cannot explain this observation",
  "covariance degenerate: the cost surface has no measurable curvature at the fix (sigma cannot be computed) \u2014 the landscape does not pin a position here",
  "peak heights disagree: matched crests stand a median -235 m (spread 111 m) from the model at this fix (limits 30/90 m) \u2014 position error or DEM bias is leaking into the height channel"
 ],
 "lat": 37.00392550256729,
 "lon": 27.39726495270939,
 "fix_ok": false,
 "basin_margin": 0.006729673133345888,
 "relief_mrad": 23.76531195242866,
 "dn_m": -2580.0,
 "de_m": 3150.0,
 "sigma_n_m": 3331.2493954827128,
 "sigma_e_m": 0.0,
 "sigma_major_m": 5038.446842924511,
 "sigma_minor_m": 0.0,
 "major_bearing_deg": 167.07248263677158,
 "anisotropy": Infinity,
 "jackknife": null,
 "subject_km": null,
 "dem_split_m": null,
 "peak_dh_m": -235.2779586672098,
 "peak_dh_mad_m": 111.36230635677182,
 "n_peaks": 7,
 "search_trace": [
  {
   "dn": -3000.0,
   "de": -3000.0,
   "cost": 0.0004873177189067681,
   "stage": "coarse"
  },
  {
   "dn": -3000.0,
   "de": -2700.0,
   "cost": 0.0004469504589496781,
   "stage": "coarse"
  },
  {
   "dn": -3000.0,
   "de": -2400.0,
   "cost": 0.00043917926414782665,
   "stage": "coarse"
  },
  {
   "dn": -3000.0,
   "de": -2100.0,
   "cost": 0.00043013649895275315,
   "stage": "coarse"
  },
  {
   "dn": -3000.0,
   "de": -1800.0,
   "cost": 0.00041890648695738157,
   "stage": "coarse"
  },
  {
   "dn": -3000.0,
   "de": -1500.0,
   "cost": 0.00041029318710307153,
   "stage": "coarse"
  },
  {
   "dn": -3000.0,
   "de": -1200.0,
   "cost": 0.0004030361017800879,
   "stage": "coarse"
  },
  {
   "dn": -3000.0,
   "de": -900.0,
   "cost": 0.00039826824491616245,
   "stage": "coarse"
  },
  {
   "dn": -3000.0,
   "de": -600.0,
   "cost": 0.0003912493279471385,
   "stage": "coarse"
  },
  {
   "dn": -3000.0,
   "de": -300.0,
   "cost": 0.0003883495151785631,
   "stage": "coarse"
  },
  {
   "dn": -3000.0,
   "de": 0.0,
   "cost": 0.00038558851723934795,
   "stage": "coarse"
  },
  {
   "dn": -3000.0,
   "de": 300.0,
   "cost": 0.0003832321949100799,
   "stage": "coarse"
  },
  {
   "dn": -3000.0,
   "de": 600.0,
   "cost": 0.00038121844347149066,
   "stage": "coarse"
  },
  {
   "dn": -3000.0,
   "de": 900.0,
   "cost": 0.0003779923786339835,
   "stage": "coarse"
  },
  {
   "dn": -3000.0,
   "de": 1200.0,
   "cost": 0.0003751129595230707,
   "stage": "coarse"
  },
  {
   "dn": -3000.0,
   "de": 1500.0,
   "cost": 0.0003736189012641643,
   "stage": "coarse"
  },
  {
   "dn": -3000.0,
   "de": 1800.0,
   "cost": 0.00037232876785561915,
   "stage": "coarse"
  },
  {
   "dn": -3000.0,
   "de": 2100.0,
   "cost": 0.00037127897675324025,
   "stage": "coarse"
  },
  {
   "dn": -3000.0,
   "de": 2400.0,
   "cost": 0.00037022354151915356,
   "stage": "coarse"
  },
  {
   "dn": -3000.0,
   "de": 2700.0,
   "cost": 0.00036932545477683126,
   "stage": "coarse"
  },
  {
   "dn": -3000.0,
   "de": 3000.0,
   "cost": 0.00036861546447846153,
   "stage": "coarse"
  },
  {
   "dn": -2700.0,
   "de": 3000.0,
   "cost": 0.00036819727586364016,
   "stage": "coarse"
  },
  {
   "dn": -2580.0,
   "de": 3120.0,
   "cost": 0.00036779544595851786,
   "stage": "refine_60m"
  },
  {
   "dn": -2580.0,
   "de": 3150.0,
   "cost": 0.00036770635172850296,
   "stage": "refine_15m"
  }
 ],
 "heading_window_deg": 6.0,
 "search_evals": 491,
 "cost": 0.00036770635172850296,
 "rms_mrad": 27.11849375347027,
 "n_photos": 1,
 "z_m": 61.4,
 "photos": [
  {
   "file": "QMLO5628.JPG",
   "fov_deg": 73.74,
   "heading_deg": 205.342,
   "pitch_deg": 0.0,
   "roll_deg": 0.0,
   "weight": 1.0,
   "rms_mrad": 27.11849375347027,
   "heading_offset_deg": 6.0,
   "el_offset_mrad": 10.122909661567109,
   "attitude_source": "prior"
  }
 ],
 "heading_offset_deg": 6.0,
 "el_offset_mrad": 10.122909661567109,
 "fov_deg": 73.74
}
wrote out/resweep/44_QMLO5628_w6.json/.png
