/usr/local/lib/python3.11/dist-packages/torchvision/models/_utils.py:207: UserWarning: The parameter 'pretrained' is deprecated since 0.13 and may be removed in the future, please use 'weights' instead.
  warnings.warn(
/usr/local/lib/python3.11/dist-packages/torchvision/models/_utils.py:222: UserWarning: Arguments other than a weight enum or `None` for 'weights' are deprecated since 0.13 and may be removed in the future. The current behavior is equivalent to passing `weights=None`.
  warnings.warn(msg)
extractor pre-check: eWaSR disagrees with the seam on 67% of columns — falling back to the seam
photo 0: UYXQ4404.JPG  fov 104.2, heading 36.455, pitch +0.00, roll +0.00, weight 1.00
z 18.8 m, box 6000 m at (37.47685,27.41420)
peak witness: 9 crests, median height residual -12 m (spread 48 m)
INCONCLUSIVE: ambiguous landscape: basin margin 0.00 < 0.15
INCONCLUSIVE: residual 20.5 mrad > 12.0: the DEM cannot explain this observation
{
 "status": "inconclusive",
 "reasons": [
  "ambiguous landscape: basin margin 0.00 < 0.15",
  "residual 20.5 mrad > 12.0: the DEM cannot explain this observation"
 ],
 "lat": 37.47981476129953,
 "lon": 27.39091535393478,
 "fix_ok": false,
 "basin_margin": 0.0008992756387569444,
 "relief_mrad": 25.075066283580732,
 "dn_m": 330.0,
 "de_m": -2055.0,
 "sigma_n_m": 1575.097652087259,
 "sigma_e_m": 1076.7956220091066,
 "sigma_major_m": 1633.2317299479878,
 "sigma_minor_m": 986.3952257994146,
 "major_bearing_deg": 160.6237217512996,
 "anisotropy": 1.6557579428918574,
 "jackknife": null,
 "subject_km": null,
 "dem_split_m": null,
 "peak_dh_m": -12.298511255747751,
 "peak_dh_mad_m": 47.90852274460329,
 "n_peaks": 9,
 "search_trace": [
  {
   "dn": -3000.0,
   "de": -3000.0,
   "cost": 0.0006276814098904864,
   "stage": "coarse"
  },
  {
   "dn": -3000.0,
   "de": -2700.0,
   "cost": 0.0006125379866380347,
   "stage": "coarse"
  },
  {
   "dn": -3000.0,
   "de": -2400.0,
   "cost": 0.0005839854900529437,
   "stage": "coarse"
  },
  {
   "dn": -3000.0,
   "de": -2100.0,
   "cost": 0.0005541835626391309,
   "stage": "coarse"
  },
  {
   "dn": -2700.0,
   "de": -3000.0,
   "cost": 0.0004951944048923721,
   "stage": "coarse"
  },
  {
   "dn": -2700.0,
   "de": -2700.0,
   "cost": 0.0004936796499991286,
   "stage": "coarse"
  },
  {
   "dn": -2400.0,
   "de": -3000.0,
   "cost": 0.0004517382267787524,
   "stage": "coarse"
  },
  {
   "dn": -1800.0,
   "de": 2400.0,
   "cost": 0.0004100585077681077,
   "stage": "coarse"
  },
  {
   "dn": -1800.0,
   "de": 2700.0,
   "cost": 0.00038200191014200894,
   "stage": "coarse"
  },
  {
   "dn": -1500.0,
   "de": 2400.0,
   "cost": 0.00037264009822966267,
   "stage": "coarse"
  },
  {
   "dn": -1500.0,
   "de": 2700.0,
   "cost": 0.0003262035889486802,
   "stage": "coarse"
  },
  {
   "dn": -1200.0,
   "de": 0.0,
   "cost": 0.0002869584831612556,
   "stage": "coarse"
  },
  {
   "dn": -1200.0,
   "de": 2700.0,
   "cost": 0.00027327804248617523,
   "stage": "coarse"
  },
  {
   "dn": -900.0,
   "de": -300.0,
   "cost": 0.00023936520633077073,
   "stage": "coarse"
  },
  {
   "dn": -900.0,
   "de": 0.0,
   "cost": 0.00022459804269415966,
   "stage": "coarse"
  },
  {
   "dn": -600.0,
   "de": -600.0,
   "cost": 0.00022442133505931573,
   "stage": "coarse"
  },
  {
   "dn": -600.0,
   "de": -300.0,
   "cost": 0.0002221581261589144,
   "stage": "coarse"
  },
  {
   "dn": -300.0,
   "de": -900.0,
   "cost": 0.00022061590571090123,
   "stage": "coarse"
  },
  {
   "dn": 0.0,
   "de": -1800.0,
   "cost": 0.00021242443964109245,
   "stage": "coarse"
  },
  {
   "dn": 300.0,
   "de": -2100.0,
   "cost": 0.00021059453045000565,
   "stage": "coarse"
  },
  {
   "dn": 360.0,
   "de": -2040.0,
   "cost": 0.00020996192588778156,
   "stage": "refine_60m"
  },
  {
   "dn": 330.0,
   "de": -2055.0,
   "cost": 0.00020991768355665437,
   "stage": "refine_15m"
  }
 ],
 "heading_window_deg": 6.0,
 "search_evals": 491,
 "cost": 0.00020991768355665437,
 "rms_mrad": 20.489884507075896,
 "n_photos": 1,
 "z_m": 18.8,
 "photos": [
  {
   "file": "UYXQ4404.JPG",
   "fov_deg": 104.25,
   "heading_deg": 36.455,
   "pitch_deg": 0.0,
   "roll_deg": 0.0,
   "weight": 1.0,
   "rms_mrad": 20.489884507075896,
   "heading_offset_deg": -4.0,
   "el_offset_mrad": 10.122909661567109,
   "attitude_source": "prior"
  }
 ],
 "heading_offset_deg": -4.0,
 "el_offset_mrad": 10.122909661567109,
 "fov_deg": 104.25
}
wrote out/resweep/46_UYXQ4404_w6.json/.png
