/usr/local/lib/python3.11/dist-packages/torchvision/models/_utils.py:207: UserWarning: The parameter 'pretrained' is deprecated since 0.13 and may be removed in the future, please use 'weights' instead.
  warnings.warn(
/usr/local/lib/python3.11/dist-packages/torchvision/models/_utils.py:222: UserWarning: Arguments other than a weight enum or `None` for 'weights' are deprecated since 0.13 and may be removed in the future. The current behavior is equivalent to passing `weights=None`.
  warnings.warn(msg)
extractor pre-check: eWaSR disagrees with the seam on 45% of columns — falling back to the seam
photo 0: XRQV0283.JPG  fov 73.7, heading 352.385, pitch +0.00, roll +0.00, weight 1.00
z 14.0 m, box 6000 m at (37.47679,27.41421)
peak witness: 1 crests, median height residual -5 m (spread 0 m)
INCONCLUSIVE: minimum on the search-box boundary: the true position may lie outside the box
{
 "status": "inconclusive",
 "reasons": [
  "minimum on the search-box boundary: the true position may lie outside the box"
 ],
 "lat": 37.47975676129953,
 "lon": 27.380384445472192,
 "fix_ok": false,
 "basin_margin": 0.2865795852986096,
 "relief_mrad": 17.607734596000725,
 "dn_m": 330.0,
 "de_m": -2985.0,
 "sigma_n_m": 218.46679880354407,
 "sigma_e_m": 163.19899135995968,
 "sigma_major_m": 219.64926089125223,
 "sigma_minor_m": 161.6040072222933,
 "major_bearing_deg": 8.800956488719265,
 "anisotropy": 1.3591820194725444,
 "jackknife": null,
 "subject_km": null,
 "dem_split_m": null,
 "peak_dh_m": -5.37831885114498,
 "peak_dh_mad_m": 0.0,
 "n_peaks": 1,
 "search_trace": [
  {
   "dn": -3000.0,
   "de": -3000.0,
   "cost": 0.00012116215420238388,
   "stage": "coarse"
  },
  {
   "dn": -2700.0,
   "de": -3000.0,
   "cost": 7.470854472248746e-05,
   "stage": "coarse"
  },
  {
   "dn": -2400.0,
   "de": -3000.0,
   "cost": 6.418878080408755e-05,
   "stage": "coarse"
  },
  {
   "dn": -2100.0,
   "de": -3000.0,
   "cost": 5.945697181601232e-05,
   "stage": "coarse"
  },
  {
   "dn": -2100.0,
   "de": -2700.0,
   "cost": 5.781655477968513e-05,
   "stage": "coarse"
  },
  {
   "dn": -1200.0,
   "de": 1800.0,
   "cost": 3.93766186651197e-05,
   "stage": "coarse"
  },
  {
   "dn": -300.0,
   "de": -1800.0,
   "cost": 2.0635862275692273e-05,
   "stage": "coarse"
  },
  {
   "dn": 300.0,
   "de": -3000.0,
   "cost": 1.6039320467612408e-05,
   "stage": "coarse"
  },
  {
   "dn": 300.0,
   "de": -3000.0,
   "cost": 1.6039320467612408e-05,
   "stage": "refine_60m"
  },
  {
   "dn": 330.0,
   "de": -2985.0,
   "cost": 1.600197724539735e-05,
   "stage": "refine_15m"
  }
 ],
 "heading_window_deg": 30.0,
 "search_evals": 491,
 "cost": 1.600197724539735e-05,
 "rms_mrad": 5.657203769601613,
 "n_photos": 1,
 "z_m": 14.0,
 "photos": [
  {
   "file": "XRQV0283.JPG",
   "fov_deg": 73.74,
   "heading_deg": 352.385,
   "pitch_deg": 0.0,
   "roll_deg": 0.0,
   "weight": 1.0,
   "rms_mrad": 5.657203769601613,
   "heading_offset_deg": -26.200000000000003,
   "el_offset_mrad": -1.734723475976807e-15,
   "attitude_source": "prior"
  }
 ],
 "heading_offset_deg": -26.200000000000003,
 "el_offset_mrad": -1.734723475976807e-15,
 "fov_deg": 73.74
}
wrote out/resweep/48_XRQV0283_w30.json/.png
