hand-digitised boundary: 4032 columns from out/bos/user_skyline.npy
photo 0: PF_new_bosphorus1.jpg  fov 73.7, heading 48.0, pitch +1.45, roll +1.75, weight 1.00
z 7.0 m, box 6000 m at (41.12590,29.07076)
peak witness: 9 crests, median height residual -1 m (spread 4 m)
{
 "status": "ok",
 "reasons": [],
 "lat": 41.126169796481776,
 "lon": 29.070222746706655,
 "fix_ok": true,
 "basin_margin": 1.9141482887171246,
 "relief_mrad": 7.081971677678146,
 "dn_m": 30.0,
 "de_m": -45.0,
 "sigma_n_m": 158.14301186310257,
 "sigma_e_m": 203.18894563811756,
 "sigma_major_m": 214.25576651913877,
 "sigma_minor_m": 142.79154857329476,
 "major_bearing_deg": 115.18257328554975,
 "anisotropy": 1.5004793257015594,
 "jackknife": null,
 "subject_km": null,
 "dem_split_m": null,
 "peak_dh_m": -0.9615502838984482,
 "peak_dh_mad_m": 4.2584627461172335,
 "n_peaks": 9,
 "search_trace": [
  {
   "dn": -3000.0,
   "de": -3000.0,
   "cost": 0.0001196419286968536,
   "stage": "coarse"
  },
  {
   "dn": -3000.0,
   "de": -2700.0,
   "cost": 7.939984303299452e-05,
   "stage": "coarse"
  },
  {
   "dn": -3000.0,
   "de": -2400.0,
   "cost": 4.7261796476168744e-05,
   "stage": "coarse"
  },
  {
   "dn": -3000.0,
   "de": -2100.0,
   "cost": 3.512141440939917e-05,
   "stage": "coarse"
  },
  {
   "dn": -3000.0,
   "de": -1800.0,
   "cost": 1.577145697655066e-05,
   "stage": "coarse"
  },
  {
   "dn": -3000.0,
   "de": -1200.0,
   "cost": 1.4447220594485128e-05,
   "stage": "coarse"
  },
  {
   "dn": -2400.0,
   "de": -1500.0,
   "cost": 1.0879359820936419e-05,
   "stage": "coarse"
  },
  {
   "dn": -600.0,
   "de": -600.0,
   "cost": 9.940583014842524e-06,
   "stage": "coarse"
  },
  {
   "dn": -600.0,
   "de": -300.0,
   "cost": 9.301745425046157e-06,
   "stage": "coarse"
  },
  {
   "dn": -600.0,
   "de": 300.0,
   "cost": 8.734444619002892e-06,
   "stage": "coarse"
  },
  {
   "dn": -300.0,
   "de": -600.0,
   "cost": 7.058937054372664e-06,
   "stage": "coarse"
  },
  {
   "dn": -300.0,
   "de": -300.0,
   "cost": 6.243623499003655e-06,
   "stage": "coarse"
  },
  {
   "dn": -300.0,
   "de": 0.0,
   "cost": 5.675338274820618e-06,
   "stage": "coarse"
  },
  {
   "dn": 0.0,
   "de": -600.0,
   "cost": 4.7697807582638765e-06,
   "stage": "coarse"
  },
  {
   "dn": 0.0,
   "de": -300.0,
   "cost": 3.97663962404604e-06,
   "stage": "coarse"
  },
  {
   "dn": 0.0,
   "de": 0.0,
   "cost": 2.841578420746652e-06,
   "stage": "coarse"
  },
  {
   "dn": 60.0,
   "de": -60.0,
   "cost": 2.793383055887743e-06,
   "stage": "refine_60m"
  },
  {
   "dn": 30.0,
   "de": -45.0,
   "cost": 2.7504989797732496e-06,
   "stage": "refine_15m"
  }
 ],
 "heading_window_deg": 12.0,
 "search_evals": 491,
 "cost": 2.7504989797732496e-06,
 "rms_mrad": 2.3454206359513634,
 "n_photos": 1,
 "z_m": 7.0,
 "photos": [
  {
   "file": "PF_new_bosphorus1.jpg",
   "fov_deg": 73.7,
   "heading_deg": 48.0,
   "pitch_deg": 1.45,
   "roll_deg": 1.75,
   "weight": 1.0,
   "rms_mrad": 2.3454206359513634,
   "heading_offset_deg": 0.8,
   "el_offset_mrad": 2.02458193231342,
   "attitude_source": "prior"
  }
 ],
 "heading_offset_deg": 0.8,
 "el_offset_mrad": 2.02458193231342,
 "fov_deg": 73.7
}
wrote out/bos/BOS_roll_pitch.json/.png
