hand-digitised boundary: 4032 columns from out/bos/user_skyline.npy
photo 0: PF_new_bosphorus1.jpg  fov 73.7, heading 48.0, pitch +0.00, roll +1.75, weight 1.00
z 7.0 m, box 6000 m at (41.12590,29.07076)
peak witness: 11 crests, median height residual -1 m (spread 5 m)
{
 "status": "ok",
 "reasons": [],
 "lat": 41.126169796481776,
 "lon": 29.069506408982196,
 "fix_ok": true,
 "basin_margin": 1.394038650700967,
 "relief_mrad": 7.081971677678146,
 "dn_m": 30.0,
 "de_m": -105.0,
 "sigma_n_m": 186.60359244267266,
 "sigma_e_m": 184.9328781548467,
 "sigma_major_m": 198.54016553397045,
 "sigma_minor_m": 172.05485405791393,
 "major_bearing_deg": 136.8129320431243,
 "anisotropy": 1.1539352761715256,
 "jackknife": null,
 "subject_km": null,
 "dem_split_m": null,
 "peak_dh_m": -0.9400568840607471,
 "peak_dh_mad_m": 4.830690809404686,
 "n_peaks": 11,
 "search_trace": [
  {
   "dn": -3000.0,
   "de": -3000.0,
   "cost": 0.00014722174672292116,
   "stage": "coarse"
  },
  {
   "dn": -3000.0,
   "de": -2700.0,
   "cost": 0.00010548128565298446,
   "stage": "coarse"
  },
  {
   "dn": -3000.0,
   "de": -2400.0,
   "cost": 4.881700572789924e-05,
   "stage": "coarse"
  },
  {
   "dn": -3000.0,
   "de": -2100.0,
   "cost": 3.522086242285241e-05,
   "stage": "coarse"
  },
  {
   "dn": -3000.0,
   "de": -1800.0,
   "cost": 1.5820877475322737e-05,
   "stage": "coarse"
  },
  {
   "dn": -3000.0,
   "de": -1200.0,
   "cost": 1.5530942568535388e-05,
   "stage": "coarse"
  },
  {
   "dn": -2400.0,
   "de": -1500.0,
   "cost": 1.1845506866458879e-05,
   "stage": "coarse"
  },
  {
   "dn": -900.0,
   "de": -300.0,
   "cost": 1.0985888049707275e-05,
   "stage": "coarse"
  },
  {
   "dn": -600.0,
   "de": -600.0,
   "cost": 1.0679964641167105e-05,
   "stage": "coarse"
  },
  {
   "dn": -600.0,
   "de": -300.0,
   "cost": 1.0426857604545969e-05,
   "stage": "coarse"
  },
  {
   "dn": -600.0,
   "de": 0.0,
   "cost": 1.0025130534266725e-05,
   "stage": "coarse"
  },
  {
   "dn": -600.0,
   "de": 300.0,
   "cost": 8.509796366135265e-06,
   "stage": "coarse"
  },
  {
   "dn": -300.0,
   "de": -600.0,
   "cost": 8.279525508201726e-06,
   "stage": "coarse"
  },
  {
   "dn": -300.0,
   "de": -300.0,
   "cost": 6.759171167596291e-06,
   "stage": "coarse"
  },
  {
   "dn": -300.0,
   "de": 0.0,
   "cost": 5.618902819528646e-06,
   "stage": "coarse"
  },
  {
   "dn": 0.0,
   "de": -300.0,
   "cost": 4.045908114120848e-06,
   "stage": "coarse"
  },
  {
   "dn": 0.0,
   "de": 0.0,
   "cost": 3.4620823960217424e-06,
   "stage": "coarse"
  },
  {
   "dn": 60.0,
   "de": -120.0,
   "cost": 3.1723956073856314e-06,
   "stage": "refine_60m"
  },
  {
   "dn": 30.0,
   "de": -105.0,
   "cost": 3.141162083607577e-06,
   "stage": "refine_15m"
  }
 ],
 "heading_window_deg": 12.0,
 "search_evals": 491,
 "cost": 3.141162083607577e-06,
 "rms_mrad": 2.5064564961744606,
 "n_photos": 1,
 "z_m": 7.0,
 "photos": [
  {
   "file": "PF_new_bosphorus1.jpg",
   "fov_deg": 73.7,
   "heading_deg": 48.0,
   "pitch_deg": 0.0,
   "roll_deg": 1.75,
   "weight": 1.0,
   "rms_mrad": 2.5064564961744606,
   "heading_offset_deg": 1.6,
   "el_offset_mrad": 26.179938779914945,
   "attitude_source": "prior"
  }
 ],
 "heading_offset_deg": 1.6,
 "el_offset_mrad": 26.179938779914945,
 "fov_deg": 73.7
}
wrote out/bos/BOS_roll_wide.json/.png
