203 photos, batches of 20, instrumented regime (priors N(0,1.0) deg heading / N(0,0.5) deg pitch)
[1/203 0min] 04032011388_01024: err    354 m  TRUE-ACCEPT
[2/203 0min] 04032011389_01024: err    791 m  FALSE-ACCEPT
[3/203 0min] 04032011390_01024: err   1346 m  FALSE-ACCEPT
[4/203 0min] 04032011391_01024: err    791 m  CAUGHT
[5/203 0min] 2011-04-30_18.37.52_01024: err   1677 m  FALSE-ACCEPT
[6/203 0min] 2011-04-30_18.40.20_01024: err   1000 m  FALSE-ACCEPT
[7/203 0min] 2011-10-01_17.13.12_01024: err   3010 m  CAUGHT
[8/203 0min] 2011-10-01_17.15.04_01024: err   2574 m  CAUGHT
[9/203 0min] 2011-10-01_17.18.26_01024: err   2305 m  CAUGHT
[10/203 0min] 2011-10-01_17.19.13_01024: err   2016 m  FALSE-ACCEPT
[11/203 1min] 2011-10-04_14.25.54_01024: err      0 m  TRUE-ACCEPT
[12/203 1min] 2011-10-04_14.26.04_01024: err      0 m  TRUE-ACCEPT
[13/203 1min] 2011-10-04_14.26.13_01024: err      0 m  TRUE-ACCEPT
[14/203 1min] 2011-10-04_14.31.44_01024: err   2236 m  CAUGHT
[15/203 1min] 2011-10-04_14.42.53_01024: err   2795 m  CAUGHT
[16/203 1min] 2011-10-04_14.43.05_01024: err   1677 m  CAUGHT
[17/203 1min] 2011-10-04_14.44.30_01024: err   2915 m  CAUGHT
[18/203 1min] 2011-10-04_14.48.13_01024: err   3536 m  CAUGHT
[19/203 1min] 2011-10-04_14.48.49_01024: err   2000 m  CAUGHT
[20/203 1min] 2011-10-04_14.56.14_01024: err   1677 m  CAUGHT

===== BATCH  1  (photos 04032011388_01024 .. 2011-10-04_14.56.14_01024, n=20) =====
  median err    1677 m   <500 m: 4/20
  verdicts: TA 4  FA 5  CAUGHT 11  OC 0
  accepted: 9  median margin 0.84  standalone(>=0.7): 5  act-on-it(>=1.5): 2
[21/203 1min] 2011-10-04_15.06.11_01024: err   2574 m  CAUGHT
[22/203 1min] 2011-10-04_15.06.31_01024: err   1118 m  CAUGHT
[23/203 1min] 2011-10-04_15.06.42_01024: err    559 m  FALSE-ACCEPT
[24/203 1min] 2011-10-04_15.09.39_01024: err   1250 m  FALSE-ACCEPT
[25/203 1min] 2011-10-04_15.12.05_01024: err   1521 m  CAUGHT
[26/203 1min] 2011-10-04_15.13.14_01024: err   3182 m  CAUGHT
[27/203 1min] 2011-10-04_15.15.40_01024: err   1768 m  CAUGHT
[28/203 1min] 2011-10-04_15.19.34_01024: err   1346 m  FALSE-ACCEPT
