 1/50 PF_new_akyaka3.jpg                 prior  172.6 best  143.1  d  -29.5  corr 0.947 (prior 0.086) prom 0.008 roll +3.0 OUTSIDE (unreliable)
 2/50 PF_new_akbuk1.jpg                  prior   85.5 best   85.5  d   +0.1  corr 0.998 (prior 0.998) prom 0.005 roll -2.0 (unreliable)
 3/50 PF_new_bodrum1.jpg                 prior  149.0 best  119.0  d  -30.0  corr 0.646 (prior 0.548) prom 0.030 roll -3.0 OUTSIDE (unreliable)
 4/50 PF_new_bodrum2.jpg                 prior  192.0 best  194.1  d   +2.1  corr 0.975 (prior 0.940) prom 0.030 roll +0.5 (unreliable)
 5/50 PF_new_bodrum3.jpg                 prior  109.4 best   84.5  d  -24.9  corr 0.841 (prior 0.749) prom 0.002 roll -3.0 OUTSIDE (unreliable)
 6/50 PF_new_bodrum4.jpg                 prior  206.8 best  236.8  d  +30.0  corr 0.906 (prior 0.760) prom 0.008 roll +3.0 OUTSIDE (unreliable)
 7/50 PF_new_bodrum6.jpg                 prior  114.7 best  100.7  d  -13.9  corr 0.723 (prior 0.520) prom 0.001 roll -3.0 OUTSIDE (unreliable)
 8/50 PF_new_bodrum7.jpg                 prior  312.7 best  314.6  d   +1.9  corr 0.872 (prior 0.850) prom 0.022 roll +3.0 (unreliable)
 9/50 PF_new_bodrum8.jpg                 prior  188.6 best  190.5  d   +1.9  corr 0.958 (prior 0.940) prom 0.025 roll -1.0 (unreliable)
10/50 PF_new_bodrum9.jpg                 prior  167.1 best  179.7  d  +12.6  corr 0.982 (prior 0.189) prom 0.053 roll +1.0 OUTSIDE (unreliable)
11/50 PF_20260824_195733_clean.jpg       prior  196.5 best  193.8  d   -2.7  corr 0.984 (prior 0.938) prom 0.058 roll -1.0 (unreliable)
12/50 redacted.jpg                       prior  254.5 best  250.1  d   -4.4  corr 0.586 (prior 0.296) prom 0.091 roll -3.0 (unreliable)
13/50 PF_new_bosphorus1.jpg              prior   47.1 best   17.1  d  -30.0  corr 0.599 (prior 0.296) prom 0.033 roll +3.0 OUTSIDE (unreliable)
14/50 PF_new_akyaka2.jpg                 prior  177.0 best  197.8  d  +20.8  corr 0.383 (prior 0.119) prom 0.001 roll -3.0 OUTSIDE (unreliable)
15/50 PF_20260823_175647.jpg             prior  198.6 best  195.9  d   -2.8  corr 0.993 (prior 0.971) prom 0.026 roll -1.5 (unreliable)
16/50 PF_20260823_175658_wide.jpg        prior  200.6 best  198.1  d   -2.4  corr 0.998 (prior 0.983) prom 0.021 roll -2.5 (unreliable)
17/50 PF_20260824_122139_wide.jpg        prior  297.0 best  296.7  d   -0.3  corr 0.972 (prior 0.971) prom 0.025 roll +0.5 (unreliable)
18/50 PF_20260824_122139.jpg             prior  297.0 best  318.5  d  +21.5  corr 0.888 (prior 0.789) prom 0.015 roll +3.0 OUTSIDE (unreliable)
19/50 PF_20260823_151556.jpg             prior  232.1 best  262.1  d  +30.0  corr 0.356 (prior -0.812) prom 0.605 roll -3.0 OUTSIDE (unreliable)
20/50 PF_20260823_151613.jpg             prior  218.6 best  213.2  d   -5.5  corr 0.992 (prior 0.959) prom 0.007 roll +0.0 (unreliable)
21/50 PF_20260823_153457.jpg             prior  266.8 best  244.4  d  -22.4  corr 0.880 (prior -0.156) prom 0.053 roll +3.0 OUTSIDE (unreliable)
22/50 PF_20260823_165639.jpg             prior  324.7 best  329.0  d   +4.3  corr -0.378 (prior -0.579) prom 0.061 roll -3.0 (unreliable)
23/50 PF_20260823_175124.jpg             prior  189.9 best  187.4  d   -2.5  corr 0.951 (prior 0.945) prom 0.006 roll -3.0 (unreliable)
24/50 PF_20260823_175709.jpg             prior  191.4 best  188.0  d   -3.4  corr 0.988 (prior 0.970) prom 0.015 roll +2.0 (unreliable)
25/50 PF_20260824_195733.jpg             prior  196.5 best  205.9  d   +9.4  corr 0.708 (prior 0.605) prom 0.025 roll -3.0 OUTSIDE (unreliable)
26/50 PF_new_milas1.jpg                  prior  334.8 best  304.8  d  -30.0  corr 0.511 (prior 0.270) prom 0.046 roll +3.0 OUTSIDE (unreliable)
27/50 wide.jpg                           prior   25.0 best   24.9  d   -0.1  corr 0.999 (prior 0.999) prom 0.044 roll +0.5 (unreliable)
28/50 strait2.jpg                        prior   25.0 best   24.9  d   -0.1  corr 0.999 (prior 0.999) prom 0.044 roll +0.5 (unreliable)
29/50 offshore.jpg                       prior   60.0 best   60.0  d   -0.0  corr 0.998 (prior 0.998) prom 0.248 roll +0.0 
30/50 strait1.jpg                        prior  180.0 best  180.0  d   +0.0  corr 0.998 (prior 0.998) prom 0.055 roll +0.0 (unreliable)
31/50 strait3.jpg                        prior  300.0 best  300.0  d   +0.0  corr 0.995 (prior 0.995) prom 0.168 roll -0.5 
32/50 EWAC7374.JPG                       prior  347.6 best  341.8  d   -5.8  corr 0.993 (prior 0.895) prom 0.030 roll -0.5 (unreliable)
33/50 HATY3309.JPG                       prior   40.5 best   46.5  d   +5.9  corr 0.852 (prior 0.727) prom 0.037 roll +3.0 (unreliable)
34/50 KWHC9160.JPG                       prior  244.3 best  246.6  d   +2.2  corr 0.997 (prior 0.227) prom 0.034 roll +2.5 (unreliable)
35/50 LHCG7767.JPG                       prior  228.7 best  227.1  d   -1.6  corr 0.338 (prior 0.319) prom 0.002 roll +3.0 (unreliable)
36/50 MYQR7719.JPG                       prior  243.8 best  246.4  d   +2.6  corr 0.979 (prior 0.390) prom 0.115 roll +2.0 
37/50 PQBC6867.JPG                       prior   22.5 best   46.4  d  +23.9  corr 0.933 (prior 0.546) prom 0.035 roll +3.0 OUTSIDE (unreliable)
38/50 QNJZ1625.JPG                       prior  195.9 best  195.6  d   -0.3  corr 0.973 (prior 0.972) prom 0.063 roll -0.5 (unreliable)
