photo 0: PF_20260823_151556.jpg  fov 38.1, heading 232.1, pitch +0.00, roll +0.00, weight 1.00
z 6.0 m, box 6000 m at (36.64087,28.09550)
peak witness: 1 crests, median height residual -1 m (spread 0 m)
INCONCLUSIVE: minimum on the search-box boundary: the true position may lie outside the box
INCONCLUSIVE: residual 15.4 mrad > 12.0: the DEM cannot explain this observation
{
 "status": "inconclusive",
 "reasons": [
  "minimum on the search-box boundary: the true position may lie outside the box",
  "residual 15.4 mrad > 12.0: the DEM cannot explain this observation"
 ],
 "lat": 36.65422492584789,
 "lon": 28.128115304706043,
 "fix_ok": false,
 "basin_margin": 0.47025059892358045,
 "relief_mrad": 71.99056616315977,
 "dn_m": 1485.0,
 "de_m": 2910.0,
 "sigma_n_m": 276.4616698040928,
 "sigma_e_m": 300.79129286556605,
 "sigma_major_m": 321.37364401405273,
 "sigma_minor_m": 252.24083267333003,
 "major_bearing_deg": 55.37092881015299,
 "anisotropy": 1.2740746238744567,
 "jackknife": null,
 "subject_km": null,
 "dem_split_m": null,
 "peak_dh_m": -0.6038215422695435,
 "peak_dh_mad_m": 0.0,
 "n_peaks": 1,
 "cost": 0.00011930653427747224,
 "rms_mrad": 15.447105507341641,
 "n_photos": 1,
 "z_m": 6.0,
 "photos": [
  {
   "file": "PF_20260823_151556.jpg",
   "fov_deg": 38.07,
   "heading_deg": 232.1,
   "pitch_deg": 0.0,
   "roll_deg": 0.0,
   "weight": 1.0,
   "rms_mrad": 15.447105507341641,
   "heading_offset_deg": -3.8000000000000003,
   "el_offset_mrad": -10.12290966156711,
   "attitude_source": "prior"
  }
 ],
 "heading_offset_deg": -3.8000000000000003,
 "el_offset_mrad": -10.12290966156711,
 "fov_deg": 38.07
}
wrote out/e5t/PF_20260823_151556.json/.png
