/root/.local/lib/python3.11/site-packages/torchvision/models/_utils.py:207: UserWarning: The parameter 'pretrained' is deprecated since 0.13 and may be removed in the future, please use 'weights' instead.
  warnings.warn(
/root/.local/lib/python3.11/site-packages/torchvision/models/_utils.py:222: UserWarning: Arguments other than a weight enum or `None` for 'weights' are deprecated since 0.13 and may be removed in the future. The current behavior is equivalent to passing `weights=None`.
  warnings.warn(msg)
extractor pre-check: eWaSR disagrees with the seam on 84% of columns — falling back to the seam
photo 0: FYMC7458.JPG  fov 73.7, heading 80.11, pitch +3.70, roll +0.60, weight 1.00
z 18.5 m, box 6000 m at (37.47685,27.41421)
peak witness: 2 crests, median height residual -2 m (spread 21 m)
INCONCLUSIVE: ambiguous landscape: basin margin 0.09 < 0.15
{
 "status": "inconclusive",
 "reasons": [
  "ambiguous landscape: basin margin 0.09 < 0.15"
 ],
 "lat": 37.47496142462757,
 "lon": 27.422539158416082,
 "fix_ok": false,
 "basin_margin": 0.0859408164142036,
 "relief_mrad": 41.80287342895438,
 "dn_m": -210.0,
 "de_m": 735.0,
 "sigma_n_m": 148.02108873060237,
 "sigma_e_m": 500.7528193191943,
 "sigma_major_m": 501.05105102096024,
 "sigma_minor_m": 147.00841144609933,
 "major_bearing_deg": 92.0679973320751,
 "anisotropy": 3.408315524888661,
 "jackknife": null,
 "subject_km": null,
 "dem_split_m": null,
 "peak_dh_m": -1.5805402703450966,
 "peak_dh_mad_m": 21.24871584662528,
 "n_peaks": 2,
 "search_trace": [
  {
   "dn": -3000.0,
   "de": -3000.0,
   "cost": 0.0006254482564627936,
   "stage": "coarse"
  },
  {
   "dn": -3000.0,
   "de": -2700.0,
   "cost": 0.0006036086395021192,
   "stage": "coarse"
  },
  {
   "dn": -3000.0,
   "de": -2100.0,
   "cost": 0.00044959312692171996,
   "stage": "coarse"
  },
  {
   "dn": -3000.0,
   "de": -1500.0,
   "cost": 0.0004421802474621524,
   "stage": "coarse"
  },
  {
   "dn": -3000.0,
   "de": -1200.0,
   "cost": 0.00038653656381874586,
   "stage": "coarse"
  },
  {
   "dn": -3000.0,
   "de": -900.0,
   "cost": 0.00037011913629956487,
   "stage": "coarse"
  },
  {
   "dn": -2700.0,
   "de": -2100.0,
   "cost": 0.0003675108163461381,
   "stage": "coarse"
  },
  {
   "dn": -2400.0,
   "de": -3000.0,
   "cost": 0.0002722664006470179,
   "stage": "coarse"
  },
  {
   "dn": -2400.0,
   "de": -2700.0,
   "cost": 0.00026774196798015545,
   "stage": "coarse"
  },
  {
   "dn": -2100.0,
   "de": -3000.0,
   "cost": 0.00021780091028989325,
   "stage": "coarse"
  },
  {
   "dn": -1800.0,
   "de": -3000.0,
   "cost": 0.00021463271282582422,
   "stage": "coarse"
  },
  {
   "dn": -1500.0,
   "de": -3000.0,
   "cost": 0.00016714301677262522,
   "stage": "coarse"
  },
  {
   "dn": -1500.0,
   "de": 1800.0,
   "cost": 0.00012653591115297945,
   "stage": "coarse"
  },
  {
   "dn": -1200.0,
   "de": 1800.0,
   "cost": 0.00010063285923815484,
   "stage": "coarse"
  },
  {
   "dn": -1200.0,
   "de": 2100.0,
   "cost": 9.88607082149407e-05,
   "stage": "coarse"
  },
  {
   "dn": -900.0,
   "de": -300.0,
   "cost": 9.633239119500755e-05,
   "stage": "coarse"
  },
  {
   "dn": -900.0,
   "de": 1500.0,
   "cost": 8.66833680243553e-05,
   "stage": "coarse"
  },
  {
   "dn": -900.0,
   "de": 1800.0,
   "cost": 5.231796912191742e-05,
   "stage": "coarse"
  },
  {
   "dn": -600.0,
   "de": -600.0,
   "cost": 4.5782066301747705e-05,
   "stage": "coarse"
  },
  {
   "dn": -600.0,
   "de": -300.0,
   "cost": 4.2746460112400024e-05,
   "stage": "coarse"
  },
  {
   "dn": -300.0,
   "de": -600.0,
   "cost": 4.0630204474680225e-05,
   "stage": "coarse"
  },
  {
   "dn": -300.0,
   "de": 300.0,
   "cost": 3.7905895265768634e-05,
   "stage": "coarse"
  },
  {
   "dn": -300.0,
   "de": 600.0,
   "cost": 3.741475028891713e-05,
   "stage": "coarse"
  },
  {
   "dn": -240.0,
   "de": 720.0,
   "cost": 3.418770400181102e-05,
   "stage": "refine_60m"
  },
  {
   "dn": -210.0,
   "de": 735.0,
   "cost": 3.378299620196188e-05,
   "stage": "refine_15m"
  }
 ],
 "search_evals": 491,
 "cost": 3.378299620196188e-05,
 "rms_mrad": 8.219853551245532,
 "n_photos": 1,
 "z_m": 18.5,
 "photos": [
  {
   "file": "FYMC7458.JPG",
   "fov_deg": 73.74,
   "heading_deg": 80.11,
   "pitch_deg": 3.7,
   "roll_deg": 0.6,
   "weight": 1.0,
   "rms_mrad": 8.219853551245532,
   "heading_offset_deg": -8.0,
   "el_offset_mrad": 8.098327729253686,
   "attitude_source": "prior"
  }
 ],
 "heading_offset_deg": -8.0,
 "el_offset_mrad": 8.098327729253686,
 "fov_deg": 73.74
}
wrote out/theo2/FYMC7458.json/.png
