/root/.local/lib/python3.11/site-packages/torchvision/models/_utils.py:207: UserWarning: The parameter 'pretrained' is deprecated since 0.13 and may be removed in the future, please use 'weights' instead.
  warnings.warn(
/root/.local/lib/python3.11/site-packages/torchvision/models/_utils.py:222: UserWarning: Arguments other than a weight enum or `None` for 'weights' are deprecated since 0.13 and may be removed in the future. The current behavior is equivalent to passing `weights=None`.
  warnings.warn(msg)
extractor pre-check: eWaSR disagrees with the seam on 34% of columns — falling back to the seam
photo 0: QMLO5628.JPG  fov 73.7, heading 205.34, pitch +7.90, roll -1.30, weight 1.00
z 61.4 m, box 6000 m at (37.02713,27.36178)
peak witness: 8 crests, median height residual -31 m (spread 43 m)
INCONCLUSIVE: ambiguous landscape: basin margin 0.01 < 0.15
INCONCLUSIVE: peak heights disagree: matched crests stand a median -31 m (spread 43 m) from the model at this fix (limits 30/90 m) — position error or DEM bias is leaking into the height channel
{
 "status": "inconclusive",
 "reasons": [
  "ambiguous landscape: basin margin 0.01 < 0.15",
  "peak heights disagree: matched crests stand a median -31 m (spread 43 m) from the model at this fix (limits 30/90 m) \u2014 position error or DEM bias is leaking into the height channel"
 ],
 "lat": 37.03900104519813,
 "lon": 27.379521976821838,
 "fix_ok": false,
 "basin_margin": 0.006272810204426713,
 "relief_mrad": 17.452721526356697,
 "dn_m": 1320.0,
 "de_m": 1575.0,
 "sigma_n_m": 215.58765137934336,
 "sigma_e_m": 225.23083781788299,
 "sigma_major_m": 270.12131041722944,
 "sigma_minor_m": 155.69663898069723,
 "major_bearing_deg": 47.50254474066376,
 "anisotropy": 1.7349206263259043,
 "jackknife": null,
 "subject_km": null,
 "dem_split_m": null,
 "peak_dh_m": -30.649267023464194,
 "peak_dh_mad_m": 43.19270429688828,
 "n_peaks": 8,
 "search_trace": [
  {
   "dn": -3000.0,
   "de": -3000.0,
   "cost": 4.9997179984596714e-05,
   "stage": "coarse"
  },
  {
   "dn": -3000.0,
   "de": -2700.0,
   "cost": 2.9458255073260543e-05,
   "stage": "coarse"
  },
  {
   "dn": -2700.0,
   "de": -2400.0,
   "cost": 2.563660011305165e-05,
   "stage": "coarse"
  },
  {
   "dn": -2400.0,
   "de": -2100.0,
   "cost": 2.094970382807597e-05,
   "stage": "coarse"
  },
  {
   "dn": -2100.0,
   "de": -1800.0,
   "cost": 2.090895937840496e-05,
   "stage": "coarse"
  },
  {
   "dn": -1500.0,
   "de": -1500.0,
   "cost": 1.9879226795788537e-05,
   "stage": "coarse"
  },
  {
   "dn": -1500.0,
   "de": -1200.0,
   "cost": 1.9126906180316758e-05,
   "stage": "coarse"
  },
  {
   "dn": -1200.0,
   "de": -1200.0,
   "cost": 1.8203192746268526e-05,
   "stage": "coarse"
  },
  {
   "dn": -1200.0,
   "de": -900.0,
   "cost": 1.7438923338249827e-05,
   "stage": "coarse"
  },
  {
   "dn": -1200.0,
   "de": 3000.0,
   "cost": 1.376631709879287e-05,
   "stage": "coarse"
  },
  {
   "dn": 1200.0,
   "de": 1500.0,
   "cost": 1.3680501906830028e-05,
   "stage": "coarse"
  },
  {
   "dn": 1320.0,
   "de": 1560.0,
   "cost": 1.361341096899655e-05,
   "stage": "refine_60m"
  },
  {
   "dn": 1320.0,
   "de": 1575.0,
   "cost": 1.3437521979228062e-05,
   "stage": "refine_15m"
  }
 ],
 "search_evals": 491,
 "cost": 1.3437521979228062e-05,
 "rms_mrad": 5.184114578060184,
 "n_photos": 1,
 "z_m": 61.4,
 "photos": [
  {
   "file": "QMLO5628.JPG",
   "fov_deg": 73.74,
   "heading_deg": 205.34,
   "pitch_deg": 7.9,
   "roll_deg": -1.3,
   "weight": 1.0,
   "rms_mrad": 5.184114578060184,
   "heading_offset_deg": 3.8000000000000003,
   "el_offset_mrad": 10.122909661567109,
   "attitude_source": "prior"
  }
 ],
 "heading_offset_deg": 3.8000000000000003,
 "el_offset_mrad": 10.122909661567109,
 "fov_deg": 73.74
}
wrote out/theo2/QMLO5628.json/.png
