/root/.local/lib/python3.11/site-packages/torchvision/models/_utils.py:207: UserWarning: The parameter 'pretrained' is deprecated since 0.13 and may be removed in the future, please use 'weights' instead.
  warnings.warn(
/root/.local/lib/python3.11/site-packages/torchvision/models/_utils.py:222: UserWarning: Arguments other than a weight enum or `None` for 'weights' are deprecated since 0.13 and may be removed in the future. The current behavior is equivalent to passing `weights=None`.
  warnings.warn(msg)
photo 0: EWAC7374.JPG  fov 20.4, heading 347.65, pitch -0.20, roll +0.10, weight 1.00
z 4.1 m, box 6000 m at (38.80561,26.97368)
peak witness: 2 crests, median height residual -13 m (spread 28 m)
INCONCLUSIVE: ambiguous landscape: basin margin 0.12 < 0.15
{
 "status": "inconclusive",
 "reasons": [
  "ambiguous landscape: basin margin 0.12 < 0.15"
 ],
 "lat": 38.793738954801874,
 "lon": 26.97316067898071,
 "fix_ok": false,
 "basin_margin": 0.11718617626374045,
 "relief_mrad": 6.208145665157806,
 "dn_m": -1320.0,
 "de_m": -45.0,
 "sigma_n_m": 52.70916397168389,
 "sigma_e_m": 90.29496551215442,
 "sigma_major_m": 93.57891891778985,
 "sigma_minor_m": 46.63070552342873,
 "major_bearing_deg": 72.3697763254537,
 "anisotropy": 2.0068089870691077,
 "jackknife": null,
 "subject_km": null,
 "dem_split_m": null,
 "peak_dh_m": -13.174910695870572,
 "peak_dh_mad_m": 27.695055295911693,
 "n_peaks": 2,
 "search_trace": [
  {
   "dn": -3000.0,
   "de": -3000.0,
   "cost": 4.186259353954014e-05,
   "stage": "coarse"
  },
  {
   "dn": -3000.0,
   "de": -2700.0,
   "cost": 3.794335854159888e-05,
   "stage": "coarse"
  },
  {
   "dn": -3000.0,
   "de": -2400.0,
   "cost": 3.276710560151977e-05,
   "stage": "coarse"
  },
  {
   "dn": -2700.0,
   "de": -2400.0,
   "cost": 1.3877301596269107e-05,
   "stage": "coarse"
  },
  {
   "dn": -1800.0,
   "de": -900.0,
   "cost": 8.640923843661738e-06,
   "stage": "coarse"
  },
  {
   "dn": -1500.0,
   "de": -1200.0,
   "cost": 6.27359538826352e-06,
   "stage": "coarse"
  },
  {
   "dn": -1500.0,
   "de": -900.0,
   "cost": 5.629157328972966e-06,
   "stage": "coarse"
  },
  {
   "dn": -1500.0,
   "de": -600.0,
   "cost": 5.430414118672349e-06,
   "stage": "coarse"
  },
  {
   "dn": -1200.0,
   "de": 0.0,
   "cost": 5.413340878862566e-06,
   "stage": "coarse"
  },
  {
   "dn": -1320.0,
   "de": -60.0,
   "cost": 5.315652214128814e-06,
   "stage": "refine_60m"
  },
  {
   "dn": -1320.0,
   "de": -45.0,
   "cost": 5.224460163273602e-06,
   "stage": "refine_15m"
  }
 ],
 "search_evals": 491,
 "cost": 5.224460163273602e-06,
 "rms_mrad": 3.2324789754223002,
 "n_photos": 1,
 "z_m": 4.1,
 "photos": [
  {
   "file": "EWAC7374.JPG",
   "fov_deg": 20.408,
   "heading_deg": 347.65,
   "pitch_deg": -0.2,
   "roll_deg": 0.1,
   "weight": 1.0,
   "rms_mrad": 3.2324789754223002,
   "heading_offset_deg": -3.2,
   "el_offset_mrad": 10.122909661567109,
   "attitude_source": "prior"
  }
 ],
 "heading_offset_deg": -3.2,
 "el_offset_mrad": 10.122909661567109,
 "fov_deg": 20.408
}
wrote out/theo1/EWAC7374_app.json/.png
