/root/.local/lib/python3.11/site-packages/torchvision/models/_utils.py:207: UserWarning: The parameter 'pretrained' is deprecated since 0.13 and may be removed in the future, please use 'weights' instead.
  warnings.warn(
/root/.local/lib/python3.11/site-packages/torchvision/models/_utils.py:222: UserWarning: Arguments other than a weight enum or `None` for 'weights' are deprecated since 0.13 and may be removed in the future. The current behavior is equivalent to passing `weights=None`.
  warnings.warn(msg)
photo 0: EWAC7374.JPG  fov 20.4, heading 347.65, pitch +0.50, roll +0.10, weight 1.00
z 4.1 m, box 6000 m at (38.80561,26.97368)
peak witness: 2 crests, median height residual -13 m (spread 8 m)
{
 "status": "ok",
 "reasons": [],
 "lat": 38.814243487416825,
 "lon": 26.98077738726363,
 "fix_ok": true,
 "basin_margin": 0.24118863351171466,
 "relief_mrad": 6.208145665157806,
 "dn_m": 960.0,
 "de_m": 615.0,
 "sigma_n_m": 283.4067405319214,
 "sigma_e_m": 139.54872149061714,
 "sigma_major_m": 284.9219095499064,
 "sigma_minor_m": 136.42848568766198,
 "major_bearing_deg": 173.2628084948665,
 "anisotropy": 2.088434157381207,
 "jackknife": null,
 "subject_km": null,
 "dem_split_m": null,
 "peak_dh_m": -13.447058025311811,
 "peak_dh_mad_m": 8.312104224586104,
 "n_peaks": 2,
 "search_trace": [
  {
   "dn": -3000.0,
   "de": -3000.0,
   "cost": 6.761036717656906e-06,
   "stage": "coarse"
  },
  {
   "dn": -3000.0,
   "de": -2700.0,
   "cost": 5.515384434756642e-06,
   "stage": "coarse"
  },
  {
   "dn": -3000.0,
   "de": -2400.0,
   "cost": 5.136387121376231e-06,
   "stage": "coarse"
  },
  {
   "dn": -2700.0,
   "de": -2400.0,
   "cost": 3.601527018736491e-06,
   "stage": "coarse"
  },
  {
   "dn": -2100.0,
   "de": -2400.0,
   "cost": 3.48357528541253e-06,
   "stage": "coarse"
  },
  {
   "dn": -1800.0,
   "de": -600.0,
   "cost": 1.565865791399146e-06,
   "stage": "coarse"
  },
  {
   "dn": -1500.0,
   "de": -1200.0,
   "cost": 8.72974788326489e-07,
   "stage": "coarse"
  },
  {
   "dn": -1500.0,
   "de": -900.0,
   "cost": 8.037973078812325e-07,
   "stage": "coarse"
  },
  {
   "dn": -1500.0,
   "de": -600.0,
   "cost": 7.721895211201967e-07,
   "stage": "coarse"
  },
  {
   "dn": -1200.0,
   "de": -900.0,
   "cost": 7.619983836114771e-07,
   "stage": "coarse"
  },
  {
   "dn": -1200.0,
   "de": -600.0,
   "cost": 7.173419938598818e-07,
   "stage": "coarse"
  },
  {
   "dn": -1200.0,
   "de": -300.0,
   "cost": 7.118944196864584e-07,
   "stage": "coarse"
  },
  {
   "dn": -300.0,
   "de": -1800.0,
   "cost": 5.994721512371667e-07,
   "stage": "coarse"
  },
  {
   "dn": 0.0,
   "de": -1800.0,
   "cost": 5.195702209111571e-07,
   "stage": "coarse"
  },
  {
   "dn": 300.0,
   "de": -1200.0,
   "cost": 5.069583798679636e-07,
   "stage": "coarse"
  },
  {
   "dn": 300.0,
   "de": 300.0,
   "cost": 4.705812230626808e-07,
   "stage": "coarse"
  },
  {
   "dn": 600.0,
   "de": 0.0,
   "cost": 4.283585282764354e-07,
   "stage": "coarse"
  },
  {
   "dn": 600.0,
   "de": 300.0,
   "cost": 3.778828463659346e-07,
   "stage": "coarse"
  },
  {
   "dn": 600.0,
   "de": 600.0,
   "cost": 3.6541872718828324e-07,
   "stage": "coarse"
  },
  {
   "dn": 900.0,
   "de": 300.0,
   "cost": 3.5961051759246905e-07,
   "stage": "coarse"
  },
  {
   "dn": 900.0,
   "de": 600.0,
   "cost": 3.338247738371575e-07,
   "stage": "coarse"
  },
  {
   "dn": 960.0,
   "de": 600.0,
   "cost": 3.284123157733246e-07,
   "stage": "refine_60m"
  },
  {
   "dn": 960.0,
   "de": 615.0,
   "cost": 3.2652326726410824e-07,
   "stage": "refine_15m"
  }
 ],
 "search_evals": 491,
 "cost": 3.2652326726410824e-07,
 "rms_mrad": 0.8081129466406392,
 "n_photos": 1,
 "z_m": 4.1,
 "photos": [
  {
   "file": "EWAC7374.JPG",
   "fov_deg": 20.408,
   "heading_deg": 347.65,
   "pitch_deg": 0.5,
   "roll_deg": 0.1,
   "weight": 1.0,
   "rms_mrad": 0.8081129466406392,
   "heading_offset_deg": -8.200000000000001,
   "el_offset_mrad": 4.049163864626842,
   "attitude_source": "prior"
  }
 ],
 "heading_offset_deg": -8.200000000000001,
 "el_offset_mrad": 4.049163864626842,
 "fov_deg": 20.408
}
wrote out/theo1/EWAC7374_cor.json/.png
