/root/.local/lib/python3.11/site-packages/torchvision/models/_utils.py:207: UserWarning: The parameter 'pretrained' is deprecated since 0.13 and may be removed in the future, please use 'weights' instead.
  warnings.warn(
/root/.local/lib/python3.11/site-packages/torchvision/models/_utils.py:222: UserWarning: Arguments other than a weight enum or `None` for 'weights' are deprecated since 0.13 and may be removed in the future. The current behavior is equivalent to passing `weights=None`.
  warnings.warn(msg)
extractor pre-check: eWaSR disagrees with the seam on 41% of columns — falling back to the seam
photo 0: HATY3309.JPG  fov 73.7, heading 40.53, pitch +2.00, roll -0.00, weight 1.00
z 14.2 m, box 6000 m at (37.47686,27.41421)
peak witness: 3 crests, median height residual -1 m (spread 7 m)
{
 "status": "ok",
 "reasons": [],
 "lat": 37.48117674370841,
 "lon": 27.41726969125615,
 "fix_ok": true,
 "basin_margin": 0.9758430828141597,
 "relief_mrad": 19.5716756868762,
 "dn_m": 480.0,
 "de_m": 270.0,
 "sigma_n_m": 212.61236781002296,
 "sigma_e_m": 222.20123992336468,
 "sigma_major_m": 224.25938600894548,
 "sigma_minor_m": 210.44034251102127,
 "major_bearing_deg": 113.02342100186601,
 "anisotropy": 1.065667273361335,
 "jackknife": null,
 "subject_km": null,
 "dem_split_m": null,
 "peak_dh_m": -1.3492862057212538,
 "peak_dh_mad_m": 7.305573001524305,
 "n_peaks": 3,
 "search_trace": [
  {
   "dn": -3000.0,
   "de": -3000.0,
   "cost": 0.00033616877490955056,
   "stage": "coarse"
  },
  {
   "dn": -3000.0,
   "de": -2700.0,
   "cost": 0.0003094846449110836,
   "stage": "coarse"
  },
  {
   "dn": -3000.0,
   "de": -2400.0,
   "cost": 0.00028842831319908697,
   "stage": "coarse"
  },
  {
   "dn": -3000.0,
   "de": -2100.0,
   "cost": 0.0002777212107457129,
   "stage": "coarse"
  },
  {
   "dn": -2700.0,
   "de": -3000.0,
   "cost": 0.0002078590486267974,
   "stage": "coarse"
  },
  {
   "dn": -2400.0,
   "de": -3000.0,
   "cost": 0.00019975814492084976,
   "stage": "coarse"
  },
  {
   "dn": -2100.0,
   "de": -3000.0,
   "cost": 0.00019563537207733698,
   "stage": "coarse"
  },
  {
   "dn": -1800.0,
   "de": 2100.0,
   "cost": 0.00015400244682321212,
   "stage": "coarse"
  },
  {
   "dn": -1800.0,
   "de": 2400.0,
   "cost": 8.416717799231647e-05,
   "stage": "coarse"
  },
  {
   "dn": -1800.0,
   "de": 2700.0,
   "cost": 6.827213728882233e-05,
   "stage": "coarse"
  },
  {
   "dn": -1500.0,
   "de": 2400.0,
   "cost": 4.9531789929155965e-05,
   "stage": "coarse"
  },
  {
   "dn": -1500.0,
   "de": 2700.0,
   "cost": 3.779139248607062e-05,
   "stage": "coarse"
  },
  {
   "dn": -1200.0,
   "de": 0.0,
   "cost": 3.5342710537436195e-05,
   "stage": "coarse"
  },
  {
   "dn": -1200.0,
   "de": 2400.0,
   "cost": 1.8721272325707133e-05,
   "stage": "coarse"
  },
  {
   "dn": -900.0,
   "de": 0.0,
   "cost": 1.825010586458176e-05,
   "stage": "coarse"
  },
  {
   "dn": -600.0,
   "de": -300.0,
   "cost": 1.8050697550544553e-05,
   "stage": "coarse"
  },
  {
   "dn": -600.0,
   "de": 0.0,
   "cost": 1.1638465127386664e-05,
   "stage": "coarse"
  },
  {
   "dn": -600.0,
   "de": 300.0,
   "cost": 8.280283968305122e-06,
   "stage": "coarse"
  },
  {
   "dn": -300.0,
   "de": 300.0,
   "cost": 6.3117158246342725e-06,
   "stage": "coarse"
  },
  {
   "dn": 0.0,
   "de": 300.0,
   "cost": 5.154712631955642e-06,
   "stage": "coarse"
  },
  {
   "dn": 300.0,
   "de": 300.0,
   "cost": 4.32185295397934e-06,
   "stage": "coarse"
  },
  {
   "dn": 600.0,
   "de": 300.0,
   "cost": 4.190759904127434e-06,
   "stage": "coarse"
  },
  {
   "dn": 480.0,
   "de": 300.0,
   "cost": 3.9703347067086034e-06,
   "stage": "refine_60m"
  },
  {
   "dn": 480.0,
   "de": 270.0,
   "cost": 3.944463561312691e-06,
   "stage": "refine_15m"
  }
 ],
 "search_evals": 491,
 "cost": 3.944463561312691e-06,
 "rms_mrad": 2.8087233973151187,
 "n_photos": 1,
 "z_m": 14.2,
 "photos": [
  {
   "file": "HATY3309.JPG",
   "fov_deg": 73.74,
   "heading_deg": 40.53,
   "pitch_deg": 2.0,
   "roll_deg": -0.0,
   "weight": 1.0,
   "rms_mrad": 2.8087233973151187,
   "heading_offset_deg": 6.2,
   "el_offset_mrad": -1.734723475976807e-15,
   "attitude_source": "prior"
  }
 ],
 "heading_offset_deg": 6.2,
 "el_offset_mrad": -1.734723475976807e-15,
 "fov_deg": 73.74
}
wrote out/theo1/HATY3309_cor.json/.png
