/root/.local/lib/python3.11/site-packages/torchvision/models/_utils.py:207: UserWarning: The parameter 'pretrained' is deprecated since 0.13 and may be removed in the future, please use 'weights' instead.
  warnings.warn(
/root/.local/lib/python3.11/site-packages/torchvision/models/_utils.py:222: UserWarning: Arguments other than a weight enum or `None` for 'weights' are deprecated since 0.13 and may be removed in the future. The current behavior is equivalent to passing `weights=None`.
  warnings.warn(msg)
extractor pre-check: eWaSR disagrees with the seam on 41% of columns — falling back to the seam
photo 0: HATY3309.JPG  fov 73.7, heading 40.53, pitch +2.05, roll -0.01, weight 1.00
z 14.2 m, box 6000 m at (37.47686,27.41421)
peak witness: 4 crests, median height residual -9 m (spread 12 m)
{
 "status": "ok",
 "reasons": [],
 "lat": 37.48036735426309,
 "lon": 27.417609656951274,
 "fix_ok": true,
 "basin_margin": 1.2799985815106671,
 "relief_mrad": 19.512136222714847,
 "dn_m": 390.0,
 "de_m": 300.0,
 "sigma_n_m": 231.15675028159876,
 "sigma_e_m": 190.8512493188925,
 "sigma_major_m": 231.31228198059003,
 "sigma_minor_m": 190.6627146881725,
 "major_bearing_deg": 176.28716125661384,
 "anisotropy": 1.213201450314497,
 "jackknife": null,
 "subject_km": null,
 "dem_split_m": null,
 "peak_dh_m": -8.502986261294685,
 "peak_dh_mad_m": 12.026217761819176,
 "n_peaks": 4,
 "search_trace": [
  {
   "dn": -3000.0,
   "de": -3000.0,
   "cost": 0.00033339986987226115,
   "stage": "coarse"
  },
  {
   "dn": -3000.0,
   "de": -2700.0,
   "cost": 0.0003067134061643216,
   "stage": "coarse"
  },
  {
   "dn": -3000.0,
   "de": -2400.0,
   "cost": 0.00028565841733687144,
   "stage": "coarse"
  },
  {
   "dn": -3000.0,
   "de": -2100.0,
   "cost": 0.0002749431663968943,
   "stage": "coarse"
  },
  {
   "dn": -2700.0,
   "de": -3000.0,
   "cost": 0.00020508440721473778,
   "stage": "coarse"
  },
  {
   "dn": -2400.0,
   "de": -3000.0,
   "cost": 0.00019661638548042857,
   "stage": "coarse"
  },
  {
   "dn": -2100.0,
   "de": -3000.0,
   "cost": 0.00019285989835743844,
   "stage": "coarse"
  },
  {
   "dn": -1800.0,
   "de": 2100.0,
   "cost": 0.0001512373674511008,
   "stage": "coarse"
  },
  {
   "dn": -1800.0,
   "de": 2400.0,
   "cost": 8.152656002484322e-05,
   "stage": "coarse"
  },
  {
   "dn": -1800.0,
   "de": 2700.0,
   "cost": 6.62488642465796e-05,
   "stage": "coarse"
  },
  {
   "dn": -1500.0,
   "de": 2400.0,
   "cost": 4.848512413847307e-05,
   "stage": "coarse"
  },
  {
   "dn": -1500.0,
   "de": 2700.0,
   "cost": 3.7874424247956505e-05,
   "stage": "coarse"
  },
  {
   "dn": -1200.0,
   "de": 0.0,
   "cost": 3.5343131471076434e-05,
   "stage": "coarse"
  },
  {
   "dn": -1200.0,
   "de": 2400.0,
   "cost": 1.8623599632232442e-05,
   "stage": "coarse"
  },
  {
   "dn": -900.0,
   "de": 0.0,
   "cost": 1.851211230623832e-05,
   "stage": "coarse"
  },
  {
   "dn": -600.0,
   "de": -300.0,
   "cost": 1.8154413986544687e-05,
   "stage": "coarse"
  },
  {
   "dn": -600.0,
   "de": 0.0,
   "cost": 1.1856158426275379e-05,
   "stage": "coarse"
  },
  {
   "dn": -600.0,
   "de": 300.0,
   "cost": 8.549087367517642e-06,
   "stage": "coarse"
  },
  {
   "dn": -300.0,
   "de": 300.0,
   "cost": 6.730578909185535e-06,
   "stage": "coarse"
  },
  {
   "dn": 0.0,
   "de": 300.0,
   "cost": 5.3040589594743466e-06,
   "stage": "coarse"
  },
  {
   "dn": 300.0,
   "de": 300.0,
   "cost": 4.170101997619503e-06,
   "stage": "coarse"
  },
  {
   "dn": 360.0,
   "de": 300.0,
   "cost": 4.143196679792321e-06,
   "stage": "refine_60m"
  },
  {
   "dn": 390.0,
   "de": 300.0,
   "cost": 4.099014658297515e-06,
   "stage": "refine_15m"
  }
 ],
 "search_evals": 491,
 "cost": 4.099014658297515e-06,
 "rms_mrad": 2.86322009573051,
 "n_photos": 1,
 "z_m": 14.2,
 "photos": [
  {
   "file": "HATY3309.JPG",
   "fov_deg": 73.74,
   "heading_deg": 40.53,
   "pitch_deg": 2.052,
   "roll_deg": -0.015,
   "weight": 1.0,
   "rms_mrad": 2.86322009573051,
   "heading_offset_deg": 5.6000000000000005,
   "el_offset_mrad": -2.0245819323134238,
   "attitude_source": "prior"
  }
 ],
 "heading_offset_deg": 5.6000000000000005,
 "el_offset_mrad": -2.0245819323134238,
 "fov_deg": 73.74
}
wrote out/theo1/HATY3309_hor.json/.png
