/root/.local/lib/python3.11/site-packages/torchvision/models/_utils.py:207: UserWarning: The parameter 'pretrained' is deprecated since 0.13 and may be removed in the future, please use 'weights' instead.
  warnings.warn(
/root/.local/lib/python3.11/site-packages/torchvision/models/_utils.py:222: UserWarning: Arguments other than a weight enum or `None` for 'weights' are deprecated since 0.13 and may be removed in the future. The current behavior is equivalent to passing `weights=None`.
  warnings.warn(msg)
photo 0: LHCG7767.JPG  fov 41.1, heading 228.75, pitch +0.60, roll -0.40, weight 1.00
z 2.5 m, box 6000 m at (40.90622,29.13945)
peak witness: 3 crests, median height residual +4 m (spread 2 m)
{
 "status": "ok",
 "reasons": [],
 "lat": 40.901633459809815,
 "lon": 29.14087790563333,
 "fix_ok": true,
 "basin_margin": 2.790956579395848,
 "relief_mrad": 9.784409315061886,
 "dn_m": -510.0,
 "de_m": 120.0,
 "sigma_n_m": 132.0357708489224,
 "sigma_e_m": 130.82668575872822,
 "sigma_major_m": 136.9497557156901,
 "sigma_minor_m": 125.6735091405304,
 "major_bearing_deg": 138.0804739854878,
 "anisotropy": 1.0897265195527435,
 "jackknife": null,
 "subject_km": null,
 "dem_split_m": null,
 "peak_dh_m": 4.386599962261415,
 "peak_dh_mad_m": 1.676446218026308,
 "n_peaks": 3,
 "search_trace": [
  {
   "dn": -3000.0,
   "de": -3000.0,
   "cost": 0.00028574588622929157,
   "stage": "coarse"
  },
  {
   "dn": -3000.0,
   "de": -2700.0,
   "cost": 0.0001930274981057393,
   "stage": "coarse"
  },
  {
   "dn": -3000.0,
   "de": -2400.0,
   "cost": 5.484099827331281e-05,
   "stage": "coarse"
  },
  {
   "dn": -3000.0,
   "de": -2100.0,
   "cost": 4.252962044963003e-05,
   "stage": "coarse"
  },
  {
   "dn": -3000.0,
   "de": -1800.0,
   "cost": 3.5203853072804394e-05,
   "stage": "coarse"
  },
  {
   "dn": -3000.0,
   "de": -1500.0,
   "cost": 3.0491959632610043e-05,
   "stage": "coarse"
  },
  {
   "dn": -3000.0,
   "de": 1500.0,
   "cost": 3.0163326249277525e-05,
   "stage": "coarse"
  },
  {
   "dn": -3000.0,
   "de": 1800.0,
   "cost": 2.3431515959805168e-05,
   "stage": "coarse"
  },
  {
   "dn": -3000.0,
   "de": 2100.0,
   "cost": 1.9714306516776917e-05,
   "stage": "coarse"
  },
  {
   "dn": -3000.0,
   "de": 2400.0,
   "cost": 1.4555784450647434e-05,
   "stage": "coarse"
  },
  {
   "dn": -3000.0,
   "de": 2700.0,
   "cost": 1.0502219347097259e-05,
   "stage": "coarse"
  },
  {
   "dn": -3000.0,
   "de": 3000.0,
   "cost": 8.551779560528967e-06,
   "stage": "coarse"
  },
  {
   "dn": -2700.0,
   "de": 3000.0,
   "cost": 8.416492135813723e-06,
   "stage": "coarse"
  },
  {
   "dn": -1500.0,
   "de": -300.0,
   "cost": 7.837396411126182e-06,
   "stage": "coarse"
  },
  {
   "dn": -1200.0,
   "de": -300.0,
   "cost": 5.491679242566984e-06,
   "stage": "coarse"
  },
  {
   "dn": -1200.0,
   "de": 0.0,
   "cost": 4.233753480999347e-06,
   "stage": "coarse"
  },
  {
   "dn": -900.0,
   "de": 0.0,
   "cost": 2.21279400946439e-06,
   "stage": "coarse"
  },
  {
   "dn": -600.0,
   "de": 0.0,
   "cost": 1.4260074760473879e-06,
   "stage": "coarse"
  },
  {
   "dn": -480.0,
   "de": 120.0,
   "cost": 9.98551427440322e-07,
   "stage": "refine_60m"
  },
  {
   "dn": -510.0,
   "de": 120.0,
   "cost": 9.645911540328045e-07,
   "stage": "refine_15m"
  }
 ],
 "search_evals": 491,
 "cost": 9.645911540328045e-07,
 "rms_mrad": 1.3889500740003613,
 "n_photos": 1,
 "z_m": 2.5,
 "photos": [
  {
   "file": "LHCG7767.JPG",
   "fov_deg": 41.112,
   "heading_deg": 228.75,
   "pitch_deg": 0.6,
   "roll_deg": -0.4,
   "weight": 1.0,
   "rms_mrad": 1.3889500740003613,
   "heading_offset_deg": 5.6000000000000005,
   "el_offset_mrad": -1.734723475976807e-15,
   "attitude_source": "prior"
  }
 ],
 "heading_offset_deg": 5.6000000000000005,
 "el_offset_mrad": -1.734723475976807e-15,
 "fov_deg": 41.112
}
wrote out/theo1/LHCG7767_cor.json/.png
