/root/.local/lib/python3.11/site-packages/torchvision/models/_utils.py:207: UserWarning: The parameter 'pretrained' is deprecated since 0.13 and may be removed in the future, please use 'weights' instead.
  warnings.warn(
/root/.local/lib/python3.11/site-packages/torchvision/models/_utils.py:222: UserWarning: Arguments other than a weight enum or `None` for 'weights' are deprecated since 0.13 and may be removed in the future. The current behavior is equivalent to passing `weights=None`.
  warnings.warn(msg)
photo 0: LHCG7767.JPG  fov 41.1, heading 228.75, pitch +0.56, roll +0.13, weight 1.00
z 2.5 m, box 6000 m at (40.90622,29.13945)
peak witness: 3 crests, median height residual -0 m (spread 1 m)
{
 "status": "ok",
 "reasons": [],
 "lat": 40.90028447740093,
 "lon": 29.139628488204167,
 "fix_ok": true,
 "basin_margin": 5.618448366718911,
 "relief_mrad": 10.740175511421628,
 "dn_m": -660.0,
 "de_m": 15.0,
 "sigma_n_m": 146.61295595049742,
 "sigma_e_m": 145.86331623825203,
 "sigma_major_m": 151.15402982017812,
 "sigma_minor_m": 141.15213475425557,
 "major_bearing_deg": 42.84957889504352,
 "anisotropy": 1.070858971303096,
 "jackknife": null,
 "subject_km": null,
 "dem_split_m": null,
 "peak_dh_m": -0.12858717717746349,
 "peak_dh_mad_m": 0.5304497050358464,
 "n_peaks": 3,
 "search_trace": [
  {
   "dn": -3000.0,
   "de": -3000.0,
   "cost": 0.0002855427854861647,
   "stage": "coarse"
  },
  {
   "dn": -3000.0,
   "de": -2700.0,
   "cost": 0.00019527949588820233,
   "stage": "coarse"
  },
  {
   "dn": -3000.0,
   "de": -2400.0,
   "cost": 5.5672804286888464e-05,
   "stage": "coarse"
  },
  {
   "dn": -3000.0,
   "de": -2100.0,
   "cost": 4.420047884591612e-05,
   "stage": "coarse"
  },
  {
   "dn": -3000.0,
   "de": -1800.0,
   "cost": 3.684348458566871e-05,
   "stage": "coarse"
  },
  {
   "dn": -3000.0,
   "de": -1500.0,
   "cost": 3.2378629192706705e-05,
   "stage": "coarse"
  },
  {
   "dn": -3000.0,
   "de": 1500.0,
   "cost": 3.138962317362787e-05,
   "stage": "coarse"
  },
  {
   "dn": -3000.0,
   "de": 1800.0,
   "cost": 2.3364030338182435e-05,
   "stage": "coarse"
  },
  {
   "dn": -3000.0,
   "de": 2100.0,
   "cost": 1.8018115063095353e-05,
   "stage": "coarse"
  },
  {
   "dn": -3000.0,
   "de": 2400.0,
   "cost": 1.3730521708856076e-05,
   "stage": "coarse"
  },
  {
   "dn": -3000.0,
   "de": 2700.0,
   "cost": 1.0372090200392215e-05,
   "stage": "coarse"
  },
  {
   "dn": -3000.0,
   "de": 3000.0,
   "cost": 8.745674676537204e-06,
   "stage": "coarse"
  },
  {
   "dn": -2700.0,
   "de": 2700.0,
   "cost": 8.416723145998492e-06,
   "stage": "coarse"
  },
  {
   "dn": -2700.0,
   "de": 3000.0,
   "cost": 8.172004199066634e-06,
   "stage": "coarse"
  },
  {
   "dn": -1500.0,
   "de": -300.0,
   "cost": 5.958075050929429e-06,
   "stage": "coarse"
  },
  {
   "dn": -1200.0,
   "de": -300.0,
   "cost": 4.56913596713257e-06,
   "stage": "coarse"
  },
  {
   "dn": -1200.0,
   "de": 0.0,
   "cost": 4.137139259536217e-06,
   "stage": "coarse"
  },
  {
   "dn": -900.0,
   "de": -300.0,
   "cost": 3.3447950826675635e-06,
   "stage": "coarse"
  },
  {
   "dn": -900.0,
   "de": 0.0,
   "cost": 1.9702840260921524e-06,
   "stage": "coarse"
  },
  {
   "dn": -600.0,
   "de": 0.0,
   "cost": 1.0552412875839234e-06,
   "stage": "coarse"
  },
  {
   "dn": -660.0,
   "de": 0.0,
   "cost": 1.0401314202506854e-06,
   "stage": "refine_60m"
  },
  {
   "dn": -660.0,
   "de": 15.0,
   "cost": 9.96513245135477e-07,
   "stage": "refine_15m"
  }
 ],
 "search_evals": 491,
 "cost": 9.96513245135477e-07,
 "rms_mrad": 1.4117459014535703,
 "n_photos": 1,
 "z_m": 2.5,
 "photos": [
  {
   "file": "LHCG7767.JPG",
   "fov_deg": 41.112,
   "heading_deg": 228.75,
   "pitch_deg": 0.557,
   "roll_deg": 0.13,
   "weight": 1.0,
   "rms_mrad": 1.4117459014535703,
   "heading_offset_deg": 6.2,
   "el_offset_mrad": 2.02458193231342,
   "attitude_source": "prior"
  }
 ],
 "heading_offset_deg": 6.2,
 "el_offset_mrad": 2.02458193231342,
 "fov_deg": 41.112
}
wrote out/theo1/LHCG7767_hor.json/.png
