/root/.local/lib/python3.11/site-packages/torchvision/models/_utils.py:207: UserWarning: The parameter 'pretrained' is deprecated since 0.13 and may be removed in the future, please use 'weights' instead.
  warnings.warn(
/root/.local/lib/python3.11/site-packages/torchvision/models/_utils.py:222: UserWarning: Arguments other than a weight enum or `None` for 'weights' are deprecated since 0.13 and may be removed in the future. The current behavior is equivalent to passing `weights=None`.
  warnings.warn(msg)
extractor pre-check: eWaSR disagrees with the seam on 26% of columns — falling back to the seam
photo 0: PQBC6867.JPG  fov 20.4, heading 22.49, pitch +0.00, roll -1.30, weight 1.00
z 1.3 m, box 6000 m at (38.80615,26.97266)
peak witness: 1 crests, median height residual -230 m (spread 0 m)
{
 "status": "ok",
 "reasons": [],
 "lat": 38.80048427388272,
 "lon": 26.96902472531221,
 "fix_ok": true,
 "basin_margin": 1.329994890554981,
 "relief_mrad": 3.7341976662518457,
 "dn_m": -630.0,
 "de_m": -315.0,
 "sigma_n_m": 144.73155230385663,
 "sigma_e_m": 98.2342199458376,
 "sigma_major_m": 150.11895465162092,
 "sigma_minor_m": 89.78576532477607,
 "major_bearing_deg": 19.34638693858139,
 "anisotropy": 1.671968313781206,
 "jackknife": null,
 "subject_km": null,
 "dem_split_m": null,
 "peak_dh_m": -229.76511190004186,
 "peak_dh_mad_m": 0.0,
 "n_peaks": 1,
 "search_trace": [
  {
   "dn": -3000.0,
   "de": -3000.0,
   "cost": 3.924934845278876e-06,
   "stage": "coarse"
  },
  {
   "dn": -3000.0,
   "de": 3000.0,
   "cost": 3.020180406813102e-06,
   "stage": "coarse"
  },
  {
   "dn": -2700.0,
   "de": -2700.0,
   "cost": 2.925733645768463e-06,
   "stage": "coarse"
  },
  {
   "dn": -2400.0,
   "de": -2400.0,
   "cost": 2.664367207964386e-06,
   "stage": "coarse"
  },
  {
   "dn": -2100.0,
   "de": -1500.0,
   "cost": 2.6218278092375652e-06,
   "stage": "coarse"
  },
  {
   "dn": -1800.0,
   "de": -2100.0,
   "cost": 2.1847568963989192e-06,
   "stage": "coarse"
  },
  {
   "dn": -1500.0,
   "de": -2400.0,
   "cost": 1.8531748324665e-06,
   "stage": "coarse"
  },
  {
   "dn": -1200.0,
   "de": -300.0,
   "cost": 1.7972122093373472e-06,
   "stage": "coarse"
  },
  {
   "dn": -600.0,
   "de": -300.0,
   "cost": 7.935062908346197e-07,
   "stage": "coarse"
  },
  {
   "dn": -600.0,
   "de": -300.0,
   "cost": 7.935062908346197e-07,
   "stage": "refine_60m"
  },
  {
   "dn": -630.0,
   "de": -315.0,
   "cost": 7.71621553545056e-07,
   "stage": "refine_15m"
  }
 ],
 "search_evals": 491,
 "cost": 7.71621553545056e-07,
 "rms_mrad": 1.2422733624650057,
 "n_photos": 1,
 "z_m": 1.3,
 "photos": [
  {
   "file": "PQBC6867.JPG",
   "fov_deg": 20.408,
   "heading_deg": 22.49,
   "pitch_deg": 0.0,
   "roll_deg": -1.3,
   "weight": 1.0,
   "rms_mrad": 1.2422733624650057,
   "heading_offset_deg": -2.6,
   "el_offset_mrad": -10.12290966156711,
   "attitude_source": "prior"
  }
 ],
 "heading_offset_deg": -2.6,
 "el_offset_mrad": -10.12290966156711,
 "fov_deg": 20.408
}
wrote out/theo1/PQBC6867_cor.json/.png
