/root/.local/lib/python3.11/site-packages/torchvision/models/_utils.py:207: UserWarning: The parameter 'pretrained' is deprecated since 0.13 and may be removed in the future, please use 'weights' instead.
  warnings.warn(
/root/.local/lib/python3.11/site-packages/torchvision/models/_utils.py:222: UserWarning: Arguments other than a weight enum or `None` for 'weights' are deprecated since 0.13 and may be removed in the future. The current behavior is equivalent to passing `weights=None`.
  warnings.warn(msg)
photo 0: QNJZ1625.JPG  fov 41.1, heading 195.91, pitch -0.20, roll -0.80, weight 1.00
z 2.5 m, box 6000 m at (40.90622,29.13945)
peak witness: 1 crests, median height residual -1 m (spread 0 m)
{
 "status": "ok",
 "reasons": [],
 "lat": 40.89853080026939,
 "lon": 29.140342441020834,
 "fix_ok": true,
 "basin_margin": 1.2578723444578275,
 "relief_mrad": 14.56243018387104,
 "dn_m": -855.0,
 "de_m": 75.0,
 "sigma_n_m": 272.9757755032546,
 "sigma_e_m": 258.0367365574877,
 "sigma_major_m": 290.6488218512018,
 "sigma_minor_m": 237.95376395709724,
 "major_bearing_deg": 36.726783088630754,
 "anisotropy": 1.2214508273279736,
 "jackknife": null,
 "subject_km": null,
 "dem_split_m": null,
 "peak_dh_m": -1.3402792862134618,
 "peak_dh_mad_m": 0.0,
 "n_peaks": 1,
 "search_trace": [
  {
   "dn": -3000.0,
   "de": -3000.0,
   "cost": 3.355406141787035e-05,
   "stage": "coarse"
  },
  {
   "dn": -3000.0,
   "de": -2700.0,
   "cost": 1.8890699371460982e-05,
   "stage": "coarse"
  },
  {
   "dn": -3000.0,
   "de": -2400.0,
   "cost": 1.8826615316556204e-05,
   "stage": "coarse"
  },
  {
   "dn": -1800.0,
   "de": 0.0,
   "cost": 1.561380511434056e-05,
   "stage": "coarse"
  },
  {
   "dn": -1500.0,
   "de": -600.0,
   "cost": 1.33940961690601e-05,
   "stage": "coarse"
  },
  {
   "dn": -1500.0,
   "de": -300.0,
   "cost": 9.622820129606925e-06,
   "stage": "coarse"
  },
  {
   "dn": -1500.0,
   "de": 0.0,
   "cost": 7.261836560118948e-06,
   "stage": "coarse"
  },
  {
   "dn": -1200.0,
   "de": -600.0,
   "cost": 6.39042648642419e-06,
   "stage": "coarse"
  },
  {
   "dn": -1200.0,
   "de": -300.0,
   "cost": 5.376545450651312e-06,
   "stage": "coarse"
  },
  {
   "dn": -900.0,
   "de": 0.0,
   "cost": 5.163422817869247e-06,
   "stage": "coarse"
  },
  {
   "dn": -840.0,
   "de": 60.0,
   "cost": 5.021942432546876e-06,
   "stage": "refine_60m"
  },
  {
   "dn": -855.0,
   "de": 75.0,
   "cost": 4.95144163211826e-06,
   "stage": "refine_15m"
  }
 ],
 "search_evals": 491,
 "cost": 4.95144163211826e-06,
 "rms_mrad": 3.1468846919193783,
 "n_photos": 1,
 "z_m": 2.5,
 "photos": [
  {
   "file": "QNJZ1625.JPG",
   "fov_deg": 41.112,
   "heading_deg": 195.91,
   "pitch_deg": -0.2,
   "roll_deg": -0.8,
   "weight": 1.0,
   "rms_mrad": 3.1468846919193783,
   "heading_offset_deg": 4.6000000000000005,
   "el_offset_mrad": 6.073745796940264,
   "attitude_source": "prior"
  }
 ],
 "heading_offset_deg": 4.6000000000000005,
 "el_offset_mrad": 6.073745796940264,
 "fov_deg": 41.112
}
wrote out/theo1/QNJZ1625_cor.json/.png
