/root/.local/lib/python3.11/site-packages/torchvision/models/_utils.py:207: UserWarning: The parameter 'pretrained' is deprecated since 0.13 and may be removed in the future, please use 'weights' instead.
  warnings.warn(
/root/.local/lib/python3.11/site-packages/torchvision/models/_utils.py:222: UserWarning: Arguments other than a weight enum or `None` for 'weights' are deprecated since 0.13 and may be removed in the future. The current behavior is equivalent to passing `weights=None`.
  warnings.warn(msg)
photo 0: QNJZ1625.JPG  fov 41.1, heading 195.91, pitch -0.90, roll -0.80, weight 1.00
z 2.5 m, box 6000 m at (40.90622,29.13945)
peak witness: 2 crests, median height residual -265 m (spread 266 m)
INCONCLUSIVE: peak heights disagree: matched crests stand a median -265 m (spread 266 m) from the model at this fix (limits 30/90 m) — position error or DEM bias is leaking into the height channel
{
 "status": "inconclusive",
 "reasons": [
  "peak heights disagree: matched crests stand a median -265 m (spread 266 m) from the model at this fix (limits 30/90 m) \u2014 position error or DEM bias is leaking into the height channel"
 ],
 "lat": 40.905545508795555,
 "lon": 29.1442691815125,
 "fix_ok": false,
 "basin_margin": 0.46385428535021456,
 "relief_mrad": 14.56243018387104,
 "dn_m": -75.0,
 "de_m": 405.0,
 "sigma_n_m": 621.3869222210699,
 "sigma_e_m": 536.0583572166825,
 "sigma_major_m": 666.2816628855367,
 "sigma_minor_m": 479.1127374133423,
 "major_bearing_deg": 31.284271234058792,
 "anisotropy": 1.3906573773903221,
 "jackknife": null,
 "subject_km": null,
 "dem_split_m": null,
 "peak_dh_m": -264.9749850015191,
 "peak_dh_mad_m": 265.92435693632007,
 "n_peaks": 2,
 "search_trace": [
  {
   "dn": -3000.0,
   "de": -3000.0,
   "cost": 3.4715267965784635e-05,
   "stage": "coarse"
  },
  {
   "dn": -3000.0,
   "de": -2700.0,
   "cost": 2.1308126607136345e-05,
   "stage": "coarse"
  },
  {
   "dn": -3000.0,
   "de": -2400.0,
   "cost": 2.115143788809736e-05,
   "stage": "coarse"
  },
  {
   "dn": -900.0,
   "de": 0.0,
   "cost": 2.087439942745526e-05,
   "stage": "coarse"
  },
  {
   "dn": -900.0,
   "de": 300.0,
   "cost": 2.0692853014764954e-05,
   "stage": "coarse"
  },
  {
   "dn": -900.0,
   "de": 600.0,
   "cost": 1.919526083606659e-05,
   "stage": "coarse"
  },
  {
   "dn": -600.0,
   "de": -300.0,
   "cost": 1.9024295975694165e-05,
   "stage": "coarse"
  },
  {
   "dn": -600.0,
   "de": 0.0,
   "cost": 1.600186521094564e-05,
   "stage": "coarse"
  },
  {
   "dn": -600.0,
   "de": 300.0,
   "cost": 1.5685227533081785e-05,
   "stage": "coarse"
  },
  {
   "dn": -600.0,
   "de": 600.0,
   "cost": 1.5288383675787935e-05,
   "stage": "coarse"
  },
  {
   "dn": -300.0,
   "de": 0.0,
   "cost": 1.3538295494276183e-05,
   "stage": "coarse"
  },
  {
   "dn": -300.0,
   "de": 300.0,
   "cost": 1.2202987918796783e-05,
   "stage": "coarse"
  },
  {
   "dn": 0.0,
   "de": 300.0,
   "cost": 1.1897681328882159e-05,
   "stage": "coarse"
  },
  {
   "dn": -60.0,
   "de": 420.0,
   "cost": 1.1512762322754173e-05,
   "stage": "refine_60m"
  },
  {
   "dn": -75.0,
   "de": 405.0,
   "cost": 1.1489819426542199e-05,
   "stage": "refine_15m"
  }
 ],
 "search_evals": 491,
 "cost": 1.1489819426542199e-05,
 "rms_mrad": 4.793708256984815,
 "n_photos": 1,
 "z_m": 2.5,
 "photos": [
  {
   "file": "QNJZ1625.JPG",
   "fov_deg": 41.112,
   "heading_deg": 195.91,
   "pitch_deg": -0.9,
   "roll_deg": -0.8,
   "weight": 1.0,
   "rms_mrad": 4.793708256984815,
   "heading_offset_deg": 4.6000000000000005,
   "el_offset_mrad": 10.122909661567109,
   "attitude_source": "prior"
  }
 ],
 "heading_offset_deg": 4.6000000000000005,
 "el_offset_mrad": 10.122909661567109,
 "fov_deg": 41.112
}
wrote out/theo1/QNJZ1625_app.json/.png
