/root/.local/lib/python3.11/site-packages/torchvision/models/_utils.py:207: UserWarning: The parameter 'pretrained' is deprecated since 0.13 and may be removed in the future, please use 'weights' instead.
  warnings.warn(
/root/.local/lib/python3.11/site-packages/torchvision/models/_utils.py:222: UserWarning: Arguments other than a weight enum or `None` for 'weights' are deprecated since 0.13 and may be removed in the future. The current behavior is equivalent to passing `weights=None`.
  warnings.warn(msg)
extractor pre-check: eWaSR disagrees with the seam on 26% of columns — falling back to the seam
photo 0: XKYU3498.JPG  fov 73.7, heading 355.31, pitch +0.60, roll -0.80, weight 1.00
z 14.2 m, box 6000 m at (37.47686,27.41421)
peak witness: 4 crests, median height residual -2 m (spread 3 m)
{
 "status": "ok",
 "reasons": [],
 "lat": 37.47982776129953,
 "lon": 27.41930948542691,
 "fix_ok": true,
 "basin_margin": 0.5097237913117229,
 "relief_mrad": 11.271188068445397,
 "dn_m": 330.0,
 "de_m": 450.0,
 "sigma_n_m": 336.71186077526494,
 "sigma_e_m": 383.65328064107626,
 "sigma_major_m": 391.7819475707194,
 "sigma_minor_m": 327.2180045338213,
 "major_bearing_deg": 68.37762109628538,
 "anisotropy": 1.1973117070036554,
 "jackknife": null,
 "subject_km": null,
 "dem_split_m": null,
 "peak_dh_m": -1.5117736530004295,
 "peak_dh_mad_m": 3.0264332709024946,
 "n_peaks": 4,
 "search_trace": [
  {
   "dn": -3000.0,
   "de": -3000.0,
   "cost": 0.00026276309190160325,
   "stage": "coarse"
  },
  {
   "dn": -2700.0,
   "de": -3000.0,
   "cost": 0.00019814579297978797,
   "stage": "coarse"
  },
  {
   "dn": -2400.0,
   "de": -3000.0,
   "cost": 0.00018758944589227343,
   "stage": "coarse"
  },
  {
   "dn": -2100.0,
   "de": 2700.0,
   "cost": 0.00018530436699979458,
   "stage": "coarse"
  },
  {
   "dn": -2100.0,
   "de": 3000.0,
   "cost": 0.00013263530547949286,
   "stage": "coarse"
  },
  {
   "dn": -1800.0,
   "de": 2700.0,
   "cost": 8.875206016841109e-05,
   "stage": "coarse"
  },
  {
   "dn": -1800.0,
   "de": 3000.0,
   "cost": 6.220469901986597e-05,
   "stage": "coarse"
  },
  {
   "dn": -1500.0,
   "de": 3000.0,
   "cost": 5.588313101765729e-05,
   "stage": "coarse"
  },
  {
   "dn": -1200.0,
   "de": 300.0,
   "cost": 4.10932157432528e-05,
   "stage": "coarse"
  },
  {
   "dn": -1200.0,
   "de": 600.0,
   "cost": 3.108683832706822e-05,
   "stage": "coarse"
  },
  {
   "dn": -1200.0,
   "de": 900.0,
   "cost": 2.646233804228774e-05,
   "stage": "coarse"
  },
  {
   "dn": -900.0,
   "de": 0.0,
   "cost": 2.289591054391446e-05,
   "stage": "coarse"
  },
  {
   "dn": -900.0,
   "de": 300.0,
   "cost": 1.592272344553464e-05,
   "stage": "coarse"
  },
  {
   "dn": -900.0,
   "de": 600.0,
   "cost": 1.5400971465509702e-05,
   "stage": "coarse"
  },
  {
   "dn": -600.0,
   "de": 300.0,
   "cost": 1.3949902558918931e-05,
   "stage": "coarse"
  },
  {
   "dn": -600.0,
   "de": 600.0,
   "cost": 1.375973572479194e-05,
   "stage": "coarse"
  },
  {
   "dn": -300.0,
   "de": 300.0,
   "cost": 1.1400176416837506e-05,
   "stage": "coarse"
  },
  {
   "dn": 0.0,
   "de": 300.0,
   "cost": 1.0508687732362082e-05,
   "stage": "coarse"
  },
  {
   "dn": 300.0,
   "de": 600.0,
   "cost": 1.0201184848606363e-05,
   "stage": "coarse"
  },
  {
   "dn": 360.0,
   "de": 480.0,
   "cost": 9.315027825430653e-06,
   "stage": "refine_60m"
  },
  {
   "dn": 330.0,
   "de": 450.0,
   "cost": 9.062371630162132e-06,
   "stage": "refine_15m"
  }
 ],
 "search_evals": 491,
 "cost": 9.062371630162132e-06,
 "rms_mrad": 4.257316438829074,
 "n_photos": 1,
 "z_m": 14.2,
 "photos": [
  {
   "file": "XKYU3498.JPG",
   "fov_deg": 73.74,
   "heading_deg": 355.31,
   "pitch_deg": 0.6,
   "roll_deg": -0.8,
   "weight": 1.0,
   "rms_mrad": 4.257316438829074,
   "heading_offset_deg": 11.8,
   "el_offset_mrad": -1.734723475976807e-15,
   "attitude_source": "prior"
  }
 ],
 "heading_offset_deg": 11.8,
 "el_offset_mrad": -1.734723475976807e-15,
 "fov_deg": 73.74
}
wrote out/theo1/XKYU3498_cor.json/.png
