/root/.local/lib/python3.11/site-packages/torchvision/models/_utils.py:207: UserWarning: The parameter 'pretrained' is deprecated since 0.13 and may be removed in the future, please use 'weights' instead.
  warnings.warn(
/root/.local/lib/python3.11/site-packages/torchvision/models/_utils.py:222: UserWarning: Arguments other than a weight enum or `None` for 'weights' are deprecated since 0.13 and may be removed in the future. The current behavior is equivalent to passing `weights=None`.
  warnings.warn(msg)
extractor pre-check: eWaSR disagrees with the seam on 26% of columns — falling back to the seam
photo 0: XKYU3498.JPG  fov 73.7, heading 355.31, pitch +0.44, roll -0.58, weight 1.00
z 14.2 m, box 6000 m at (37.47686,27.41421)
peak witness: 4 crests, median height residual +1 m (spread 2 m)
{
 "status": "ok",
 "reasons": [],
 "lat": 37.47766938944533,
 "lon": 27.41828958834153,
 "fix_ok": true,
 "basin_margin": 0.46090162411141805,
 "relief_mrad": 11.819156615887984,
 "dn_m": 90.0,
 "de_m": 360.0,
 "sigma_n_m": 516.9905309851299,
 "sigma_e_m": 187.00593647186477,
 "sigma_major_m": 526.3033718926454,
 "sigma_minor_m": 158.9188161875033,
 "major_bearing_deg": 11.329870211491823,
 "anisotropy": 3.311775059233242,
 "jackknife": null,
 "subject_km": null,
 "dem_split_m": null,
 "peak_dh_m": 0.6258084689735539,
 "peak_dh_mad_m": 1.8677139628691255,
 "n_peaks": 4,
 "search_trace": [
  {
   "dn": -3000.0,
   "de": -3000.0,
   "cost": 0.00027187022826778506,
   "stage": "coarse"
  },
  {
   "dn": -2700.0,
   "de": -3000.0,
   "cost": 0.0002134709089862408,
   "stage": "coarse"
  },
  {
   "dn": -2400.0,
   "de": -3000.0,
   "cost": 0.00019610738535211694,
   "stage": "coarse"
  },
  {
   "dn": -2100.0,
   "de": 2700.0,
   "cost": 0.0001939327122743716,
   "stage": "coarse"
  },
  {
   "dn": -2100.0,
   "de": 3000.0,
   "cost": 0.00014122943412738295,
   "stage": "coarse"
  },
  {
   "dn": -1800.0,
   "de": 2700.0,
   "cost": 9.472350333500031e-05,
   "stage": "coarse"
  },
  {
   "dn": -1800.0,
   "de": 3000.0,
   "cost": 6.636775106752267e-05,
   "stage": "coarse"
  },
  {
   "dn": -1500.0,
   "de": 3000.0,
   "cost": 5.612187621297061e-05,
   "stage": "coarse"
  },
  {
   "dn": -1200.0,
   "de": 300.0,
   "cost": 4.203983061816558e-05,
   "stage": "coarse"
  },
  {
   "dn": -1200.0,
   "de": 600.0,
   "cost": 3.15118312487761e-05,
   "stage": "coarse"
  },
  {
   "dn": -1200.0,
   "de": 900.0,
   "cost": 2.712289865460154e-05,
   "stage": "coarse"
  },
  {
   "dn": -900.0,
   "de": 0.0,
   "cost": 2.347319187788358e-05,
   "stage": "coarse"
  },
  {
   "dn": -900.0,
   "de": 300.0,
   "cost": 1.6502783702408862e-05,
   "stage": "coarse"
  },
  {
   "dn": -900.0,
   "de": 600.0,
   "cost": 1.6102910568052216e-05,
   "stage": "coarse"
  },
  {
   "dn": -600.0,
   "de": 300.0,
   "cost": 1.458456413056057e-05,
   "stage": "coarse"
  },
  {
   "dn": -600.0,
   "de": 600.0,
   "cost": 1.4405875984932434e-05,
   "stage": "coarse"
  },
  {
   "dn": -300.0,
   "de": 300.0,
   "cost": 1.2130538343642403e-05,
   "stage": "coarse"
  },
  {
   "dn": 0.0,
   "de": 300.0,
   "cost": 1.1189218480620052e-05,
   "stage": "coarse"
  },
  {
   "dn": 60.0,
   "de": 360.0,
   "cost": 1.0043631532317395e-05,
   "stage": "refine_60m"
  },
  {
   "dn": 90.0,
   "de": 360.0,
   "cost": 1.0010650464279953e-05,
   "stage": "refine_15m"
  }
 ],
 "search_evals": 491,
 "cost": 1.0010650464279953e-05,
 "rms_mrad": 4.474516837442888,
 "n_photos": 1,
 "z_m": 14.2,
 "photos": [
  {
   "file": "XKYU3498.JPG",
   "fov_deg": 73.74,
   "heading_deg": 355.31,
   "pitch_deg": 0.438,
   "roll_deg": -0.585,
   "weight": 1.0,
   "rms_mrad": 4.474516837442888,
   "heading_offset_deg": 12.0,
   "el_offset_mrad": -1.734723475976807e-15,
   "attitude_source": "prior"
  }
 ],
 "heading_offset_deg": 12.0,
 "el_offset_mrad": -1.734723475976807e-15,
 "fov_deg": 73.74
}
wrote out/theo1/XKYU3498_hor.json/.png
