/usr/local/lib/python3.11/dist-packages/torchvision/models/_utils.py:207: UserWarning: The parameter 'pretrained' is deprecated since 0.13 and may be removed in the future, please use 'weights' instead.
  warnings.warn(
/usr/local/lib/python3.11/dist-packages/torchvision/models/_utils.py:222: UserWarning: Arguments other than a weight enum or `None` for 'weights' are deprecated since 0.13 and may be removed in the future. The current behavior is equivalent to passing `weights=None`.
  warnings.warn(msg)
extractor pre-check: eWaSR disagrees with the seam on 42% of columns — falling back to the seam
photo 0: PF_new_milas1.jpg  fov 73.7, heading 334.81, pitch +0.00, roll +0.00, weight 1.00
z 6.0 m, box 6000 m at (37.24433,27.67671)
peak witness: 5 crests, median height residual -42 m (spread 17 m)
INCONCLUSIVE: peak heights disagree: matched crests stand a median -42 m (spread 17 m) from the model at this fix (limits 30/90 m) — position error or DEM bias is leaking into the height channel
{
 "status": "inconclusive",
 "reasons": [
  "peak heights disagree: matched crests stand a median -42 m (spread 17 m) from the model at this fix (limits 30/90 m) \u2014 position error or DEM bias is leaking into the height channel"
 ],
 "lat": 37.244060203518224,
 "lon": 27.68009913949078,
 "fix_ok": false,
 "basin_margin": 0.43624070858650915,
 "relief_mrad": 16.209811549924964,
 "dn_m": -30.0,
 "de_m": 300.0,
 "sigma_n_m": 564.2615391440887,
 "sigma_e_m": 667.3419719953614,
 "sigma_major_m": 670.0373174083242,
 "sigma_minor_m": 561.0582727526352,
 "major_bearing_deg": 99.4341759363459,
 "anisotropy": 1.1942383705011987,
 "jackknife": null,
 "subject_km": null,
 "dem_split_m": null,
 "peak_dh_m": -42.42624550536339,
 "peak_dh_mad_m": 16.894153726397995,
 "n_peaks": 5,
 "search_trace": [
  {
   "dn": -3000.0,
   "de": -3000.0,
   "cost": 0.00040032975599732653,
   "stage": "coarse"
  },
  {
   "dn": -3000.0,
   "de": -2700.0,
   "cost": 0.0003987045775301262,
   "stage": "coarse"
  },
  {
   "dn": -3000.0,
   "de": -2100.0,
   "cost": 0.00034510329192631285,
   "stage": "coarse"
  },
  {
   "dn": -3000.0,
   "de": -1800.0,
   "cost": 0.00025199612283502356,
   "stage": "coarse"
  },
  {
   "dn": -3000.0,
   "de": -1500.0,
   "cost": 0.00018230416627995185,
   "stage": "coarse"
  },
  {
   "dn": -3000.0,
   "de": -1200.0,
   "cost": 0.00013498941475133613,
   "stage": "coarse"
  },
  {
   "dn": -3000.0,
   "de": -900.0,
   "cost": 7.496585044071921e-05,
   "stage": "coarse"
  },
  {
   "dn": -3000.0,
   "de": -600.0,
   "cost": 4.526256437819556e-05,
   "stage": "coarse"
  },
  {
   "dn": -3000.0,
   "de": -300.0,
   "cost": 3.9319352856937206e-05,
   "stage": "coarse"
  },
  {
   "dn": -3000.0,
   "de": 0.0,
   "cost": 2.6016248652710468e-05,
   "stage": "coarse"
  },
  {
   "dn": -3000.0,
   "de": 2100.0,
   "cost": 2.120443606490675e-05,
   "stage": "coarse"
  },
  {
   "dn": -3000.0,
   "de": 2400.0,
   "cost": 1.9337623401749206e-05,
   "stage": "coarse"
  },
  {
   "dn": -2700.0,
   "de": 2100.0,
   "cost": 1.712799501707738e-05,
   "stage": "coarse"
  },
  {
   "dn": -2400.0,
   "de": 300.0,
   "cost": 1.6398222379060805e-05,
   "stage": "coarse"
  },
  {
   "dn": -2400.0,
   "de": 900.0,
   "cost": 1.5210042907136625e-05,
   "stage": "coarse"
  },
  {
   "dn": -2100.0,
   "de": 1500.0,
   "cost": 1.5088018770783735e-05,
   "stage": "coarse"
  },
  {
   "dn": -2100.0,
   "de": 1800.0,
   "cost": 1.4920682059151387e-05,
   "stage": "coarse"
  },
  {
   "dn": -1800.0,
   "de": 1200.0,
   "cost": 1.3680237700946718e-05,
   "stage": "coarse"
  },
  {
   "dn": -1800.0,
   "de": 1500.0,
   "cost": 1.3087717238852185e-05,
   "stage": "coarse"
  },
  {
   "dn": -1500.0,
   "de": 900.0,
   "cost": 1.2174687294132708e-05,
   "stage": "coarse"
  },
  {
   "dn": -1500.0,
   "de": 1200.0,
   "cost": 1.1560412281124995e-05,
   "stage": "coarse"
  },
  {
   "dn": -1200.0,
   "de": 600.0,
   "cost": 1.1256786824250707e-05,
   "stage": "coarse"
  },
  {
   "dn": -1200.0,
   "de": 900.0,
   "cost": 1.0808175840076014e-05,
   "stage": "coarse"
  },
  {
   "dn": -900.0,
   "de": 300.0,
   "cost": 1.0451259844372714e-05,
   "stage": "coarse"
  },
  {
   "dn": -900.0,
   "de": 600.0,
   "cost": 1.0201073734898193e-05,
   "stage": "coarse"
  },
  {
   "dn": -600.0,
   "de": 0.0,
   "cost": 9.920566807671206e-06,
   "stage": "coarse"
  },
  {
   "dn": -600.0,
   "de": 300.0,
   "cost": 8.874822435321537e-06,
   "stage": "coarse"
  },
  {
   "dn": -300.0,
   "de": 300.0,
   "cost": 7.939617309483947e-06,
   "stage": "coarse"
  },
  {
   "dn": 0.0,
   "de": 300.0,
   "cost": 7.490801094367997e-06,
   "stage": "coarse"
  },
  {
   "dn": 0.0,
   "de": 300.0,
   "cost": 7.490801094367997e-06,
   "stage": "refine_60m"
  },
  {
   "dn": -30.0,
   "de": 300.0,
   "cost": 7.484693336399729e-06,
   "stage": "refine_15m"
  }
 ],
 "heading_window_deg": 6.0,
 "search_evals": 491,
 "cost": 7.484693336399729e-06,
 "rms_mrad": 3.8690291641184946,
 "n_photos": 1,
 "z_m": 6.0,
 "photos": [
  {
   "file": "PF_new_milas1.jpg",
   "fov_deg": 73.7,
   "heading_deg": 334.81,
   "pitch_deg": 0.0,
   "roll_deg": 0.0,
   "weight": 1.0,
   "rms_mrad": 3.8690291641184946,
   "heading_offset_deg": -2.4000000000000004,
   "el_offset_mrad": 10.122909661567109,
   "attitude_source": "prior"
  }
 ],
 "heading_offset_deg": -2.4000000000000004,
 "el_offset_mrad": 10.122909661567109,
 "fov_deg": 73.7
}
wrote out/seg/solve_milas_ref.json/.png
