hand-digitised boundary: 1600 columns from out/seg/bosphorus_sam21-b.npy
photo 0: PF_new_bosphorus1.jpg  fov 73.7, heading 48.0, pitch +1.45, roll +1.75, weight 1.00
z 7.0 m, box 6000 m at (41.12590,29.07076)
peak witness: 7 crests, median height residual -5 m (spread 17 m)
{
 "status": "ok",
 "reasons": [],
 "lat": 41.12684428768622,
 "lon": 29.070939084431114,
 "fix_ok": true,
 "basin_margin": 1.2686336223113184,
 "relief_mrad": 7.006423460728979,
 "dn_m": 105.0,
 "de_m": 15.0,
 "sigma_n_m": 209.74747877174192,
 "sigma_e_m": 195.9942993353801,
 "sigma_major_m": 222.9400957091007,
 "sigma_minor_m": 180.84657571622955,
 "major_bearing_deg": 144.58315016772076,
 "anisotropy": 1.2327581809396326,
 "jackknife": null,
 "subject_km": null,
 "dem_split_m": null,
 "peak_dh_m": -4.515151957079361,
 "peak_dh_mad_m": 16.905213783892364,
 "n_peaks": 7,
 "search_trace": [
  {
   "dn": -3000.0,
   "de": -3000.0,
   "cost": 9.182485078286559e-05,
   "stage": "coarse"
  },
  {
   "dn": -3000.0,
   "de": -2700.0,
   "cost": 5.445094501322628e-05,
   "stage": "coarse"
  },
  {
   "dn": -3000.0,
   "de": -2400.0,
   "cost": 4.122106147347615e-05,
   "stage": "coarse"
  },
  {
   "dn": -3000.0,
   "de": -2100.0,
   "cost": 3.414382111221577e-05,
   "stage": "coarse"
  },
  {
   "dn": -3000.0,
   "de": -1800.0,
   "cost": 1.819512676927424e-05,
   "stage": "coarse"
  },
  {
   "dn": -2400.0,
   "de": -1500.0,
   "cost": 1.727149229744822e-05,
   "stage": "coarse"
  },
  {
   "dn": -2100.0,
   "de": -2100.0,
   "cost": 1.5061403029053653e-05,
   "stage": "coarse"
  },
  {
   "dn": -900.0,
   "de": -300.0,
   "cost": 1.4820601729693681e-05,
   "stage": "coarse"
  },
  {
   "dn": -600.0,
   "de": 0.0,
   "cost": 1.4715172107388495e-05,
   "stage": "coarse"
  },
  {
   "dn": -600.0,
   "de": 300.0,
   "cost": 1.3121819212763832e-05,
   "stage": "coarse"
  },
  {
   "dn": -300.0,
   "de": -600.0,
   "cost": 1.3048537410917806e-05,
   "stage": "coarse"
  },
  {
   "dn": -300.0,
   "de": -300.0,
   "cost": 1.2385758090679012e-05,
   "stage": "coarse"
  },
  {
   "dn": -300.0,
   "de": 0.0,
   "cost": 1.0126679411491975e-05,
   "stage": "coarse"
  },
  {
   "dn": -300.0,
   "de": 300.0,
   "cost": 8.651474776412215e-06,
   "stage": "coarse"
  },
  {
   "dn": 0.0,
   "de": -300.0,
   "cost": 8.292739659291431e-06,
   "stage": "coarse"
  },
  {
   "dn": 0.0,
   "de": 0.0,
   "cost": 5.371680409986407e-06,
   "stage": "coarse"
  },
  {
   "dn": 120.0,
   "de": 0.0,
   "cost": 4.592899285131643e-06,
   "stage": "refine_60m"
  },
  {
   "dn": 105.0,
   "de": 15.0,
   "cost": 4.564725748250351e-06,
   "stage": "refine_15m"
  }
 ],
 "heading_window_deg": 12.0,
 "search_evals": 491,
 "cost": 4.564725748250351e-06,
 "rms_mrad": 3.0214982205026537,
 "n_photos": 1,
 "z_m": 7.0,
 "photos": [
  {
   "file": "PF_new_bosphorus1.jpg",
   "fov_deg": 73.7,
   "heading_deg": 48.0,
   "pitch_deg": 1.45,
   "roll_deg": 1.75,
   "weight": 1.0,
   "rms_mrad": 3.0214982205026537,
   "heading_offset_deg": 0.6000000000000001,
   "el_offset_mrad": -6.073745796940267,
   "attitude_source": "prior"
  }
 ],
 "heading_offset_deg": 0.6000000000000001,
 "el_offset_mrad": -6.073745796940267,
 "fov_deg": 73.7
}
wrote out/seg/solve_sam21b.json/.png
