/root/.local/lib/python3.11/site-packages/torchvision/models/_utils.py:207: UserWarning: The parameter 'pretrained' is deprecated since 0.13 and may be removed in the future, please use 'weights' instead.
  warnings.warn(
/root/.local/lib/python3.11/site-packages/torchvision/models/_utils.py:222: UserWarning: Arguments other than a weight enum or `None` for 'weights' are deprecated since 0.13 and may be removed in the future. The current behavior is equivalent to passing `weights=None`.
  warnings.warn(msg)
photo 0: PF_new_akyaka2.jpg  fov 73.7, heading 177.0, pitch +10.87, roll +0.00, weight 1.00
z 17.0 m, box 6000 m at (37.04860,28.29300)
peak witness: 7 crests, median height residual +58 m (spread 97 m)
INCONCLUSIVE: peak heights disagree: matched crests stand a median +58 m (spread 97 m) from the model at this fix (limits 30/90 m) — position error or DEM bias is leaking into the height channel
{
 "status": "inconclusive",
 "reasons": [
  "peak heights disagree: matched crests stand a median +58 m (spread 97 m) from the model at this fix (limits 30/90 m) \u2014 position error or DEM bias is leaking into the height channel"
 ],
 "lat": 37.046711424627574,
 "lon": 28.28792943020399,
 "fix_ok": false,
 "basin_margin": 0.21204754303543039,
 "relief_mrad": 9.52831181844527,
 "dn_m": -210.0,
 "de_m": -450.0,
 "sigma_n_m": 452.2337712702909,
 "sigma_e_m": 739.8694702087131,
 "sigma_major_m": 747.4209477589671,
 "sigma_minor_m": 439.64092584216826,
 "major_bearing_deg": 79.90212012820007,
 "anisotropy": 1.700071362390162,
 "jackknife": null,
 "subject_km": null,
 "dem_split_m": null,
 "peak_dh_m": 58.10807107841851,
 "peak_dh_mad_m": 97.41523061220607,
 "n_peaks": 7,
 "search_trace": [
  {
   "dn": -3000.0,
   "de": -3000.0,
   "cost": 4.837884230744679e-05,
   "stage": "coarse"
  },
  {
   "dn": -2700.0,
   "de": -3000.0,
   "cost": 4.111715441108533e-05,
   "stage": "coarse"
  },
  {
   "dn": -2400.0,
   "de": -3000.0,
   "cost": 3.635312705496067e-05,
   "stage": "coarse"
  },
  {
   "dn": -1800.0,
   "de": -2700.0,
   "cost": 3.5160171368443526e-05,
   "stage": "coarse"
  },
  {
   "dn": -1500.0,
   "de": -2100.0,
   "cost": 3.35046644104278e-05,
   "stage": "coarse"
  },
  {
   "dn": -1500.0,
   "de": -1200.0,
   "cost": 3.340133257639177e-05,
   "stage": "coarse"
  },
  {
   "dn": -1200.0,
   "de": -2100.0,
   "cost": 3.338615436696697e-05,
   "stage": "coarse"
  },
  {
   "dn": -1200.0,
   "de": -1500.0,
   "cost": 3.337879136318665e-05,
   "stage": "coarse"
  },
  {
   "dn": -1200.0,
   "de": -1200.0,
   "cost": 3.0511127772803605e-05,
   "stage": "coarse"
  },
  {
   "dn": -900.0,
   "de": -1500.0,
   "cost": 2.8845944348204543e-05,
   "stage": "coarse"
  },
  {
   "dn": -900.0,
   "de": -1200.0,
   "cost": 2.795174151849697e-05,
   "stage": "coarse"
  },
  {
   "dn": -900.0,
   "de": -300.0,
   "cost": 2.6745801030759358e-05,
   "stage": "coarse"
  },
  {
   "dn": -600.0,
   "de": -1200.0,
   "cost": 2.6011105378819097e-05,
   "stage": "coarse"
  },
  {
   "dn": -600.0,
   "de": -300.0,
   "cost": 2.5130386304668574e-05,
   "stage": "coarse"
  },
  {
   "dn": -300.0,
   "de": -600.0,
   "cost": 2.467441584418686e-05,
   "stage": "coarse"
  },
  {
   "dn": -300.0,
   "de": -300.0,
   "cost": 2.267510805767864e-05,
   "stage": "coarse"
  },
  {
   "dn": -180.0,
   "de": -420.0,
   "cost": 2.138062965546277e-05,
   "stage": "refine_60m"
  },
  {
   "dn": -210.0,
   "de": -450.0,
   "cost": 2.1211649921053865e-05,
   "stage": "refine_15m"
  }
 ],
 "search_evals": 491,
 "cost": 2.1211649921053865e-05,
 "rms_mrad": 6.513317115119433,
 "n_photos": 1,
 "z_m": 17.0,
 "photos": [
  {
   "file": "PF_new_akyaka2.jpg",
   "fov_deg": 73.74,
   "heading_deg": 177.0,
   "pitch_deg": 10.87,
   "roll_deg": 0.0,
   "weight": 1.0,
   "rms_mrad": 6.513317115119433,
   "heading_offset_deg": -5.800000000000001,
   "el_offset_mrad": -10.12290966156711,
   "attitude_source": "prior"
  }
 ],
 "heading_offset_deg": -5.800000000000001,
 "el_offset_mrad": -10.12290966156711,
 "fov_deg": 73.74
}
wrote out/guard/AK2_pitch.json/.png
