photo 0: PF_new_milas1.jpg  fov 69.0, heading 334.81, pitch +0.00, roll +0.00, weight 1.00
z 6.0 m, box 6000 m at (37.24433,27.67671)
peak witness: 4 crests, median height residual -36 m (spread 45 m)
INCONCLUSIVE: ambiguous landscape: basin margin 0.14 < 0.15
INCONCLUSIVE: peak heights disagree: matched crests stand a median -36 m (spread 45 m) from the model at this fix (limits 30/90 m) — position error or DEM bias is leaking into the height channel
{
 "status": "inconclusive",
 "reasons": [
  "ambiguous landscape: basin margin 0.14 < 0.15",
  "peak heights disagree: matched crests stand a median -36 m (spread 45 m) from the model at this fix (limits 30/90 m) \u2014 position error or DEM bias is leaking into the height channel"
 ],
 "lat": 37.24055284925514,
 "lon": 27.686199590574173,
 "fix_ok": false,
 "basin_margin": 0.14000331416333875,
 "relief_mrad": 15.120525188338615,
 "dn_m": -420.0,
 "de_m": 840.0,
 "sigma_n_m": 720.28135006324,
 "sigma_e_m": 1083.6595853827466,
 "sigma_major_m": 1146.0395891129724,
 "sigma_minor_m": 616.2114737868807,
 "major_bearing_deg": 67.29653036495593,
 "anisotropy": 1.8598154008234762,
 "jackknife": null,
 "subject_km": null,
 "dem_split_m": null,
 "peak_dh_m": -36.222029169585284,
 "peak_dh_mad_m": 44.76457524954036,
 "n_peaks": 4,
 "search_trace": [
  {
   "dn": -3000.0,
   "de": -3000.0,
   "cost": 0.0004092285251623185,
   "stage": "coarse"
  },
  {
   "dn": -3000.0,
   "de": -2700.0,
   "cost": 0.0004067152011362415,
   "stage": "coarse"
  },
  {
   "dn": -3000.0,
   "de": -2100.0,
   "cost": 0.0003563057631804577,
   "stage": "coarse"
  },
  {
   "dn": -3000.0,
   "de": -1800.0,
   "cost": 0.0002657166738702603,
   "stage": "coarse"
  },
  {
   "dn": -3000.0,
   "de": -1500.0,
   "cost": 0.0001951963536114915,
   "stage": "coarse"
  },
  {
   "dn": -3000.0,
   "de": -1200.0,
   "cost": 0.0001386360844643953,
   "stage": "coarse"
  },
  {
   "dn": -3000.0,
   "de": -900.0,
   "cost": 7.305891645336887e-05,
   "stage": "coarse"
  },
  {
   "dn": -3000.0,
   "de": -600.0,
   "cost": 4.358225095277174e-05,
   "stage": "coarse"
  },
  {
   "dn": -3000.0,
   "de": -300.0,
   "cost": 3.3528850893095846e-05,
   "stage": "coarse"
  },
  {
   "dn": -3000.0,
   "de": 0.0,
   "cost": 2.5001305361853825e-05,
   "stage": "coarse"
  },
  {
   "dn": -3000.0,
   "de": 900.0,
   "cost": 2.49298203730523e-05,
   "stage": "coarse"
  },
  {
   "dn": -3000.0,
   "de": 1800.0,
   "cost": 2.162159283432459e-05,
   "stage": "coarse"
  },
  {
   "dn": -3000.0,
   "de": 2100.0,
   "cost": 1.7248519232503315e-05,
   "stage": "coarse"
  },
  {
   "dn": -3000.0,
   "de": 2400.0,
   "cost": 1.6012029805171052e-05,
   "stage": "coarse"
  },
  {
   "dn": -2700.0,
   "de": 2100.0,
   "cost": 1.3899757193527582e-05,
   "stage": "coarse"
  },
  {
   "dn": -2400.0,
   "de": 1500.0,
   "cost": 1.3713114255777854e-05,
   "stage": "coarse"
  },
  {
   "dn": -2400.0,
   "de": 1800.0,
   "cost": 1.3265790197210062e-05,
   "stage": "coarse"
  },
  {
   "dn": -2100.0,
   "de": 1500.0,
   "cost": 1.2401591794032497e-05,
   "stage": "coarse"
  },
  {
   "dn": -2100.0,
   "de": 1800.0,
   "cost": 1.1834662069049446e-05,
   "stage": "coarse"
  },
  {
   "dn": -1800.0,
   "de": 1200.0,
   "cost": 1.1472122613492179e-05,
   "stage": "coarse"
  },
  {
   "dn": -1800.0,
   "de": 1500.0,
   "cost": 1.0728273068337229e-05,
   "stage": "coarse"
  },
  {
   "dn": -1500.0,
   "de": 1200.0,
   "cost": 1.0210111255215902e-05,
   "stage": "coarse"
  },
  {
   "dn": -1500.0,
   "de": 1500.0,
   "cost": 9.952475312311422e-06,
   "stage": "coarse"
  },
  {
   "dn": -1200.0,
   "de": 900.0,
   "cost": 9.690756619262242e-06,
   "stage": "coarse"
  },
  {
   "dn": -1200.0,
   "de": 1200.0,
   "cost": 9.510060035204417e-06,
   "stage": "coarse"
  },
  {
   "dn": -900.0,
   "de": 900.0,
   "cost": 9.10774294325045e-06,
   "stage": "coarse"
  },
  {
   "dn": -900.0,
   "de": 1200.0,
   "cost": 8.776944879891782e-06,
   "stage": "coarse"
  },
  {
   "dn": -600.0,
   "de": 900.0,
   "cost": 8.757103266834428e-06,
   "stage": "coarse"
  },
  {
   "dn": -300.0,
   "de": 900.0,
   "cost": 8.730216121885273e-06,
   "stage": "coarse"
  },
  {
   "dn": -420.0,
   "de": 840.0,
   "cost": 8.550443879864918e-06,
   "stage": "refine_60m"
  },
  {
   "dn": -420.0,
   "de": 840.0,
   "cost": 8.550443879864918e-06,
   "stage": "refine_15m"
  }
 ],
 "heading_window_deg": 6.0,
 "search_evals": 491,
 "cost": 8.550443879864918e-06,
 "rms_mrad": 4.135321965667224,
 "n_photos": 1,
 "z_m": 6.0,
 "photos": [
  {
   "file": "PF_new_milas1.jpg",
   "fov_deg": 69.0,
   "heading_deg": 334.81,
   "pitch_deg": 0.0,
   "roll_deg": 0.0,
   "weight": 1.0,
   "rms_mrad": 4.135321965667224,
   "heading_offset_deg": -4.6000000000000005,
   "el_offset_mrad": 10.122909661567109,
   "attitude_source": "prior"
  }
 ],
 "heading_offset_deg": -4.6000000000000005,
 "el_offset_mrad": 10.122909661567109,
 "fov_deg": 69.0
}
wrote out/milas/ML1_fov69.json/.png
