photo 0: PF_new_milas1.jpg  fov 76.0, heading 334.81, pitch +0.00, roll +0.00, weight 1.00
z 6.0 m, box 6000 m at (37.24433,27.67671)
peak witness: 5 crests, median height residual -45 m (spread 19 m)
INCONCLUSIVE: peak heights disagree: matched crests stand a median -45 m (spread 19 m) from the model at this fix (limits 30/90 m) — position error or DEM bias is leaking into the height channel
{
 "status": "inconclusive",
 "reasons": [
  "peak heights disagree: matched crests stand a median -45 m (spread 19 m) from the model at this fix (limits 30/90 m) \u2014 position error or DEM bias is leaking into the height channel"
 ],
 "lat": 37.24554408416799,
 "lon": 27.677387827898155,
 "fix_ok": false,
 "basin_margin": 0.6148939713775284,
 "relief_mrad": 16.75315029374925,
 "dn_m": 135.0,
 "de_m": 60.0,
 "sigma_n_m": 628.1715157098748,
 "sigma_e_m": 524.6224622285889,
 "sigma_major_m": 629.0054067264621,
 "sigma_minor_m": 523.6223632857049,
 "major_bearing_deg": 174.66944695395406,
 "anisotropy": 1.201257720887786,
 "jackknife": null,
 "subject_km": null,
 "dem_split_m": null,
 "peak_dh_m": -44.80900219177783,
 "peak_dh_mad_m": 19.134386367220937,
 "n_peaks": 5,
 "search_trace": [
  {
   "dn": -3000.0,
   "de": -3000.0,
   "cost": 0.0003959543120527268,
   "stage": "coarse"
  },
  {
   "dn": -3000.0,
   "de": -2700.0,
   "cost": 0.0003951430909095037,
   "stage": "coarse"
  },
  {
   "dn": -3000.0,
   "de": -2100.0,
   "cost": 0.0003345874231108075,
   "stage": "coarse"
  },
  {
   "dn": -3000.0,
   "de": -1800.0,
   "cost": 0.0002452735555397085,
   "stage": "coarse"
  },
  {
   "dn": -3000.0,
   "de": -1500.0,
   "cost": 0.0001758762261504908,
   "stage": "coarse"
  },
  {
   "dn": -3000.0,
   "de": -1200.0,
   "cost": 0.0001346944986543491,
   "stage": "coarse"
  },
  {
   "dn": -3000.0,
   "de": -900.0,
   "cost": 7.694732688881355e-05,
   "stage": "coarse"
  },
  {
   "dn": -3000.0,
   "de": -600.0,
   "cost": 4.5943166540531715e-05,
   "stage": "coarse"
  },
  {
   "dn": -3000.0,
   "de": -300.0,
   "cost": 4.2881142492860323e-05,
   "stage": "coarse"
  },
  {
   "dn": -3000.0,
   "de": 0.0,
   "cost": 2.7815477278262316e-05,
   "stage": "coarse"
  },
  {
   "dn": -3000.0,
   "de": 2100.0,
   "cost": 2.2763093623862798e-05,
   "stage": "coarse"
  },
  {
   "dn": -3000.0,
   "de": 2400.0,
   "cost": 2.0974817725718128e-05,
   "stage": "coarse"
  },
  {
   "dn": -2700.0,
   "de": 2100.0,
   "cost": 1.8449610930639064e-05,
   "stage": "coarse"
  },
  {
   "dn": -2400.0,
   "de": 0.0,
   "cost": 1.7735277756741407e-05,
   "stage": "coarse"
  },
  {
   "dn": -2400.0,
   "de": 300.0,
   "cost": 1.6191263672205426e-05,
   "stage": "coarse"
  },
  {
   "dn": -2400.0,
   "de": 900.0,
   "cost": 1.5854918597254565e-05,
   "stage": "coarse"
  },
  {
   "dn": -1800.0,
   "de": 1200.0,
   "cost": 1.5448503153998357e-05,
   "stage": "coarse"
  },
  {
   "dn": -1800.0,
   "de": 1500.0,
   "cost": 1.4713464853897196e-05,
   "stage": "coarse"
  },
  {
   "dn": -1500.0,
   "de": 900.0,
   "cost": 1.3448387130050948e-05,
   "stage": "coarse"
  },
  {
   "dn": -1500.0,
   "de": 1200.0,
   "cost": 1.2815598150513099e-05,
   "stage": "coarse"
  },
  {
   "dn": -1500.0,
   "de": 1500.0,
   "cost": 1.272917383697567e-05,
   "stage": "coarse"
  },
  {
   "dn": -1200.0,
   "de": 600.0,
   "cost": 1.1606216605354496e-05,
   "stage": "coarse"
  },
  {
   "dn": -1200.0,
   "de": 900.0,
   "cost": 1.1439408406248206e-05,
   "stage": "coarse"
  },
  {
   "dn": -900.0,
   "de": 300.0,
   "cost": 1.0934683251832432e-05,
   "stage": "coarse"
  },
  {
   "dn": -900.0,
   "de": 600.0,
   "cost": 1.072347683627456e-05,
   "stage": "coarse"
  },
  {
   "dn": -600.0,
   "de": 0.0,
   "cost": 9.822618120003646e-06,
   "stage": "coarse"
  },
  {
   "dn": -600.0,
   "de": 300.0,
   "cost": 9.669287824915728e-06,
   "stage": "coarse"
  },
  {
   "dn": -300.0,
   "de": -300.0,
   "cost": 9.378478980855669e-06,
   "stage": "coarse"
  },
  {
   "dn": -300.0,
   "de": 0.0,
   "cost": 7.903794510877443e-06,
   "stage": "coarse"
  },
  {
   "dn": 0.0,
   "de": 0.0,
   "cost": 6.887174977202738e-06,
   "stage": "coarse"
  },
  {
   "dn": 120.0,
   "de": 60.0,
   "cost": 6.659696084477605e-06,
   "stage": "refine_60m"
  },
  {
   "dn": 135.0,
   "de": 60.0,
   "cost": 6.658828341292539e-06,
   "stage": "refine_15m"
  }
 ],
 "heading_window_deg": 6.0,
 "search_evals": 491,
 "cost": 6.658828341292539e-06,
 "rms_mrad": 3.64933647155001,
 "n_photos": 1,
 "z_m": 6.0,
 "photos": [
  {
   "file": "PF_new_milas1.jpg",
   "fov_deg": 76.0,
   "heading_deg": 334.81,
   "pitch_deg": 0.0,
   "roll_deg": 0.0,
   "weight": 1.0,
   "rms_mrad": 3.64933647155001,
   "heading_offset_deg": -1.2000000000000002,
   "el_offset_mrad": 10.122909661567109,
   "attitude_source": "prior"
  }
 ],
 "heading_offset_deg": -1.2000000000000002,
 "el_offset_mrad": 10.122909661567109,
 "fov_deg": 76.0
}
wrote out/milas/ML1_fov76.json/.png
