photo 0: PF_new_milas1.jpg  fov 73.7, heading 334.81, pitch +0.83, roll +0.00, weight 1.00
z 6.0 m, box 6000 m at (37.24433,27.67671)
peak witness: 3 crests, median height residual -3 m (spread 8 m)
{
 "status": "ok",
 "reasons": [],
 "lat": 37.252423894453266,
 "lon": 27.676032172101845,
 "fix_ok": true,
 "basin_margin": 5.626197862925454,
 "relief_mrad": 16.209811549924964,
 "dn_m": 900.0,
 "de_m": -60.0,
 "sigma_n_m": 116.51514427551346,
 "sigma_e_m": 185.8568093538121,
 "sigma_major_m": 186.06720487118452,
 "sigma_minor_m": 116.1788608144684,
 "major_bearing_deg": 86.51057568016869,
 "anisotropy": 1.6015581799198753,
 "jackknife": null,
 "subject_km": null,
 "dem_split_m": null,
 "peak_dh_m": -2.8226888413505744,
 "peak_dh_mad_m": 8.269428936748033,
 "n_peaks": 3,
 "search_trace": [
  {
   "dn": -3000.0,
   "de": -3000.0,
   "cost": 0.00035670730752547167,
   "stage": "coarse"
  },
  {
   "dn": -3000.0,
   "de": -2700.0,
   "cost": 0.00035553097366262747,
   "stage": "coarse"
  },
  {
   "dn": -3000.0,
   "de": -2100.0,
   "cost": 0.000299146569796573,
   "stage": "coarse"
  },
  {
   "dn": -3000.0,
   "de": -1800.0,
   "cost": 0.0002084329183894177,
   "stage": "coarse"
  },
  {
   "dn": -3000.0,
   "de": -1500.0,
   "cost": 0.0001421598619376615,
   "stage": "coarse"
  },
  {
   "dn": -3000.0,
   "de": -1200.0,
   "cost": 0.00010837382963188535,
   "stage": "coarse"
  },
  {
   "dn": -3000.0,
   "de": -900.0,
   "cost": 7.565113579677668e-05,
   "stage": "coarse"
  },
  {
   "dn": -3000.0,
   "de": -600.0,
   "cost": 4.501134198807075e-05,
   "stage": "coarse"
  },
  {
   "dn": -3000.0,
   "de": -300.0,
   "cost": 3.944937650500627e-05,
   "stage": "coarse"
  },
  {
   "dn": -3000.0,
   "de": 0.0,
   "cost": 2.6404680830476123e-05,
   "stage": "coarse"
  },
  {
   "dn": -3000.0,
   "de": 2100.0,
   "cost": 2.5649816452639462e-05,
   "stage": "coarse"
  },
  {
   "dn": -3000.0,
   "de": 2400.0,
   "cost": 2.5521001025364233e-05,
   "stage": "coarse"
  },
  {
   "dn": -2700.0,
   "de": 0.0,
   "cost": 2.0521829742403734e-05,
   "stage": "coarse"
  },
  {
   "dn": -2700.0,
   "de": 900.0,
   "cost": 2.0407112563897503e-05,
   "stage": "coarse"
  },
  {
   "dn": -2400.0,
   "de": -300.0,
   "cost": 1.9944923658122668e-05,
   "stage": "coarse"
  },
  {
   "dn": -2400.0,
   "de": 0.0,
   "cost": 1.726608999834592e-05,
   "stage": "coarse"
  },
  {
   "dn": -2400.0,
   "de": 300.0,
   "cost": 1.6115456509034842e-05,
   "stage": "coarse"
  },
  {
   "dn": -2400.0,
   "de": 900.0,
   "cost": 1.5571727386169614e-05,
   "stage": "coarse"
  },
  {
   "dn": -1800.0,
   "de": 900.0,
   "cost": 1.5062592970459834e-05,
   "stage": "coarse"
  },
  {
   "dn": -1800.0,
   "de": 1200.0,
   "cost": 1.3658050251639686e-05,
   "stage": "coarse"
  },
  {
   "dn": -1800.0,
   "de": 1500.0,
   "cost": 1.3565004698704541e-05,
   "stage": "coarse"
  },
  {
   "dn": -1500.0,
   "de": 900.0,
   "cost": 1.2249055166673129e-05,
   "stage": "coarse"
  },
  {
   "dn": -1500.0,
   "de": 1200.0,
   "cost": 1.1419173955578156e-05,
   "stage": "coarse"
  },
  {
   "dn": -1200.0,
   "de": 600.0,
   "cost": 1.1215506518373179e-05,
   "stage": "coarse"
  },
  {
   "dn": -1200.0,
   "de": 900.0,
   "cost": 1.0643246237061185e-05,
   "stage": "coarse"
  },
  {
   "dn": -900.0,
   "de": 300.0,
   "cost": 1.0392957594347916e-05,
   "stage": "coarse"
  },
  {
   "dn": -900.0,
   "de": 600.0,
   "cost": 9.998831070305711e-06,
   "stage": "coarse"
  },
  {
   "dn": -600.0,
   "de": 0.0,
   "cost": 9.595565434143411e-06,
   "stage": "coarse"
  },
  {
   "dn": -600.0,
   "de": 300.0,
   "cost": 8.652819237199654e-06,
   "stage": "coarse"
  },
  {
   "dn": -300.0,
   "de": 0.0,
   "cost": 7.332966753481906e-06,
   "stage": "coarse"
  },
  {
   "dn": -300.0,
   "de": 300.0,
   "cost": 7.158150108294216e-06,
   "stage": "coarse"
  },
  {
   "dn": 0.0,
   "de": 0.0,
   "cost": 5.147714175430247e-06,
   "stage": "coarse"
  },
  {
   "dn": 300.0,
   "de": 0.0,
   "cost": 3.230756022137714e-06,
   "stage": "coarse"
  },
  {
   "dn": 600.0,
   "de": 0.0,
   "cost": 1.5111929707535872e-06,
   "stage": "coarse"
  },
  {
   "dn": 900.0,
   "de": 0.0,
   "cost": 1.0802801631302188e-06,
   "stage": "coarse"
  },
  {
   "dn": 900.0,
   "de": -60.0,
   "cost": 9.499232628889689e-07,
   "stage": "refine_60m"
  },
  {
   "dn": 900.0,
   "de": -60.0,
   "cost": 9.499232628889689e-07,
   "stage": "refine_15m"
  }
 ],
 "heading_window_deg": 6.0,
 "search_evals": 491,
 "cost": 9.499232628889689e-07,
 "rms_mrad": 1.3783492031332036,
 "n_photos": 1,
 "z_m": 6.0,
 "photos": [
  {
   "file": "PF_new_milas1.jpg",
   "fov_deg": 73.7,
   "heading_deg": 334.81,
   "pitch_deg": 0.83,
   "roll_deg": 0.0,
   "weight": 1.0,
   "rms_mrad": 1.3783492031332036,
   "heading_offset_deg": -0.6000000000000001,
   "el_offset_mrad": 6.073745796940264,
   "attitude_source": "prior"
  }
 ],
 "heading_offset_deg": -0.6000000000000001,
 "el_offset_mrad": 6.073745796940264,
 "fov_deg": 73.7
}
wrote out/milas/ML1_pitch.json/.png
