/root/.local/lib/python3.11/site-packages/torchvision/models/_utils.py:207: UserWarning: The parameter 'pretrained' is deprecated since 0.13 and may be removed in the future, please use 'weights' instead.
  warnings.warn(
/root/.local/lib/python3.11/site-packages/torchvision/models/_utils.py:222: UserWarning: Arguments other than a weight enum or `None` for 'weights' are deprecated since 0.13 and may be removed in the future. The current behavior is equivalent to passing `weights=None`.
  warnings.warn(msg)
photo 0: PF_new_bodrum1.jpg  fov 73.7, heading 149.0, pitch +1.75, roll +0.00, weight 1.00
z 2.0 m, box 6000 m at (37.00145,27.73302)
peak witness: 1 crests, median height residual +1150 m (spread 0 m)
INCONCLUSIVE: ambiguous landscape: basin margin 0.02 < 0.15
INCONCLUSIVE: covariance degenerate: the cost surface has no measurable curvature at the fix (sigma cannot be computed) — the landscape does not pin a position here
{
 "status": "inconclusive",
 "reasons": [
  "ambiguous landscape: basin margin 0.02 < 0.15",
  "covariance degenerate: the cost surface has no measurable curvature at the fix (sigma cannot be computed) \u2014 the landscape does not pin a position here"
 ],
 "lat": 36.994839986196496,
 "lon": 27.756499062534314,
 "fix_ok": false,
 "basin_margin": 0.01902126891818987,
 "relief_mrad": 43.26563671542788,
 "dn_m": -735.0,
 "de_m": 2085.0,
 "sigma_n_m": NaN,
 "sigma_e_m": NaN,
 "sigma_major_m": NaN,
 "sigma_minor_m": NaN,
 "major_bearing_deg": NaN,
 "anisotropy": Infinity,
 "jackknife": null,
 "subject_km": null,
 "dem_split_m": null,
 "peak_dh_m": 1150.2024327576262,
 "peak_dh_mad_m": 0.0,
 "n_peaks": 1,
 "search_trace": [
  {
   "dn": -3000.0,
   "de": -3000.0,
   "cost": 0.0002507942178755489,
   "stage": "coarse"
  },
  {
   "dn": -3000.0,
   "de": -2700.0,
   "cost": 0.0002503122374997321,
   "stage": "coarse"
  },
  {
   "dn": -3000.0,
   "de": -2400.0,
   "cost": 0.00024968565417949934,
   "stage": "coarse"
  },
  {
   "dn": -3000.0,
   "de": -2100.0,
   "cost": 0.0002491462357049209,
   "stage": "coarse"
  },
  {
   "dn": -3000.0,
   "de": -1800.0,
   "cost": 0.00024854813643672457,
   "stage": "coarse"
  },
  {
   "dn": -3000.0,
   "de": -1500.0,
   "cost": 0.0002482601942283439,
   "stage": "coarse"
  },
  {
   "dn": -3000.0,
   "de": -1200.0,
   "cost": 0.00024795985254144246,
   "stage": "coarse"
  },
  {
   "dn": -3000.0,
   "de": -900.0,
   "cost": 0.0002478224404835042,
   "stage": "coarse"
  },
  {
   "dn": -3000.0,
   "de": -600.0,
   "cost": 0.00024748456774774207,
   "stage": "coarse"
  },
  {
   "dn": -3000.0,
   "de": -300.0,
   "cost": 0.00024716911574888253,
   "stage": "coarse"
  },
  {
   "dn": -3000.0,
   "de": 0.0,
   "cost": 0.0002467385417243291,
   "stage": "coarse"
  },
  {
   "dn": -3000.0,
   "de": 300.0,
   "cost": 0.0002463401278501929,
   "stage": "coarse"
  },
  {
   "dn": -3000.0,
   "de": 600.0,
   "cost": 0.0002459186317119161,
   "stage": "coarse"
  },
  {
   "dn": -3000.0,
   "de": 900.0,
   "cost": 0.0002454622634269447,
   "stage": "coarse"
  },
  {
   "dn": -3000.0,
   "de": 1200.0,
   "cost": 0.00024495441698553185,
   "stage": "coarse"
  },
  {
   "dn": -3000.0,
   "de": 1500.0,
   "cost": 0.00024448133149257726,
   "stage": "coarse"
  },
  {
   "dn": -3000.0,
   "de": 1800.0,
   "cost": 0.0002440125614225481,
   "stage": "coarse"
  },
  {
   "dn": -3000.0,
   "de": 2100.0,
   "cost": 0.00024351934640069996,
   "stage": "coarse"
  },
  {
   "dn": -3000.0,
   "de": 2400.0,
   "cost": 0.00024304888327878054,
   "stage": "coarse"
  },
  {
   "dn": -3000.0,
   "de": 2700.0,
   "cost": 0.0002426681112514959,
   "stage": "coarse"
  },
  {
   "dn": -3000.0,
   "de": 3000.0,
   "cost": 0.00024231424507668506,
   "stage": "coarse"
  },
  {
   "dn": -900.0,
   "de": 1800.0,
   "cost": 0.00019337198488396314,
   "stage": "coarse"
  },
  {
   "dn": -900.0,
   "de": 2100.0,
   "cost": 4.7328326568774306e-05,
   "stage": "coarse"
  },
  {
   "dn": -600.0,
   "de": 0.0,
   "cost": 1.3522706876204713e-05,
   "stage": "coarse"
  },
  {
   "dn": -600.0,
   "de": 2100.0,
   "cost": 1.3062088811223918e-05,
   "stage": "coarse"
  },
  {
   "dn": -720.0,
   "de": 2100.0,
   "cost": 1.3022178927154817e-05,
   "stage": "refine_60m"
  },
  {
   "dn": -735.0,
   "de": 2085.0,
   "cost": 1.2160774615566992e-05,
   "stage": "refine_15m"
  }
 ],
 "search_evals": 491,
 "cost": 1.2160774615566992e-05,
 "rms_mrad": 4.931688273921415,
 "n_photos": 1,
 "z_m": 2.0,
 "photos": [
  {
   "file": "PF_new_bodrum1.jpg",
   "fov_deg": 73.74,
   "heading_deg": 149.0,
   "pitch_deg": 1.75,
   "roll_deg": 0.0,
   "weight": 1.0,
   "rms_mrad": 4.931688273921415,
   "heading_offset_deg": -5.4,
   "el_offset_mrad": -10.12290966156711,
   "attitude_source": "prior"
  }
 ],
 "heading_offset_deg": -5.4,
 "el_offset_mrad": -10.12290966156711,
 "fov_deg": 73.74
}
wrote out/bd1/BD1_pitch.json/.png
